Archive member included to satisfy reference by file (symbol)

C:\Users\stefa\Documents\Arduino\ArduinoModbusThesis\ArduinoOutput/..\..\..\..\AppData\Local\Temp\arduino\cores\arduino_megaavr_uno2018_mode_off_562feb5d840ade9a4d13e2c6e32a1829\core.a(UART.cpp.o)
                              C:\Users\stefa\Documents\Arduino\ArduinoModbusThesis\ArduinoOutput\sketch\SMD1204_noLoop.ino.cpp.o (symbol from plugin) (_ZN9UartClass9availableEv)
C:\Users\stefa\Documents\Arduino\ArduinoModbusThesis\ArduinoOutput/..\..\..\..\AppData\Local\Temp\arduino\cores\arduino_megaavr_uno2018_mode_off_562feb5d840ade9a4d13e2c6e32a1829\core.a(UART0.cpp.o)
                              C:\Users\stefa\Documents\Arduino\ArduinoModbusThesis\ArduinoOutput\sketch\SMD1204_noLoop.ino.cpp.o (symbol from plugin) (Serial)
C:\Users\stefa\Documents\Arduino\ArduinoModbusThesis\ArduinoOutput/..\..\..\..\AppData\Local\Temp\arduino\cores\arduino_megaavr_uno2018_mode_off_562feb5d840ade9a4d13e2c6e32a1829\core.a(UART1.cpp.o)
                              C:\Users\stefa\Documents\Arduino\ArduinoModbusThesis\ArduinoOutput\libraries\ArduinoRS485\RS485.cpp.o (symbol from plugin) (Serial1)
C:\Users\stefa\Documents\Arduino\ArduinoModbusThesis\ArduinoOutput/..\..\..\..\AppData\Local\Temp\arduino\cores\arduino_megaavr_uno2018_mode_off_562feb5d840ade9a4d13e2c6e32a1829\core.a(WMath.cpp.o)
                              C:\Users\stefa\Documents\Arduino\ArduinoModbusThesis\ArduinoOutput\libraries\Ethernet3\Dhcp.cpp.o (symbol from plugin) (_Z6randomll)
C:\Users\stefa\Documents\Arduino\ArduinoModbusThesis\ArduinoOutput/..\..\..\..\AppData\Local\Temp\arduino\cores\arduino_megaavr_uno2018_mode_off_562feb5d840ade9a4d13e2c6e32a1829\core.a(abi.cpp.o)
                              C:\Users\stefa\Documents\Arduino\ArduinoModbusThesis\ArduinoOutput\libraries\Ethernet3\EthernetServer.cpp.o (symbol from plugin) (__cxa_pure_virtual)
C:\Users\stefa\Documents\Arduino\ArduinoModbusThesis\ArduinoOutput/..\..\..\..\AppData\Local\Temp\arduino\cores\arduino_megaavr_uno2018_mode_off_562feb5d840ade9a4d13e2c6e32a1829\core.a(IPAddress.cpp.o)
                              C:\Users\stefa\Documents\Arduino\ArduinoModbusThesis\ArduinoOutput\sketch\SMD1204_noLoop.ino.cpp.o (symbol from plugin) (_ZTVN7arduino9IPAddressE)
C:\Users\stefa\Documents\Arduino\ArduinoModbusThesis\ArduinoOutput/..\..\..\..\AppData\Local\Temp\arduino\cores\arduino_megaavr_uno2018_mode_off_562feb5d840ade9a4d13e2c6e32a1829\core.a(Print.cpp.o)
                              C:\Users\stefa\Documents\Arduino\ArduinoModbusThesis\ArduinoOutput\libraries\Ethernet3\EthernetServer.cpp.o (symbol from plugin) (_ZN7arduino5Print5writeEPKhj)
C:\Users\stefa\Documents\Arduino\ArduinoModbusThesis\ArduinoOutput/..\..\..\..\AppData\Local\Temp\arduino\cores\arduino_megaavr_uno2018_mode_off_562feb5d840ade9a4d13e2c6e32a1829\core.a(Stream.cpp.o)
                              C:\Users\stefa\Documents\Arduino\ArduinoModbusThesis\ArduinoOutput\sketch\SMD1204_noLoop.ino.cpp.o (symbol from plugin) (_ZN7arduino6Stream8parseIntENS_13LookaheadModeEc)
C:\Users\stefa\Documents\Arduino\ArduinoModbusThesis\ArduinoOutput/..\..\..\..\AppData\Local\Temp\arduino\cores\arduino_megaavr_uno2018_mode_off_562feb5d840ade9a4d13e2c6e32a1829\core.a(String.cpp.o)
                              C:\Users\stefa\Documents\Arduino\ArduinoModbusThesis\ArduinoOutput\sketch\SMD1204_noLoop.ino.cpp.o (symbol from plugin) (_ZN7arduino6StringD2Ev)
C:\Users\stefa\Documents\Arduino\ArduinoModbusThesis\ArduinoOutput/..\..\..\..\AppData\Local\Temp\arduino\cores\arduino_megaavr_uno2018_mode_off_562feb5d840ade9a4d13e2c6e32a1829\core.a(hooks.c.o)
                              C:\Users\stefa\Documents\Arduino\ArduinoModbusThesis\ArduinoOutput\libraries\HX711\HX711.cpp.o (symbol from plugin) (yield)
C:\Users\stefa\Documents\Arduino\ArduinoModbusThesis\ArduinoOutput/..\..\..\..\AppData\Local\Temp\arduino\cores\arduino_megaavr_uno2018_mode_off_562feb5d840ade9a4d13e2c6e32a1829\core.a(main.cpp.o)
                              c:/users/stefa/appdata/local/arduino15/packages/arduino/tools/avr-gcc/7.3.0-atmel3.6.1-arduino5/bin/../lib/gcc/avr/7.3.0/../../../../avr/lib/avrxmega3/crtatmega4809.o (main)
C:\Users\stefa\Documents\Arduino\ArduinoModbusThesis\ArduinoOutput/..\..\..\..\AppData\Local\Temp\arduino\cores\arduino_megaavr_uno2018_mode_off_562feb5d840ade9a4d13e2c6e32a1829\core.a(new.cpp.o)
                              C:\Users\stefa\Documents\Arduino\ArduinoModbusThesis\ArduinoOutput\libraries\Ethernet3\Ethernet3.cpp.o (symbol from plugin) (_Znwj)
C:\Users\stefa\Documents\Arduino\ArduinoModbusThesis\ArduinoOutput/..\..\..\..\AppData\Local\Temp\arduino\cores\arduino_megaavr_uno2018_mode_off_562feb5d840ade9a4d13e2c6e32a1829\core.a(wiring.c.o)
                              C:\Users\stefa\Documents\Arduino\ArduinoModbusThesis\ArduinoOutput\libraries\SPI\SPI.cpp.o (symbol from plugin) (F_CPU_CORRECTED)
[...]
Memory Configuration

Name             Origin             Length             Attributes
text             0x00000000         0x00100000         xr
data             0x00802000         0x0000ffa0         rw !x
eeprom           0x00810000         0x00010000         rw !x
fuse             0x00820000         0x00000009         rw !x
lock             0x00830000         0x00000400         rw !x
signature        0x00840000         0x00000400         rw !x
user_signatures  0x00850000         0x00000400         rw !x
*default*        0x00000000         0xffffffff

Linker script and memory map

Address of section .data set to 0x802800
                0x00004000                __RODATA_PM_OFFSET__ = 0x4000
LOAD c:/users/stefa/appdata/local/arduino15/packages/arduino/tools/avr-gcc/7.3.0-atmel3.6.1-arduino5/bin/../lib/gcc/avr/7.3.0/../../../../avr/lib/avrxmega3/crtatmega4809.o
Address of section .text set to 0x200
LOAD C:\Users\stefa\Documents\Arduino\ArduinoModbusThesis\ArduinoOutput\sketch\SMD1204_noLoop.ino.cpp.o
LOAD C:\Users\stefa\AppData\Local\Temp\ccpgx29L.ltrans0.ltrans.o
LOAD C:\Users\stefa\Documents\Arduino\ArduinoModbusThesis\ArduinoOutput\libraries\SPI\SPI.cpp.o
LOAD C:\Users\stefa\Documents\Arduino\ArduinoModbusThesis\ArduinoOutput\libraries\Ethernet3\Dhcp.cpp.o
LOAD C:\Users\stefa\Documents\Arduino\ArduinoModbusThesis\ArduinoOutput\libraries\Ethernet3\Dns.cpp.o
LOAD C:\Users\stefa\Documents\Arduino\ArduinoModbusThesis\ArduinoOutput\libraries\Ethernet3\Ethernet3.cpp.o
LOAD C:\Users\stefa\Documents\Arduino\ArduinoModbusThesis\ArduinoOutput\libraries\Ethernet3\EthernetClient.cpp.o
LOAD C:\Users\stefa\Documents\Arduino\ArduinoModbusThesis\ArduinoOutput\libraries\Ethernet3\EthernetServer.cpp.o
LOAD C:\Users\stefa\Documents\Arduino\ArduinoModbusThesis\ArduinoOutput\libraries\Ethernet3\EthernetUdp3.cpp.o
LOAD C:\Users\stefa\Documents\Arduino\ArduinoModbusThesis\ArduinoOutput\libraries\Ethernet3\utility\socket.cpp.o
LOAD C:\Users\stefa\Documents\Arduino\ArduinoModbusThesis\ArduinoOutput\libraries\Ethernet3\utility\w5500.cpp.o
LOAD C:\Users\stefa\Documents\Arduino\ArduinoModbusThesis\ArduinoOutput\libraries\ArduinoRS485\RS485.cpp.o
LOAD C:\Users\stefa\Documents\Arduino\ArduinoModbusThesis\ArduinoOutput\libraries\ArduinoModbus\ModbusClient.cpp.o
LOAD C:\Users\stefa\Documents\Arduino\ArduinoModbusThesis\ArduinoOutput\libraries\ArduinoModbus\ModbusRTUClient.cpp.o
LOAD C:\Users\stefa\Documents\Arduino\ArduinoModbusThesis\ArduinoOutput\libraries\ArduinoModbus\ModbusRTUServer.cpp.o
LOAD C:\Users\stefa\Documents\Arduino\ArduinoModbusThesis\ArduinoOutput\libraries\ArduinoModbus\ModbusServer.cpp.o
LOAD C:\Users\stefa\Documents\Arduino\ArduinoModbusThesis\ArduinoOutput\libraries\ArduinoModbus\ModbusTCPClient.cpp.o
LOAD C:\Users\stefa\Documents\Arduino\ArduinoModbusThesis\ArduinoOutput\libraries\ArduinoModbus\ModbusTCPServer.cpp.o
LOAD C:\Users\stefa\Documents\Arduino\ArduinoModbusThesis\ArduinoOutput\libraries\ArduinoModbus\libmodbus\modbus-data.c.o
LOAD C:\Users\stefa\Documents\Arduino\ArduinoModbusThesis\ArduinoOutput\libraries\ArduinoModbus\libmodbus\modbus-rtu.cpp.o
LOAD C:\Users\stefa\Documents\Arduino\ArduinoModbusThesis\ArduinoOutput\libraries\ArduinoModbus\libmodbus\modbus-tcp.cpp.o
LOAD C:\Users\stefa\Documents\Arduino\ArduinoModbusThesis\ArduinoOutput\libraries\ArduinoModbus\libmodbus\modbus.c.o
LOAD C:\Users\stefa\Documents\Arduino\ArduinoModbusThesis\ArduinoOutput\libraries\HX711\HX711.cpp.o
LOAD C:\Users\stefa\Documents\Arduino\ArduinoModbusThesis\ArduinoOutput\core\variant.c.o
LOAD C:\Users\stefa\Documents\Arduino\ArduinoModbusThesis\ArduinoOutput/..\..\..\..\AppData\Local\Temp\arduino\cores\arduino_megaavr_uno2018_mode_off_562feb5d840ade9a4d13e2c6e32a1829\core.a
LOAD c:/users/stefa/appdata/local/arduino15/packages/arduino/tools/avr-gcc/7.3.0-atmel3.6.1-arduino5/bin/../lib/gcc/avr/7.3.0/../../../../avr/lib/avrxmega3\libm.a
START GROUP
LOAD c:/users/stefa/appdata/local/arduino15/packages/arduino/tools/avr-gcc/7.3.0-atmel3.6.1-arduino5/bin/../lib/gcc/avr/7.3.0/avrxmega3\libgcc.a
LOAD c:/users/stefa/appdata/local/arduino15/packages/arduino/tools/avr-gcc/7.3.0-atmel3.6.1-arduino5/bin/../lib/gcc/avr/7.3.0/../../../../avr/lib/avrxmega3\libm.a
LOAD c:/users/stefa/appdata/local/arduino15/packages/arduino/tools/avr-gcc/7.3.0-atmel3.6.1-arduino5/bin/../lib/gcc/avr/7.3.0/../../../../avr/lib/avrxmega3\libc.a
LOAD c:/users/stefa/appdata/local/arduino15/packages/arduino/tools/avr-gcc/7.3.0-atmel3.6.1-arduino5/bin/../lib/gcc/avr/7.3.0/../../../../avr/lib/avrxmega3\libatmega4809.a
END GROUP
                0x00100000                __TEXT_REGION_LENGTH__ = DEFINED (__TEXT_REGION_LENGTH__)?__TEXT_REGION_LENGTH__:0x100000
                0x0000ffa0                __DATA_REGION_LENGTH__ = DEFINED (__DATA_REGION_LENGTH__)?__DATA_REGION_LENGTH__:0xffa0
                0x00010000                __EEPROM_REGION_LENGTH__ = DEFINED (__EEPROM_REGION_LENGTH__)?__EEPROM_REGION_LENGTH__:0x10000
                [0x00000009]                __FUSE_REGION_LENGTH__ = DEFINED (__FUSE_REGION_LENGTH__)?__FUSE_REGION_LENGTH__:0x400
                0x00000400                __LOCK_REGION_LENGTH__ = DEFINED (__LOCK_REGION_LENGTH__)?__LOCK_REGION_LENGTH__:0x400
                0x00000400                __SIGNATURE_REGION_LENGTH__ = DEFINED (__SIGNATURE_REGION_LENGTH__)?__SIGNATURE_REGION_LENGTH__:0x400
                0x00000400                __USER_SIGNATURE_REGION_LENGTH__ = DEFINED (__USER_SIGNATURE_REGION_LENGTH__)?__USER_SIGNATURE_REGION_LENGTH__:0x400
                0x00008000                __RODATA_PM_OFFSET__ = DEFINED (__RODATA_PM_OFFSET__)?__RODATA_PM_OFFSET__:0x8000

.hash
 *(.hash)

.dynsym
 *(.dynsym)

.dynstr
 *(.dynstr)

.gnu.version
 *(.gnu.version)

.gnu.version_d
 *(.gnu.version_d)

.gnu.version_r
 *(.gnu.version_r)

.rel.init
 *(.rel.init)

.rela.init
 *(.rela.init)

.rel.text
 *(.rel.text)
 *(.rel.text.*)
 *(.rel.gnu.linkonce.t*)

.rela.text
 *(.rela.text)
 *(.rela.text.*)
 *(.rela.gnu.linkonce.t*)

.rel.fini
 *(.rel.fini)

.rela.fini
 *(.rela.fini)

.rel.rodata
 *(.rel.rodata)
 *(.rel.rodata.*)
 *(.rel.gnu.linkonce.r*)

.rela.rodata
 *(.rela.rodata)
 *(.rela.rodata.*)
 *(.rela.gnu.linkonce.r*)

.rel.data
 *(.rel.data)
 *(.rel.data.*)
 *(.rel.gnu.linkonce.d*)

.rela.data
 *(.rela.data)
 *(.rela.data.*)
 *(.rela.gnu.linkonce.d*)

.rel.ctors
 *(.rel.ctors)

.rela.ctors
 *(.rela.ctors)

.rel.dtors
 *(.rel.dtors)

.rela.dtors
 *(.rela.dtors)

.rel.got
 *(.rel.got)

.rela.got
 *(.rela.got)

.rel.bss
 *(.rel.bss)

.rela.bss
 *(.rela.bss)

.rel.plt
 *(.rel.plt)

.rela.plt
 *(.rela.plt)

.text           0x00000200     0x79e8
 *(.vectors)
 .vectors       0x00000200       0xa0 c:/users/stefa/appdata/local/arduino15/packages/arduino/tools/avr-gcc/7.3.0-atmel3.6.1-arduino5/bin/../lib/gcc/avr/7.3.0/../../../../avr/lib/avrxmega3/crtatmega4809.o
                0x00000200                __vector_default
                0x00000200                __vectors
 *(.vectors)
 *(.progmem.gcc*)
                0x000002a0                . = ALIGN (0x2)
                0x000002a0                __trampolines_start = .
 *(.trampolines)
 .trampolines   0x000002a0        0x0 linker stubs
 *(.trampolines*)
                0x000002a0                __trampolines_end = .
 *libprintf_flt.a:*(.progmem.data)
 *libc.a:*(.progmem.data)
 .progmem.data  0x000002a0       0xfa c:/users/stefa/appdata/local/arduino15/packages/arduino/tools/avr-gcc/7.3.0-atmel3.6.1-arduino5/bin/../lib/gcc/avr/7.3.0/../../../../avr/lib/avrxmega3\libc.a(ftoa_engine.o)
 *(.progmem*)
                0x0000039a                . = ALIGN (0x2)
 *(.jumptables)
 *(.jumptables*)
 *(.lowtext)
 *(.lowtext*)
                0x0000039a                __ctors_start = .
 *(.ctors)
 .ctors         0x0000039a        0x2 C:\Users\stefa\AppData\Local\Temp\ccpgx29L.ltrans0.ltrans.o
                0x0000039c                __ctors_end = .
                0x0000039c                __dtors_start = .
 *(.dtors)
 .dtors         0x0000039c        0x2 C:\Users\stefa\AppData\Local\Temp\ccpgx29L.ltrans0.ltrans.o
                0x0000039e                __dtors_end = .
 SORT(*)(.ctors)
 SORT(*)(.dtors)
 *(.init0)
 .init0         0x0000039e        0x0 c:/users/stefa/appdata/local/arduino15/packages/arduino/tools/avr-gcc/7.3.0-atmel3.6.1-arduino5/bin/../lib/gcc/avr/7.3.0/../../../../avr/lib/avrxmega3/crtatmega4809.o
                0x0000039e                __init
 *(.init0)
 *(.init1)
 *(.init1)
 *(.init2)
 .init2         0x0000039e        0xc c:/users/stefa/appdata/local/arduino15/packages/arduino/tools/avr-gcc/7.3.0-atmel3.6.1-arduino5/bin/../lib/gcc/avr/7.3.0/../../../../avr/lib/avrxmega3/crtatmega4809.o
 *(.init2)
 *(.init3)
 *(.init3)
 *(.init4)
 .init4         0x000003aa       0x16 c:/users/stefa/appdata/local/arduino15/packages/arduino/tools/avr-gcc/7.3.0-atmel3.6.1-arduino5/bin/../lib/gcc/avr/7.3.0/avrxmega3\libgcc.a(_copy_data.o)
                0x000003aa                __do_copy_data
 .init4         0x000003c0       0x10 c:/users/stefa/appdata/local/arduino15/packages/arduino/tools/avr-gcc/7.3.0-atmel3.6.1-arduino5/bin/../lib/gcc/avr/7.3.0/avrxmega3\libgcc.a(_clear_bss.o)
                0x000003c0                __do_clear_bss
 *(.init4)
 *(.init5)
 *(.init5)
 *(.init6)
 .init6         0x000003d0       0x16 c:/users/stefa/appdata/local/arduino15/packages/arduino/tools/avr-gcc/7.3.0-atmel3.6.1-arduino5/bin/../lib/gcc/avr/7.3.0/avrxmega3\libgcc.a(_ctors.o)
                0x000003d0                __do_global_ctors
 *(.init6)
 *(.init7)
 *(.init7)
 *(.init8)
 *(.init8)
 *(.init9)
 .init9         0x000003e6        0x8 c:/users/stefa/appdata/local/arduino15/packages/arduino/tools/avr-gcc/7.3.0-atmel3.6.1-arduino5/bin/../lib/gcc/avr/7.3.0/../../../../avr/lib/avrxmega3/crtatmega4809.o
 *(.init9)
 *(.text)
 .text          0x000003ee        0x4 c:/users/stefa/appdata/local/arduino15/packages/arduino/tools/avr-gcc/7.3.0-atmel3.6.1-arduino5/bin/../lib/gcc/avr/7.3.0/../../../../avr/lib/avrxmega3/crtatmega4809.o
                0x000003ee                __vector_22
                0x000003ee                __vector_28
                0x000003ee                __vector_1
                0x000003ee                __vector_32
                0x000003ee                __vector_34
                0x000003ee                __vector_24
                0x000003ee                __vector_12
                0x000003ee                __bad_interrupt
                0x000003ee                __vector_6
                0x000003ee                __vector_31
                0x000003ee                __vector_35
                0x000003ee                __vector_39
                0x000003ee                __vector_3
                0x000003ee                __vector_23
                0x000003ee                __vector_30
                0x000003ee                __vector_25
                0x000003ee                __vector_11
                0x000003ee                __vector_13
                0x000003ee                __vector_17
                0x000003ee                __vector_19
                0x000003ee                __vector_7
                0x000003ee                __vector_5
                0x000003ee                __vector_33
                0x000003ee                __vector_4
                0x000003ee                __vector_9
                0x000003ee                __vector_2
                0x000003ee                __vector_21
                0x000003ee                __vector_15
                0x000003ee                __vector_29
                0x000003ee                __vector_8
                0x000003ee                __vector_14
                0x000003ee                __vector_10
                0x000003ee                __vector_16
                0x000003ee                __vector_18
                0x000003ee                __vector_20
 .text          0x000003f2     0x5348 C:\Users\stefa\AppData\Local\Temp\ccpgx29L.ltrans0.ltrans.o
                0x00005542                __vector_36
                0x0000560a                __vector_27
                0x00005656                __vector_26
                0x000056a2                __vector_38
                0x000056ee                __vector_37
                0x0000573a                . = ALIGN (0x2)
 *(.text.*)
 .text.exit     0x0000573a       0x18 C:\Users\stefa\AppData\Local\Temp\ccpgx29L.ltrans0.ltrans.o
 .text.startup  0x00005752     0x10a0 C:\Users\stefa\AppData\Local\Temp\ccpgx29L.ltrans0.ltrans.o
                0x00005aa2                main
 .text.avr-libc
                0x000067f2       0x3c c:/users/stefa/appdata/local/arduino15/packages/arduino/tools/avr-gcc/7.3.0-atmel3.6.1-arduino5/bin/../lib/gcc/avr/7.3.0/../../../../avr/lib/avrxmega3\libc.a(dtostrf.o)
                0x000067f2                dtostrf
 .text.avr-libc
                0x0000682e      0x2be c:/users/stefa/appdata/local/arduino15/packages/arduino/tools/avr-gcc/7.3.0-atmel3.6.1-arduino5/bin/../lib/gcc/avr/7.3.0/../../../../avr/lib/avrxmega3\libc.a(dtoa_prf.o)
                0x0000682e                dtoa_prf
 .text.avr-libc
                0x00006aec      0x1b0 c:/users/stefa/appdata/local/arduino15/packages/arduino/tools/avr-gcc/7.3.0-atmel3.6.1-arduino5/bin/../lib/gcc/avr/7.3.0/../../../../avr/lib/avrxmega3\libc.a(ftoa_engine.o)
                0x00006aec                __ftoa_engine
 .text.avr-libc.fplib
                0x00006c9c        0xa c:/users/stefa/appdata/local/arduino15/packages/arduino/tools/avr-gcc/7.3.0-atmel3.6.1-arduino5/bin/../lib/gcc/avr/7.3.0/../../../../avr/lib/avrxmega3\libc.a(cmpsf2.o)
                0x00006c9c                __nesf2
                0x00006c9c                __eqsf2
                0x00006c9c                __cmpsf2
                0x00006c9c                __ltsf2
                0x00006c9c                __lesf2
 .text.avr-libc.fplib
                0x00006ca6       0x7a c:/users/stefa/appdata/local/arduino15/packages/arduino/tools/avr-gcc/7.3.0-atmel3.6.1-arduino5/bin/../lib/gcc/avr/7.3.0/../../../../avr/lib/avrxmega3\libc.a(floatsisf.o)
                0x00006ca6                __floatunsisf
                0x00006caa                __floatsisf
 .text.avr-libc.fplib
                0x00006d20       0x48 c:/users/stefa/appdata/local/arduino15/packages/arduino/tools/avr-gcc/7.3.0-atmel3.6.1-arduino5/bin/../lib/gcc/avr/7.3.0/../../../../avr/lib/avrxmega3\libc.a(fp_cmp.o)
                0x00006d20                __fp_cmp
 .text.avr-libc.fplib
                0x00006d68        0x8 c:/users/stefa/appdata/local/arduino15/packages/arduino/tools/avr-gcc/7.3.0-atmel3.6.1-arduino5/bin/../lib/gcc/avr/7.3.0/../../../../avr/lib/avrxmega3\libc.a(mulsf3.o)
                0x00006d68                __mulsf3
 .text.avr-libc.fplib
                0x00006d70       0xd2 c:/users/stefa/appdata/local/arduino15/packages/arduino/tools/avr-gcc/7.3.0-atmel3.6.1-arduino5/bin/../lib/gcc/avr/7.3.0/../../../../avr/lib/avrxmega3\libc.a(mulsf3x.o)
                0x00006d8e                __mulsf3x
                0x00006d94                __mulsf3_pse
 .text.avr-libc.fplib
                0x00006e42        0xc c:/users/stefa/appdata/local/arduino15/packages/arduino/tools/avr-gcc/7.3.0-atmel3.6.1-arduino5/bin/../lib/gcc/avr/7.3.0/../../../../avr/lib/avrxmega3\libc.a(fp_inf.o)
                0x00006e42                __fp_inf
 .text.avr-libc.fplib
                0x00006e4e        0x6 c:/users/stefa/appdata/local/arduino15/packages/arduino/tools/avr-gcc/7.3.0-atmel3.6.1-arduino5/bin/../lib/gcc/avr/7.3.0/../../../../avr/lib/avrxmega3\libc.a(fp_nan.o)
                0x00006e4e                __fp_nan
 .text.avr-libc.fplib
                0x00006e54        0xe c:/users/stefa/appdata/local/arduino15/packages/arduino/tools/avr-gcc/7.3.0-atmel3.6.1-arduino5/bin/../lib/gcc/avr/7.3.0/../../../../avr/lib/avrxmega3\libc.a(fp_pscA.o)
                0x00006e54                __fp_pscA
 .text.avr-libc.fplib
                0x00006e62        0xe c:/users/stefa/appdata/local/arduino15/packages/arduino/tools/avr-gcc/7.3.0-atmel3.6.1-arduino5/bin/../lib/gcc/avr/7.3.0/../../../../avr/lib/avrxmega3\libc.a(fp_pscB.o)
                0x00006e62                __fp_pscB
 .text.avr-libc.fplib
                0x00006e70       0x22 c:/users/stefa/appdata/local/arduino15/packages/arduino/tools/avr-gcc/7.3.0-atmel3.6.1-arduino5/bin/../lib/gcc/avr/7.3.0/../../../../avr/lib/avrxmega3\libc.a(fp_round.o)
                0x00006e70                __fp_round
 .text.avr-libc.fplib
                0x00006e92       0x44 c:/users/stefa/appdata/local/arduino15/packages/arduino/tools/avr-gcc/7.3.0-atmel3.6.1-arduino5/bin/../lib/gcc/avr/7.3.0/../../../../avr/lib/avrxmega3\libc.a(fp_split3.o)
                0x00006e92                __fp_split3
                0x00006ea2                __fp_splitA
 .text.avr-libc.fplib
                0x00006ed6        0xe c:/users/stefa/appdata/local/arduino15/packages/arduino/tools/avr-gcc/7.3.0-atmel3.6.1-arduino5/bin/../lib/gcc/avr/7.3.0/../../../../avr/lib/avrxmega3\libc.a(fp_zero.o)
                0x00006ed6                __fp_zero
                0x00006ed8                __fp_szero
 .text.libgcc.div
                0x00006ee4       0x2e c:/users/stefa/appdata/local/arduino15/packages/arduino/tools/avr-gcc/7.3.0-atmel3.6.1-arduino5/bin/../lib/gcc/avr/7.3.0/avrxmega3\libgcc.a(_divmodsi4.o)
                0x00006ee4                __divmodsi4
 .text.libgcc.div
                0x00006f12       0x10 c:/users/stefa/appdata/local/arduino15/packages/arduino/tools/avr-gcc/7.3.0-atmel3.6.1-arduino5/bin/../lib/gcc/avr/7.3.0/avrxmega3\libgcc.a(_negsi2.o)
                0x00006f12                __negsi2
 .text.libgcc.mul
                0x00006f22       0x16 c:/users/stefa/appdata/local/arduino15/packages/arduino/tools/avr-gcc/7.3.0-atmel3.6.1-arduino5/bin/../lib/gcc/avr/7.3.0/avrxmega3\libgcc.a(_muluhisi3.o)
                0x00006f22                __muluhisi3
 .text.libgcc.mul
                0x00006f38       0x10 c:/users/stefa/appdata/local/arduino15/packages/arduino/tools/avr-gcc/7.3.0-atmel3.6.1-arduino5/bin/../lib/gcc/avr/7.3.0/avrxmega3\libgcc.a(_mulshisi3.o)
                0x00006f38                __mulshisi3
                0x00006f3e                __mulohisi3
 .text.libgcc.prologue
                0x00006f48       0x32 c:/users/stefa/appdata/local/arduino15/packages/arduino/tools/avr-gcc/7.3.0-atmel3.6.1-arduino5/bin/../lib/gcc/avr/7.3.0/avrxmega3\libgcc.a(_prologue.o)
                0x00006f48                __prologue_saves__
 .text.libgcc.prologue
                0x00006f7a       0x30 c:/users/stefa/appdata/local/arduino15/packages/arduino/tools/avr-gcc/7.3.0-atmel3.6.1-arduino5/bin/../lib/gcc/avr/7.3.0/avrxmega3\libgcc.a(_epilogue.o)
                0x00006f7a                __epilogue_restores__
 .text.libgcc.div
                0x00006faa       0x44 c:/users/stefa/appdata/local/arduino15/packages/arduino/tools/avr-gcc/7.3.0-atmel3.6.1-arduino5/bin/../lib/gcc/avr/7.3.0/avrxmega3\libgcc.a(_udivmodsi4.o)
                0x00006faa                __udivmodsi4
 .text.libgcc.mul
                0x00006fee       0x1e c:/users/stefa/appdata/local/arduino15/packages/arduino/tools/avr-gcc/7.3.0-atmel3.6.1-arduino5/bin/../lib/gcc/avr/7.3.0/avrxmega3\libgcc.a(_umulhisi3.o)
                0x00006fee                __umulhisi3
 .text.avr-libc.fplib
                0x0000700c        0xe c:/users/stefa/appdata/local/arduino15/packages/arduino/tools/avr-gcc/7.3.0-atmel3.6.1-arduino5/bin/../lib/gcc/avr/7.3.0/../../../../avr/lib/avrxmega3\libm.a(addsf3.o)
                0x0000700c                __subsf3
                0x0000700e                __addsf3
 .text.avr-libc.fplib
                0x0000701a       0xcc c:/users/stefa/appdata/local/arduino15/packages/arduino/tools/avr-gcc/7.3.0-atmel3.6.1-arduino5/bin/../lib/gcc/avr/7.3.0/../../../../avr/lib/avrxmega3\libm.a(addsf3x.o)
                0x0000703c                __addsf3x
 .text.avr-libc.fplib
                0x000070e6        0x8 c:/users/stefa/appdata/local/arduino15/packages/arduino/tools/avr-gcc/7.3.0-atmel3.6.1-arduino5/bin/../lib/gcc/avr/7.3.0/../../../../avr/lib/avrxmega3\libm.a(divsf3.o)
                0x000070e6                __divsf3
 .text.avr-libc.fplib
                0x000070ee       0xdc c:/users/stefa/appdata/local/arduino15/packages/arduino/tools/avr-gcc/7.3.0-atmel3.6.1-arduino5/bin/../lib/gcc/avr/7.3.0/../../../../avr/lib/avrxmega3\libm.a(divsf3x.o)
                0x0000710e                __divsf3x
                0x00007114                __divsf3_pse
 .text.avr-libc.fplib
                0x000071ca        0xe c:/users/stefa/appdata/local/arduino15/packages/arduino/tools/avr-gcc/7.3.0-atmel3.6.1-arduino5/bin/../lib/gcc/avr/7.3.0/../../../../avr/lib/avrxmega3\libm.a(fixsfsi.o)
                0x000071ca                __fixsfsi
 .text.avr-libc.fplib
                0x000071d8       0x5e c:/users/stefa/appdata/local/arduino15/packages/arduino/tools/avr-gcc/7.3.0-atmel3.6.1-arduino5/bin/../lib/gcc/avr/7.3.0/../../../../avr/lib/avrxmega3\libm.a(fixunssfsi.o)
                0x000071d8                __fixunssfsi
 .text.avr-libc.fplib
                0x00007236        0xa c:/users/stefa/appdata/local/arduino15/packages/arduino/tools/avr-gcc/7.3.0-atmel3.6.1-arduino5/bin/../lib/gcc/avr/7.3.0/../../../../avr/lib/avrxmega3\libm.a(gesf2.o)
                0x00007236                __gesf2
                0x00007236                __gtsf2
 .text.libgcc.div
                0x00007240       0x28 c:/users/stefa/appdata/local/arduino15/packages/arduino/tools/avr-gcc/7.3.0-atmel3.6.1-arduino5/bin/../lib/gcc/avr/7.3.0/avrxmega3\libgcc.a(_udivmodhi4.o)
                0x00007240                __udivmodhi4
 .text.libgcc   0x00007268        0xc c:/users/stefa/appdata/local/arduino15/packages/arduino/tools/avr-gcc/7.3.0-atmel3.6.1-arduino5/bin/../lib/gcc/avr/7.3.0/avrxmega3\libgcc.a(_tablejump2.o)
                0x00007268                __tablejump2__
 .text.libgcc.builtins
                0x00007274       0x3a c:/users/stefa/appdata/local/arduino15/packages/arduino/tools/avr-gcc/7.3.0-atmel3.6.1-arduino5/bin/../lib/gcc/avr/7.3.0/avrxmega3\libgcc.a(_ashrdi3.o)
                0x00007274                __ashrdi3
                0x00007278                __lshrdi3
 .text.libgcc   0x000072ae       0x18 c:/users/stefa/appdata/local/arduino15/packages/arduino/tools/avr-gcc/7.3.0-atmel3.6.1-arduino5/bin/../lib/gcc/avr/7.3.0/avrxmega3\libgcc.a(_cmpdi2_s8.o)
                0x000072ae                __cmpdi2_s8
 .text.avr-libc
                0x000072c6      0x24a c:/users/stefa/appdata/local/arduino15/packages/arduino/tools/avr-gcc/7.3.0-atmel3.6.1-arduino5/bin/../lib/gcc/avr/7.3.0/../../../../avr/lib/avrxmega3\libc.a(malloc.o)
                0x000072c6                malloc
                0x000073fe                free
 .text.avr-libc
                0x00007510      0x17a c:/users/stefa/appdata/local/arduino15/packages/arduino/tools/avr-gcc/7.3.0-atmel3.6.1-arduino5/bin/../lib/gcc/avr/7.3.0/../../../../avr/lib/avrxmega3\libc.a(realloc.o)
                0x00007510                realloc
 .text.avr-libc
                0x0000768a        0xa c:/users/stefa/appdata/local/arduino15/packages/arduino/tools/avr-gcc/7.3.0-atmel3.6.1-arduino5/bin/../lib/gcc/avr/7.3.0/../../../../avr/lib/avrxmega3\libc.a(abort.o)
                0x0000768a                abort
 .text.avr-libc
                0x00007694       0x1a c:/users/stefa/appdata/local/arduino15/packages/arduino/tools/avr-gcc/7.3.0-atmel3.6.1-arduino5/bin/../lib/gcc/avr/7.3.0/../../../../avr/lib/avrxmega3\libc.a(memcmp.o)
                0x00007694                memcmp
 .text.avr-libc
                0x000076ae       0x12 c:/users/stefa/appdata/local/arduino15/packages/arduino/tools/avr-gcc/7.3.0-atmel3.6.1-arduino5/bin/../lib/gcc/avr/7.3.0/../../../../avr/lib/avrxmega3\libc.a(memcpy.o)
                0x000076ae                memcpy
 .text.avr-libc
                0x000076c0       0x12 c:/users/stefa/appdata/local/arduino15/packages/arduino/tools/avr-gcc/7.3.0-atmel3.6.1-arduino5/bin/../lib/gcc/avr/7.3.0/../../../../avr/lib/avrxmega3\libc.a(strcmp.o)
                0x000076c0                strcmp
 .text.avr-libc
                0x000076d2      0x3b4 c:/users/stefa/appdata/local/arduino15/packages/arduino/tools/avr-gcc/7.3.0-atmel3.6.1-arduino5/bin/../lib/gcc/avr/7.3.0/../../../../avr/lib/avrxmega3\libc.a(vfprintf_std.o)
                0x000076d2                vfprintf
 .text.avr-libc
                0x00007a86       0x16 c:/users/stefa/appdata/local/arduino15/packages/arduino/tools/avr-gcc/7.3.0-atmel3.6.1-arduino5/bin/../lib/gcc/avr/7.3.0/../../../../avr/lib/avrxmega3\libc.a(strnlen_P.o)
                0x00007a86                strnlen_P
 .text.avr-libc
                0x00007a9c       0x16 c:/users/stefa/appdata/local/arduino15/packages/arduino/tools/avr-gcc/7.3.0-atmel3.6.1-arduino5/bin/../lib/gcc/avr/7.3.0/../../../../avr/lib/avrxmega3\libc.a(strnlen.o)
                0x00007a9c                strnlen
 .text.avr-libc
                0x00007ab2       0x60 c:/users/stefa/appdata/local/arduino15/packages/arduino/tools/avr-gcc/7.3.0-atmel3.6.1-arduino5/bin/../lib/gcc/avr/7.3.0/../../../../avr/lib/avrxmega3\libc.a(fputc.o)
                0x00007ab2                fputc
 .text.avr-libc
                0x00007b12       0xbc c:/users/stefa/appdata/local/arduino15/packages/arduino/tools/avr-gcc/7.3.0-atmel3.6.1-arduino5/bin/../lib/gcc/avr/7.3.0/../../../../avr/lib/avrxmega3\libc.a(ultoa_invert.o)
                0x00007b12                __ultoa_invert
                0x00007bce                . = ALIGN (0x2)
 *(.fini9)
 .fini9         0x00007bce        0x0 c:/users/stefa/appdata/local/arduino15/packages/arduino/tools/avr-gcc/7.3.0-atmel3.6.1-arduino5/bin/../lib/gcc/avr/7.3.0/avrxmega3\libgcc.a(_exit.o)
                0x00007bce                _exit
                0x00007bce                exit
 *(.fini9)
 *(.fini8)
 *(.fini8)
 *(.fini7)
 *(.fini7)
 *(.fini6)
 .fini6         0x00007bce       0x16 c:/users/stefa/appdata/local/arduino15/packages/arduino/tools/avr-gcc/7.3.0-atmel3.6.1-arduino5/bin/../lib/gcc/avr/7.3.0/avrxmega3\libgcc.a(_dtors.o)
                0x00007bce                __do_global_dtors
 *(.fini6)
 *(.fini5)
 *(.fini5)
 *(.fini4)
 *(.fini4)
 *(.fini3)
 *(.fini3)
 *(.fini2)
 *(.fini2)
 *(.fini1)
 *(.fini1)
 *(.fini0)
 .fini0         0x00007be4        0x4 c:/users/stefa/appdata/local/arduino15/packages/arduino/tools/avr-gcc/7.3.0-atmel3.6.1-arduino5/bin/../lib/gcc/avr/7.3.0/avrxmega3\libgcc.a(_exit.o)
 *(.fini0)
                0x00007be8                _etext = .

.rodata         0x0000bbe8      0x731 load address 0x00007be8
 *(.rodata)
 .rodata        0x0000bbe8      0x1be C:\Users\stefa\AppData\Local\Temp\ccpgx29L.ltrans0.ltrans.o
 *(.rodata*)
 .rodata.str1.1
                0x0000bda6      0x573 C:\Users\stefa\AppData\Local\Temp\ccpgx29L.ltrans0.ltrans.o
                                0x57b (size before relaxing)
 *(.gnu.linkonce.r*)

.data           0x00802800       0x14 load address 0x00008319
                0x00802800                PROVIDE (__data_start, .)
 *(.data)
 .data          0x00802800        0xd C:\Users\stefa\AppData\Local\Temp\ccpgx29L.ltrans0.ltrans.o
 .data          0x0080280d        0x6 c:/users/stefa/appdata/local/arduino15/packages/arduino/tools/avr-gcc/7.3.0-atmel3.6.1-arduino5/bin/../lib/gcc/avr/7.3.0/../../../../avr/lib/avrxmega3\libc.a(malloc.o)
                0x0080280d                __malloc_heap_end
                0x0080280f                __malloc_heap_start
                0x00802811                __malloc_margin
 *(.data*)
 *(.gnu.linkonce.d*)
                0x00802814                . = ALIGN (0x2)
 *fill*         0x00802813        0x1 
                0x00802814                _edata = .
                0x00802814                PROVIDE (__data_end, .)

.bss            0x00802814      0x2e1
                0x00802814                PROVIDE (__bss_start, .)
 *(.bss)
 .bss           0x00802814      0x2d5 C:\Users\stefa\AppData\Local\Temp\ccpgx29L.ltrans0.ltrans.o
 *(.bss*)
 *(COMMON)
 COMMON         0x00802ae9        0x2 c:/users/stefa/appdata/local/arduino15/packages/arduino/tools/avr-gcc/7.3.0-atmel3.6.1-arduino5/bin/../lib/gcc/avr/7.3.0/../../../../avr/lib/avrxmega3\libc.a(errno.o)
                0x00802ae9                errno
 COMMON         0x00802aeb        0x6 c:/users/stefa/appdata/local/arduino15/packages/arduino/tools/avr-gcc/7.3.0-atmel3.6.1-arduino5/bin/../lib/gcc/avr/7.3.0/../../../../avr/lib/avrxmega3\libc.a(iob.o)
                0x00802aeb                __iob
 COMMON         0x00802af1        0x4 c:/users/stefa/appdata/local/arduino15/packages/arduino/tools/avr-gcc/7.3.0-atmel3.6.1-arduino5/bin/../lib/gcc/avr/7.3.0/../../../../avr/lib/avrxmega3\libc.a(malloc.o)
                0x00802af1                __brkval
                0x00802af3                __flp
                0x00802af5                PROVIDE (__bss_end, .)
                0x00008319                __data_load_start = LOADADDR (.data)
                0x0000832d                __data_load_end = (__data_load_start + SIZEOF (.data))

.noinit         0x00802af5        0x0
                [!provide]                PROVIDE (__noinit_start, .)
 *(.noinit*)
                [!provide]                PROVIDE (__noinit_end, .)
                0x00802af5                _end = .
                0x00802af5                PROVIDE (__heap_start, .)

.eeprom         0x00810000        0x0
 *(.eeprom*)
                0x00810000                __eeprom_end = .

.fuse
 *(.fuse)
 *(.lfuse)
 *(.hfuse)
 *(.efuse)

.lock
 *(.lock*)

.signature
 *(.signature*)

.user_signatures
 *(.user_signatures*)

.stab
 *(.stab)

.stabstr
 *(.stabstr)

.stab.excl
 *(.stab.excl)

.stab.exclstr
 *(.stab.exclstr)

.stab.index
 *(.stab.index)

.stab.indexstr
 *(.stab.indexstr)

.comment        0x00000000       0x11
 *(.comment)
 .comment       0x00000000       0x12 C:\Users\stefa\AppData\Local\Temp\ccpgx29L.ltrans0.ltrans.o
 .comment       0x00000000       0x11 c:/users/stefa/appdata/local/arduino15/packages/arduino/tools/avr-gcc/7.3.0-atmel3.6.1-arduino5/bin/../lib/gcc/avr/7.3.0/../../../../avr/lib/avrxmega3\libc.a(errno.o)
                                 0x12 (size before relaxing)
 .comment       0x00000011       0x12 c:/users/stefa/appdata/local/arduino15/packages/arduino/tools/avr-gcc/7.3.0-atmel3.6.1-arduino5/bin/../lib/gcc/avr/7.3.0/../../../../avr/lib/avrxmega3\libc.a(dtostrf.o)
 .comment       0x00000011       0x12 c:/users/stefa/appdata/local/arduino15/packages/arduino/tools/avr-gcc/7.3.0-atmel3.6.1-arduino5/bin/../lib/gcc/avr/7.3.0/../../../../avr/lib/avrxmega3\libc.a(iob.o)
 .comment       0x00000011       0x12 c:/users/stefa/appdata/local/arduino15/packages/arduino/tools/avr-gcc/7.3.0-atmel3.6.1-arduino5/bin/../lib/gcc/avr/7.3.0/../../../../avr/lib/avrxmega3\libc.a(dtoa_prf.o)
 .comment       0x00000011       0x12 c:/users/stefa/appdata/local/arduino15/packages/arduino/tools/avr-gcc/7.3.0-atmel3.6.1-arduino5/bin/../lib/gcc/avr/7.3.0/../../../../avr/lib/avrxmega3\libc.a(malloc.o)
 .comment       0x00000011       0x12 c:/users/stefa/appdata/local/arduino15/packages/arduino/tools/avr-gcc/7.3.0-atmel3.6.1-arduino5/bin/../lib/gcc/avr/7.3.0/../../../../avr/lib/avrxmega3\libc.a(realloc.o)
 .comment       0x00000011       0x12 c:/users/stefa/appdata/local/arduino15/packages/arduino/tools/avr-gcc/7.3.0-atmel3.6.1-arduino5/bin/../lib/gcc/avr/7.3.0/../../../../avr/lib/avrxmega3\libc.a(vfprintf_std.o)
 .comment       0x00000011       0x12 c:/users/stefa/appdata/local/arduino15/packages/arduino/tools/avr-gcc/7.3.0-atmel3.6.1-arduino5/bin/../lib/gcc/avr/7.3.0/../../../../avr/lib/avrxmega3\libc.a(fputc.o)

.note.gnu.avr.deviceinfo
                0x00000000       0x40
 .note.gnu.avr.deviceinfo
                0x00000000       0x40 c:/users/stefa/appdata/local/arduino15/packages/arduino/tools/avr-gcc/7.3.0-atmel3.6.1-arduino5/bin/../lib/gcc/avr/7.3.0/../../../../avr/lib/avrxmega3/crtatmega4809.o

.note.gnu.build-id
 *(.note.gnu.build-id)

.debug
 *(.debug)

.line
 *(.line)

.debug_srcinfo
 *(.debug_srcinfo)

.debug_sfnames
 *(.debug_sfnames)

.debug_aranges  0x00000000      0x248
 *(.debug_aranges)
 .debug_aranges
                0x00000000       0x28 C:\Users\stefa\AppData\Local\Temp\ccpgx29L.ltrans0.ltrans.o
 .debug_aranges
                0x00000028       0x20 c:/users/stefa/appdata/local/arduino15/packages/arduino/tools/avr-gcc/7.3.0-atmel3.6.1-arduino5/bin/../lib/gcc/avr/7.3.0/avrxmega3\libgcc.a(_exit.o)
 .debug_aranges
                0x00000048       0x20 c:/users/stefa/appdata/local/arduino15/packages/arduino/tools/avr-gcc/7.3.0-atmel3.6.1-arduino5/bin/../lib/gcc/avr/7.3.0/avrxmega3\libgcc.a(_divmodsi4.o)
 .debug_aranges
                0x00000068       0x20 c:/users/stefa/appdata/local/arduino15/packages/arduino/tools/avr-gcc/7.3.0-atmel3.6.1-arduino5/bin/../lib/gcc/avr/7.3.0/avrxmega3\libgcc.a(_negsi2.o)
 .debug_aranges
                0x00000088       0x20 c:/users/stefa/appdata/local/arduino15/packages/arduino/tools/avr-gcc/7.3.0-atmel3.6.1-arduino5/bin/../lib/gcc/avr/7.3.0/avrxmega3\libgcc.a(_copy_data.o)
 .debug_aranges
                0x000000a8       0x20 c:/users/stefa/appdata/local/arduino15/packages/arduino/tools/avr-gcc/7.3.0-atmel3.6.1-arduino5/bin/../lib/gcc/avr/7.3.0/avrxmega3\libgcc.a(_clear_bss.o)
 .debug_aranges
                0x000000c8       0x20 c:/users/stefa/appdata/local/arduino15/packages/arduino/tools/avr-gcc/7.3.0-atmel3.6.1-arduino5/bin/../lib/gcc/avr/7.3.0/avrxmega3\libgcc.a(_muluhisi3.o)
 .debug_aranges
                0x000000e8       0x20 c:/users/stefa/appdata/local/arduino15/packages/arduino/tools/avr-gcc/7.3.0-atmel3.6.1-arduino5/bin/../lib/gcc/avr/7.3.0/avrxmega3\libgcc.a(_mulshisi3.o)
 .debug_aranges
                0x00000108       0x20 c:/users/stefa/appdata/local/arduino15/packages/arduino/tools/avr-gcc/7.3.0-atmel3.6.1-arduino5/bin/../lib/gcc/avr/7.3.0/avrxmega3\libgcc.a(_prologue.o)
 .debug_aranges
                0x00000128       0x20 c:/users/stefa/appdata/local/arduino15/packages/arduino/tools/avr-gcc/7.3.0-atmel3.6.1-arduino5/bin/../lib/gcc/avr/7.3.0/avrxmega3\libgcc.a(_epilogue.o)
 .debug_aranges
                0x00000148       0x20 c:/users/stefa/appdata/local/arduino15/packages/arduino/tools/avr-gcc/7.3.0-atmel3.6.1-arduino5/bin/../lib/gcc/avr/7.3.0/avrxmega3\libgcc.a(_udivmodsi4.o)
 .debug_aranges
                0x00000168       0x20 c:/users/stefa/appdata/local/arduino15/packages/arduino/tools/avr-gcc/7.3.0-atmel3.6.1-arduino5/bin/../lib/gcc/avr/7.3.0/avrxmega3\libgcc.a(_umulhisi3.o)
 .debug_aranges
                0x00000188       0x20 c:/users/stefa/appdata/local/arduino15/packages/arduino/tools/avr-gcc/7.3.0-atmel3.6.1-arduino5/bin/../lib/gcc/avr/7.3.0/avrxmega3\libgcc.a(_udivmodhi4.o)
 .debug_aranges
                0x000001a8       0x20 c:/users/stefa/appdata/local/arduino15/packages/arduino/tools/avr-gcc/7.3.0-atmel3.6.1-arduino5/bin/../lib/gcc/avr/7.3.0/avrxmega3\libgcc.a(_tablejump2.o)
 .debug_aranges
                0x000001c8       0x20 c:/users/stefa/appdata/local/arduino15/packages/arduino/tools/avr-gcc/7.3.0-atmel3.6.1-arduino5/bin/../lib/gcc/avr/7.3.0/avrxmega3\libgcc.a(_ctors.o)
 .debug_aranges
                0x000001e8       0x20 c:/users/stefa/appdata/local/arduino15/packages/arduino/tools/avr-gcc/7.3.0-atmel3.6.1-arduino5/bin/../lib/gcc/avr/7.3.0/avrxmega3\libgcc.a(_dtors.o)
 .debug_aranges
                0x00000208       0x20 c:/users/stefa/appdata/local/arduino15/packages/arduino/tools/avr-gcc/7.3.0-atmel3.6.1-arduino5/bin/../lib/gcc/avr/7.3.0/avrxmega3\libgcc.a(_ashrdi3.o)
 .debug_aranges
                0x00000228       0x20 c:/users/stefa/appdata/local/arduino15/packages/arduino/tools/avr-gcc/7.3.0-atmel3.6.1-arduino5/bin/../lib/gcc/avr/7.3.0/avrxmega3\libgcc.a(_cmpdi2_s8.o)

.debug_pubnames
 *(.debug_pubnames)

.debug_info     0x00000000    0x16235
 *(.debug_info .gnu.linkonce.wi.*)
 .debug_info    0x00000000     0x249d c:/users/stefa/appdata/local/arduino15/packages/arduino/tools/avr-gcc/7.3.0-atmel3.6.1-arduino5/bin/../lib/gcc/avr/7.3.0/../../../../avr/lib/avrxmega3/crtatmega4809.o
 .debug_info    0x0000249d    0x130d8 C:\Users\stefa\AppData\Local\Temp\ccpgx29L.ltrans0.ltrans.o
 .debug_info    0x00015575       0xc0 c:/users/stefa/appdata/local/arduino15/packages/arduino/tools/avr-gcc/7.3.0-atmel3.6.1-arduino5/bin/../lib/gcc/avr/7.3.0/avrxmega3\libgcc.a(_exit.o)
 .debug_info    0x00015635       0xc0 c:/users/stefa/appdata/local/arduino15/packages/arduino/tools/avr-gcc/7.3.0-atmel3.6.1-arduino5/bin/../lib/gcc/avr/7.3.0/avrxmega3\libgcc.a(_divmodsi4.o)
 .debug_info    0x000156f5       0xc0 c:/users/stefa/appdata/local/arduino15/packages/arduino/tools/avr-gcc/7.3.0-atmel3.6.1-arduino5/bin/../lib/gcc/avr/7.3.0/avrxmega3\libgcc.a(_negsi2.o)
 .debug_info    0x000157b5       0xc0 c:/users/stefa/appdata/local/arduino15/packages/arduino/tools/avr-gcc/7.3.0-atmel3.6.1-arduino5/bin/../lib/gcc/avr/7.3.0/avrxmega3\libgcc.a(_copy_data.o)
 .debug_info    0x00015875       0xc0 c:/users/stefa/appdata/local/arduino15/packages/arduino/tools/avr-gcc/7.3.0-atmel3.6.1-arduino5/bin/../lib/gcc/avr/7.3.0/avrxmega3\libgcc.a(_clear_bss.o)
 .debug_info    0x00015935       0xc0 c:/users/stefa/appdata/local/arduino15/packages/arduino/tools/avr-gcc/7.3.0-atmel3.6.1-arduino5/bin/../lib/gcc/avr/7.3.0/avrxmega3\libgcc.a(_muluhisi3.o)
 .debug_info    0x000159f5       0xc0 c:/users/stefa/appdata/local/arduino15/packages/arduino/tools/avr-gcc/7.3.0-atmel3.6.1-arduino5/bin/../lib/gcc/avr/7.3.0/avrxmega3\libgcc.a(_mulshisi3.o)
 .debug_info    0x00015ab5       0xc0 c:/users/stefa/appdata/local/arduino15/packages/arduino/tools/avr-gcc/7.3.0-atmel3.6.1-arduino5/bin/../lib/gcc/avr/7.3.0/avrxmega3\libgcc.a(_prologue.o)
 .debug_info    0x00015b75       0xc0 c:/users/stefa/appdata/local/arduino15/packages/arduino/tools/avr-gcc/7.3.0-atmel3.6.1-arduino5/bin/../lib/gcc/avr/7.3.0/avrxmega3\libgcc.a(_epilogue.o)
 .debug_info    0x00015c35       0xc0 c:/users/stefa/appdata/local/arduino15/packages/arduino/tools/avr-gcc/7.3.0-atmel3.6.1-arduino5/bin/../lib/gcc/avr/7.3.0/avrxmega3\libgcc.a(_udivmodsi4.o)
 .debug_info    0x00015cf5       0xc0 c:/users/stefa/appdata/local/arduino15/packages/arduino/tools/avr-gcc/7.3.0-atmel3.6.1-arduino5/bin/../lib/gcc/avr/7.3.0/avrxmega3\libgcc.a(_umulhisi3.o)
 .debug_info    0x00015db5       0xc0 c:/users/stefa/appdata/local/arduino15/packages/arduino/tools/avr-gcc/7.3.0-atmel3.6.1-arduino5/bin/../lib/gcc/avr/7.3.0/avrxmega3\libgcc.a(_udivmodhi4.o)
 .debug_info    0x00015e75       0xc0 c:/users/stefa/appdata/local/arduino15/packages/arduino/tools/avr-gcc/7.3.0-atmel3.6.1-arduino5/bin/../lib/gcc/avr/7.3.0/avrxmega3\libgcc.a(_tablejump2.o)
 .debug_info    0x00015f35       0xc0 c:/users/stefa/appdata/local/arduino15/packages/arduino/tools/avr-gcc/7.3.0-atmel3.6.1-arduino5/bin/../lib/gcc/avr/7.3.0/avrxmega3\libgcc.a(_ctors.o)
 .debug_info    0x00015ff5       0xc0 c:/users/stefa/appdata/local/arduino15/packages/arduino/tools/avr-gcc/7.3.0-atmel3.6.1-arduino5/bin/../lib/gcc/avr/7.3.0/avrxmega3\libgcc.a(_dtors.o)
 .debug_info    0x000160b5       0xc0 c:/users/stefa/appdata/local/arduino15/packages/arduino/tools/avr-gcc/7.3.0-atmel3.6.1-arduino5/bin/../lib/gcc/avr/7.3.0/avrxmega3\libgcc.a(_ashrdi3.o)
 .debug_info    0x00016175       0xc0 c:/users/stefa/appdata/local/arduino15/packages/arduino/tools/avr-gcc/7.3.0-atmel3.6.1-arduino5/bin/../lib/gcc/avr/7.3.0/avrxmega3\libgcc.a(_cmpdi2_s8.o)

.debug_abbrev   0x00000000     0x3278
 *(.debug_abbrev)
 .debug_abbrev  0x00000000     0x22a8 c:/users/stefa/appdata/local/arduino15/packages/arduino/tools/avr-gcc/7.3.0-atmel3.6.1-arduino5/bin/../lib/gcc/avr/7.3.0/../../../../avr/lib/avrxmega3/crtatmega4809.o
 .debug_abbrev  0x000022a8      0xe7c C:\Users\stefa\AppData\Local\Temp\ccpgx29L.ltrans0.ltrans.o
 .debug_abbrev  0x00003124       0x14 c:/users/stefa/appdata/local/arduino15/packages/arduino/tools/avr-gcc/7.3.0-atmel3.6.1-arduino5/bin/../lib/gcc/avr/7.3.0/avrxmega3\libgcc.a(_exit.o)
 .debug_abbrev  0x00003138       0x14 c:/users/stefa/appdata/local/arduino15/packages/arduino/tools/avr-gcc/7.3.0-atmel3.6.1-arduino5/bin/../lib/gcc/avr/7.3.0/avrxmega3\libgcc.a(_divmodsi4.o)
 .debug_abbrev  0x0000314c       0x14 c:/users/stefa/appdata/local/arduino15/packages/arduino/tools/avr-gcc/7.3.0-atmel3.6.1-arduino5/bin/../lib/gcc/avr/7.3.0/avrxmega3\libgcc.a(_negsi2.o)
 .debug_abbrev  0x00003160       0x14 c:/users/stefa/appdata/local/arduino15/packages/arduino/tools/avr-gcc/7.3.0-atmel3.6.1-arduino5/bin/../lib/gcc/avr/7.3.0/avrxmega3\libgcc.a(_copy_data.o)
 .debug_abbrev  0x00003174       0x14 c:/users/stefa/appdata/local/arduino15/packages/arduino/tools/avr-gcc/7.3.0-atmel3.6.1-arduino5/bin/../lib/gcc/avr/7.3.0/avrxmega3\libgcc.a(_clear_bss.o)
 .debug_abbrev  0x00003188       0x14 c:/users/stefa/appdata/local/arduino15/packages/arduino/tools/avr-gcc/7.3.0-atmel3.6.1-arduino5/bin/../lib/gcc/avr/7.3.0/avrxmega3\libgcc.a(_muluhisi3.o)
 .debug_abbrev  0x0000319c       0x14 c:/users/stefa/appdata/local/arduino15/packages/arduino/tools/avr-gcc/7.3.0-atmel3.6.1-arduino5/bin/../lib/gcc/avr/7.3.0/avrxmega3\libgcc.a(_mulshisi3.o)
 .debug_abbrev  0x000031b0       0x14 c:/users/stefa/appdata/local/arduino15/packages/arduino/tools/avr-gcc/7.3.0-atmel3.6.1-arduino5/bin/../lib/gcc/avr/7.3.0/avrxmega3\libgcc.a(_prologue.o)
 .debug_abbrev  0x000031c4       0x14 c:/users/stefa/appdata/local/arduino15/packages/arduino/tools/avr-gcc/7.3.0-atmel3.6.1-arduino5/bin/../lib/gcc/avr/7.3.0/avrxmega3\libgcc.a(_epilogue.o)
 .debug_abbrev  0x000031d8       0x14 c:/users/stefa/appdata/local/arduino15/packages/arduino/tools/avr-gcc/7.3.0-atmel3.6.1-arduino5/bin/../lib/gcc/avr/7.3.0/avrxmega3\libgcc.a(_udivmodsi4.o)
 .debug_abbrev  0x000031ec       0x14 c:/users/stefa/appdata/local/arduino15/packages/arduino/tools/avr-gcc/7.3.0-atmel3.6.1-arduino5/bin/../lib/gcc/avr/7.3.0/avrxmega3\libgcc.a(_umulhisi3.o)
 .debug_abbrev  0x00003200       0x14 c:/users/stefa/appdata/local/arduino15/packages/arduino/tools/avr-gcc/7.3.0-atmel3.6.1-arduino5/bin/../lib/gcc/avr/7.3.0/avrxmega3\libgcc.a(_udivmodhi4.o)
 .debug_abbrev  0x00003214       0x14 c:/users/stefa/appdata/local/arduino15/packages/arduino/tools/avr-gcc/7.3.0-atmel3.6.1-arduino5/bin/../lib/gcc/avr/7.3.0/avrxmega3\libgcc.a(_tablejump2.o)
 .debug_abbrev  0x00003228       0x14 c:/users/stefa/appdata/local/arduino15/packages/arduino/tools/avr-gcc/7.3.0-atmel3.6.1-arduino5/bin/../lib/gcc/avr/7.3.0/avrxmega3\libgcc.a(_ctors.o)
 .debug_abbrev  0x0000323c       0x14 c:/users/stefa/appdata/local/arduino15/packages/arduino/tools/avr-gcc/7.3.0-atmel3.6.1-arduino5/bin/../lib/gcc/avr/7.3.0/avrxmega3\libgcc.a(_dtors.o)
 .debug_abbrev  0x00003250       0x14 c:/users/stefa/appdata/local/arduino15/packages/arduino/tools/avr-gcc/7.3.0-atmel3.6.1-arduino5/bin/../lib/gcc/avr/7.3.0/avrxmega3\libgcc.a(_ashrdi3.o)
 .debug_abbrev  0x00003264       0x14 c:/users/stefa/appdata/local/arduino15/packages/arduino/tools/avr-gcc/7.3.0-atmel3.6.1-arduino5/bin/../lib/gcc/avr/7.3.0/avrxmega3\libgcc.a(_cmpdi2_s8.o)

.debug_line     0x00000000     0x4ed4
 *(.debug_line .debug_line.* .debug_line_end)
 .debug_line    0x00000000      0x187 c:/users/stefa/appdata/local/arduino15/packages/arduino/tools/avr-gcc/7.3.0-atmel3.6.1-arduino5/bin/../lib/gcc/avr/7.3.0/../../../../avr/lib/avrxmega3/crtatmega4809.o
 .debug_line    0x00000187     0x4203 C:\Users\stefa\AppData\Local\Temp\ccpgx29L.ltrans0.ltrans.o
 .debug_line    0x0000438a       0x62 c:/users/stefa/appdata/local/arduino15/packages/arduino/tools/avr-gcc/7.3.0-atmel3.6.1-arduino5/bin/../lib/gcc/avr/7.3.0/avrxmega3\libgcc.a(_exit.o)
 .debug_line    0x000043ec       0xce c:/users/stefa/appdata/local/arduino15/packages/arduino/tools/avr-gcc/7.3.0-atmel3.6.1-arduino5/bin/../lib/gcc/avr/7.3.0/avrxmega3\libgcc.a(_divmodsi4.o)
 .debug_line    0x000044ba       0x62 c:/users/stefa/appdata/local/arduino15/packages/arduino/tools/avr-gcc/7.3.0-atmel3.6.1-arduino5/bin/../lib/gcc/avr/7.3.0/avrxmega3\libgcc.a(_negsi2.o)
 .debug_line    0x0000451c       0x98 c:/users/stefa/appdata/local/arduino15/packages/arduino/tools/avr-gcc/7.3.0-atmel3.6.1-arduino5/bin/../lib/gcc/avr/7.3.0/avrxmega3\libgcc.a(_copy_data.o)
 .debug_line    0x000045b4       0x86 c:/users/stefa/appdata/local/arduino15/packages/arduino/tools/avr-gcc/7.3.0-atmel3.6.1-arduino5/bin/../lib/gcc/avr/7.3.0/avrxmega3\libgcc.a(_clear_bss.o)
 .debug_line    0x0000463a       0x92 c:/users/stefa/appdata/local/arduino15/packages/arduino/tools/avr-gcc/7.3.0-atmel3.6.1-arduino5/bin/../lib/gcc/avr/7.3.0/avrxmega3\libgcc.a(_muluhisi3.o)
 .debug_line    0x000046cc       0x7a c:/users/stefa/appdata/local/arduino15/packages/arduino/tools/avr-gcc/7.3.0-atmel3.6.1-arduino5/bin/../lib/gcc/avr/7.3.0/avrxmega3\libgcc.a(_mulshisi3.o)
 .debug_line    0x00004746       0xec c:/users/stefa/appdata/local/arduino15/packages/arduino/tools/avr-gcc/7.3.0-atmel3.6.1-arduino5/bin/../lib/gcc/avr/7.3.0/avrxmega3\libgcc.a(_prologue.o)
 .debug_line    0x00004832       0xe6 c:/users/stefa/appdata/local/arduino15/packages/arduino/tools/avr-gcc/7.3.0-atmel3.6.1-arduino5/bin/../lib/gcc/avr/7.3.0/avrxmega3\libgcc.a(_epilogue.o)
 .debug_line    0x00004918      0x122 c:/users/stefa/appdata/local/arduino15/packages/arduino/tools/avr-gcc/7.3.0-atmel3.6.1-arduino5/bin/../lib/gcc/avr/7.3.0/avrxmega3\libgcc.a(_udivmodsi4.o)
 .debug_line    0x00004a3a       0xb0 c:/users/stefa/appdata/local/arduino15/packages/arduino/tools/avr-gcc/7.3.0-atmel3.6.1-arduino5/bin/../lib/gcc/avr/7.3.0/avrxmega3\libgcc.a(_umulhisi3.o)
 .debug_line    0x00004aea       0xce c:/users/stefa/appdata/local/arduino15/packages/arduino/tools/avr-gcc/7.3.0-atmel3.6.1-arduino5/bin/../lib/gcc/avr/7.3.0/avrxmega3\libgcc.a(_udivmodhi4.o)
 .debug_line    0x00004bb8       0x7a c:/users/stefa/appdata/local/arduino15/packages/arduino/tools/avr-gcc/7.3.0-atmel3.6.1-arduino5/bin/../lib/gcc/avr/7.3.0/avrxmega3\libgcc.a(_tablejump2.o)
 .debug_line    0x00004c32       0x92 c:/users/stefa/appdata/local/arduino15/packages/arduino/tools/avr-gcc/7.3.0-atmel3.6.1-arduino5/bin/../lib/gcc/avr/7.3.0/avrxmega3\libgcc.a(_ctors.o)
 .debug_line    0x00004cc4       0x92 c:/users/stefa/appdata/local/arduino15/packages/arduino/tools/avr-gcc/7.3.0-atmel3.6.1-arduino5/bin/../lib/gcc/avr/7.3.0/avrxmega3\libgcc.a(_dtors.o)
 .debug_line    0x00004d56      0x104 c:/users/stefa/appdata/local/arduino15/packages/arduino/tools/avr-gcc/7.3.0-atmel3.6.1-arduino5/bin/../lib/gcc/avr/7.3.0/avrxmega3\libgcc.a(_ashrdi3.o)
 .debug_line    0x00004e5a       0x7a c:/users/stefa/appdata/local/arduino15/packages/arduino/tools/avr-gcc/7.3.0-atmel3.6.1-arduino5/bin/../lib/gcc/avr/7.3.0/avrxmega3\libgcc.a(_cmpdi2_s8.o)

.debug_frame    0x00000000     0x1aec
 *(.debug_frame)
 .debug_frame   0x00000000     0x1aec C:\Users\stefa\AppData\Local\Temp\ccpgx29L.ltrans0.ltrans.o

.debug_str      0x00000000     0x4133
 *(.debug_str)
 .debug_str     0x00000000      0xf8b c:/users/stefa/appdata/local/arduino15/packages/arduino/tools/avr-gcc/7.3.0-atmel3.6.1-arduino5/bin/../lib/gcc/avr/7.3.0/../../../../avr/lib/avrxmega3/crtatmega4809.o
 .debug_str     0x00000f8b     0x31a8 C:\Users\stefa\AppData\Local\Temp\ccpgx29L.ltrans0.ltrans.o
                               0x35fc (size before relaxing)

.debug_loc      0x00000000     0xce9a
 *(.debug_loc)
 .debug_loc     0x00000000     0xce9a C:\Users\stefa\AppData\Local\Temp\ccpgx29L.ltrans0.ltrans.o

.debug_macinfo
 *(.debug_macinfo)

.debug_weaknames
 *(.debug_weaknames)

.debug_funcnames
 *(.debug_funcnames)

.debug_typenames
 *(.debug_typenames)

.debug_varnames
 *(.debug_varnames)

.debug_pubtypes
 *(.debug_pubtypes)

.debug_ranges   0x00000000     0x1090
 *(.debug_ranges)
 .debug_ranges  0x00000000     0x1090 C:\Users\stefa\AppData\Local\Temp\ccpgx29L.ltrans0.ltrans.o

.debug_macro
 *(.debug_macro)
OUTPUT(C:\Users\stefa\Documents\Arduino\ArduinoModbusThesis\ArduinoOutput/SMD1204_noLoop.ino.elf elf32-avr)
LOAD linker stubs
