Archive member included to satisfy reference by file (symbol)

C:\Users\stefa\Documents\Arduino\ArduinoModbusThesis\ArduinoOutput/..\..\..\..\AppData\Local\Temp\arduino\cores\arduino_megaavr_uno2018_mode_off_562feb5d840ade9a4d13e2c6e32a1829\core.a(UART.cpp.o)
                              C:\Users\stefa\Documents\Arduino\ArduinoModbusThesis\ArduinoOutput\sketch\SMD1204_noLoop.ino.cpp.o (symbol from plugin) (_ZN9UartClass9availableEv)
C:\Users\stefa\Documents\Arduino\ArduinoModbusThesis\ArduinoOutput/..\..\..\..\AppData\Local\Temp\arduino\cores\arduino_megaavr_uno2018_mode_off_562feb5d840ade9a4d13e2c6e32a1829\core.a(UART0.cpp.o)
                              C:\Users\stefa\Documents\Arduino\ArduinoModbusThesis\ArduinoOutput\sketch\SMD1204_noLoop.ino.cpp.o (symbol from plugin) (Serial)
C:\Users\stefa\Documents\Arduino\ArduinoModbusThesis\ArduinoOutput/..\..\..\..\AppData\Local\Temp\arduino\cores\arduino_megaavr_uno2018_mode_off_562feb5d840ade9a4d13e2c6e32a1829\core.a(UART1.cpp.o)
                              C:\Users\stefa\Documents\Arduino\ArduinoModbusThesis\ArduinoOutput\libraries\ArduinoRS485\RS485.cpp.o (symbol from plugin) (Serial1)
C:\Users\stefa\Documents\Arduino\ArduinoModbusThesis\ArduinoOutput/..\..\..\..\AppData\Local\Temp\arduino\cores\arduino_megaavr_uno2018_mode_off_562feb5d840ade9a4d13e2c6e32a1829\core.a(WMath.cpp.o)
                              C:\Users\stefa\Documents\Arduino\ArduinoModbusThesis\ArduinoOutput\libraries\Ethernet3\Dhcp.cpp.o (symbol from plugin) (_Z6randomll)
C:\Users\stefa\Documents\Arduino\ArduinoModbusThesis\ArduinoOutput/..\..\..\..\AppData\Local\Temp\arduino\cores\arduino_megaavr_uno2018_mode_off_562feb5d840ade9a4d13e2c6e32a1829\core.a(abi.cpp.o)
                              C:\Users\stefa\Documents\Arduino\ArduinoModbusThesis\ArduinoOutput\libraries\Ethernet3\EthernetServer.cpp.o (symbol from plugin) (__cxa_pure_virtual)
C:\Users\stefa\Documents\Arduino\ArduinoModbusThesis\ArduinoOutput/..\..\..\..\AppData\Local\Temp\arduino\cores\arduino_megaavr_uno2018_mode_off_562feb5d840ade9a4d13e2c6e32a1829\core.a(IPAddress.cpp.o)
                              C:\Users\stefa\Documents\Arduino\ArduinoModbusThesis\ArduinoOutput\sketch\SMD1204_noLoop.ino.cpp.o (symbol from plugin) (_ZTVN7arduino9IPAddressE)
C:\Users\stefa\Documents\Arduino\ArduinoModbusThesis\ArduinoOutput/..\..\..\..\AppData\Local\Temp\arduino\cores\arduino_megaavr_uno2018_mode_off_562feb5d840ade9a4d13e2c6e32a1829\core.a(Print.cpp.o)
                              C:\Users\stefa\Documents\Arduino\ArduinoModbusThesis\ArduinoOutput\libraries\Ethernet3\EthernetServer.cpp.o (symbol from plugin) (_ZN7arduino5Print5writeEPKhj)
C:\Users\stefa\Documents\Arduino\ArduinoModbusThesis\ArduinoOutput/..\..\..\..\AppData\Local\Temp\arduino\cores\arduino_megaavr_uno2018_mode_off_562feb5d840ade9a4d13e2c6e32a1829\core.a(Stream.cpp.o)
                              C:\Users\stefa\Documents\Arduino\ArduinoModbusThesis\ArduinoOutput\sketch\SMD1204_noLoop.ino.cpp.o (symbol from plugin) (_ZN7arduino6Stream8parseIntENS_13LookaheadModeEc)
C:\Users\stefa\Documents\Arduino\ArduinoModbusThesis\ArduinoOutput/..\..\..\..\AppData\Local\Temp\arduino\cores\arduino_megaavr_uno2018_mode_off_562feb5d840ade9a4d13e2c6e32a1829\core.a(String.cpp.o)
                              C:\Users\stefa\Documents\Arduino\ArduinoModbusThesis\ArduinoOutput\sketch\SMD1204_noLoop.ino.cpp.o (symbol from plugin) (_ZN7arduino6StringD2Ev)
C:\Users\stefa\Documents\Arduino\ArduinoModbusThesis\ArduinoOutput/..\..\..\..\AppData\Local\Temp\arduino\cores\arduino_megaavr_uno2018_mode_off_562feb5d840ade9a4d13e2c6e32a1829\core.a(hooks.c.o)
                              C:\Users\stefa\Documents\Arduino\ArduinoModbusThesis\ArduinoOutput\libraries\HX711\HX711.cpp.o (symbol from plugin) (yield)
C:\Users\stefa\Documents\Arduino\ArduinoModbusThesis\ArduinoOutput/..\..\..\..\AppData\Local\Temp\arduino\cores\arduino_megaavr_uno2018_mode_off_562feb5d840ade9a4d13e2c6e32a1829\core.a(main.cpp.o)
                              c:/users/stefa/appdata/local/arduino15/packages/arduino/tools/avr-gcc/7.3.0-atmel3.6.1-arduino5/bin/../lib/gcc/avr/7.3.0/../../../../avr/lib/avrxmega3/crtatmega4809.o (main)
C:\Users\stefa\Documents\Arduino\ArduinoModbusThesis\ArduinoOutput/..\..\..\..\AppData\Local\Temp\arduino\cores\arduino_megaavr_uno2018_mode_off_562feb5d840ade9a4d13e2c6e32a1829\core.a(new.cpp.o)
                              C:\Users\stefa\Documents\Arduino\ArduinoModbusThesis\ArduinoOutput\libraries\Ethernet3\Ethernet3.cpp.o (symbol from plugin) (_Znwj)
C:\Users\stefa\Documents\Arduino\ArduinoModbusThesis\ArduinoOutput/..\..\..\..\AppData\Local\Temp\arduino\cores\arduino_megaavr_uno2018_mode_off_562feb5d840ade9a4d13e2c6e32a1829\core.a(wiring.c.o)
                              C:\Users\stefa\Documents\Arduino\ArduinoModbusThesis\ArduinoOutput\libraries\SPI\SPI.cpp.o (symbol from plugin) (F_CPU_CORRECTED)
[...]
Memory Configuration

Name             Origin             Length             Attributes
text             0x00000000         0x00100000         xr
data             0x00802000         0x0000ffa0         rw !x
eeprom           0x00810000         0x00010000         rw !x
fuse             0x00820000         0x00000009         rw !x
lock             0x00830000         0x00000400         rw !x
signature        0x00840000         0x00000400         rw !x
user_signatures  0x00850000         0x00000400         rw !x
*default*        0x00000000         0xffffffff

Linker script and memory map

Address of section .data set to 0x802800
                0x00004000                __RODATA_PM_OFFSET__ = 0x4000
LOAD c:/users/stefa/appdata/local/arduino15/packages/arduino/tools/avr-gcc/7.3.0-atmel3.6.1-arduino5/bin/../lib/gcc/avr/7.3.0/../../../../avr/lib/avrxmega3/crtatmega4809.o
Address of section .text set to 0x200
LOAD C:\Users\stefa\Documents\Arduino\ArduinoModbusThesis\ArduinoOutput\sketch\SMD1204_noLoop.ino.cpp.o
LOAD C:\Users\stefa\AppData\Local\Temp\cchmiy3R.ltrans0.ltrans.o
LOAD C:\Users\stefa\Documents\Arduino\ArduinoModbusThesis\ArduinoOutput\libraries\SPI\SPI.cpp.o
LOAD C:\Users\stefa\Documents\Arduino\ArduinoModbusThesis\ArduinoOutput\libraries\Ethernet3\Dhcp.cpp.o
LOAD C:\Users\stefa\Documents\Arduino\ArduinoModbusThesis\ArduinoOutput\libraries\Ethernet3\Dns.cpp.o
LOAD C:\Users\stefa\Documents\Arduino\ArduinoModbusThesis\ArduinoOutput\libraries\Ethernet3\Ethernet3.cpp.o
LOAD C:\Users\stefa\Documents\Arduino\ArduinoModbusThesis\ArduinoOutput\libraries\Ethernet3\EthernetClient.cpp.o
LOAD C:\Users\stefa\Documents\Arduino\ArduinoModbusThesis\ArduinoOutput\libraries\Ethernet3\EthernetServer.cpp.o
LOAD C:\Users\stefa\Documents\Arduino\ArduinoModbusThesis\ArduinoOutput\libraries\Ethernet3\EthernetUdp3.cpp.o
LOAD C:\Users\stefa\Documents\Arduino\ArduinoModbusThesis\ArduinoOutput\libraries\Ethernet3\utility\socket.cpp.o
LOAD C:\Users\stefa\Documents\Arduino\ArduinoModbusThesis\ArduinoOutput\libraries\Ethernet3\utility\w5500.cpp.o
LOAD C:\Users\stefa\Documents\Arduino\ArduinoModbusThesis\ArduinoOutput\libraries\ArduinoRS485\RS485.cpp.o
LOAD C:\Users\stefa\Documents\Arduino\ArduinoModbusThesis\ArduinoOutput\libraries\ArduinoModbus\ModbusClient.cpp.o
LOAD C:\Users\stefa\Documents\Arduino\ArduinoModbusThesis\ArduinoOutput\libraries\ArduinoModbus\ModbusRTUClient.cpp.o
LOAD C:\Users\stefa\Documents\Arduino\ArduinoModbusThesis\ArduinoOutput\libraries\ArduinoModbus\ModbusRTUServer.cpp.o
LOAD C:\Users\stefa\Documents\Arduino\ArduinoModbusThesis\ArduinoOutput\libraries\ArduinoModbus\ModbusServer.cpp.o
LOAD C:\Users\stefa\Documents\Arduino\ArduinoModbusThesis\ArduinoOutput\libraries\ArduinoModbus\ModbusTCPClient.cpp.o
LOAD C:\Users\stefa\Documents\Arduino\ArduinoModbusThesis\ArduinoOutput\libraries\ArduinoModbus\ModbusTCPServer.cpp.o
LOAD C:\Users\stefa\Documents\Arduino\ArduinoModbusThesis\ArduinoOutput\libraries\ArduinoModbus\libmodbus\modbus-data.c.o
LOAD C:\Users\stefa\Documents\Arduino\ArduinoModbusThesis\ArduinoOutput\libraries\ArduinoModbus\libmodbus\modbus-rtu.cpp.o
LOAD C:\Users\stefa\Documents\Arduino\ArduinoModbusThesis\ArduinoOutput\libraries\ArduinoModbus\libmodbus\modbus-tcp.cpp.o
LOAD C:\Users\stefa\Documents\Arduino\ArduinoModbusThesis\ArduinoOutput\libraries\ArduinoModbus\libmodbus\modbus.c.o
LOAD C:\Users\stefa\Documents\Arduino\ArduinoModbusThesis\ArduinoOutput\libraries\HX711\HX711.cpp.o
LOAD C:\Users\stefa\Documents\Arduino\ArduinoModbusThesis\ArduinoOutput\core\variant.c.o
LOAD C:\Users\stefa\Documents\Arduino\ArduinoModbusThesis\ArduinoOutput/..\..\..\..\AppData\Local\Temp\arduino\cores\arduino_megaavr_uno2018_mode_off_562feb5d840ade9a4d13e2c6e32a1829\core.a
LOAD c:/users/stefa/appdata/local/arduino15/packages/arduino/tools/avr-gcc/7.3.0-atmel3.6.1-arduino5/bin/../lib/gcc/avr/7.3.0/../../../../avr/lib/avrxmega3\libm.a
START GROUP
LOAD c:/users/stefa/appdata/local/arduino15/packages/arduino/tools/avr-gcc/7.3.0-atmel3.6.1-arduino5/bin/../lib/gcc/avr/7.3.0/avrxmega3\libgcc.a
LOAD c:/users/stefa/appdata/local/arduino15/packages/arduino/tools/avr-gcc/7.3.0-atmel3.6.1-arduino5/bin/../lib/gcc/avr/7.3.0/../../../../avr/lib/avrxmega3\libm.a
LOAD c:/users/stefa/appdata/local/arduino15/packages/arduino/tools/avr-gcc/7.3.0-atmel3.6.1-arduino5/bin/../lib/gcc/avr/7.3.0/../../../../avr/lib/avrxmega3\libc.a
LOAD c:/users/stefa/appdata/local/arduino15/packages/arduino/tools/avr-gcc/7.3.0-atmel3.6.1-arduino5/bin/../lib/gcc/avr/7.3.0/../../../../avr/lib/avrxmega3\libatmega4809.a
END GROUP
                0x00100000                __TEXT_REGION_LENGTH__ = DEFINED (__TEXT_REGION_LENGTH__)?__TEXT_REGION_LENGTH__:0x100000
                0x0000ffa0                __DATA_REGION_LENGTH__ = DEFINED (__DATA_REGION_LENGTH__)?__DATA_REGION_LENGTH__:0xffa0
                0x00010000                __EEPROM_REGION_LENGTH__ = DEFINED (__EEPROM_REGION_LENGTH__)?__EEPROM_REGION_LENGTH__:0x10000
                [0x00000009]                __FUSE_REGION_LENGTH__ = DEFINED (__FUSE_REGION_LENGTH__)?__FUSE_REGION_LENGTH__:0x400
                0x00000400                __LOCK_REGION_LENGTH__ = DEFINED (__LOCK_REGION_LENGTH__)?__LOCK_REGION_LENGTH__:0x400
                0x00000400                __SIGNATURE_REGION_LENGTH__ = DEFINED (__SIGNATURE_REGION_LENGTH__)?__SIGNATURE_REGION_LENGTH__:0x400
                0x00000400                __USER_SIGNATURE_REGION_LENGTH__ = DEFINED (__USER_SIGNATURE_REGION_LENGTH__)?__USER_SIGNATURE_REGION_LENGTH__:0x400
                0x00008000                __RODATA_PM_OFFSET__ = DEFINED (__RODATA_PM_OFFSET__)?__RODATA_PM_OFFSET__:0x8000

.hash
 *(.hash)

.dynsym
 *(.dynsym)

.dynstr
 *(.dynstr)

.gnu.version
 *(.gnu.version)

.gnu.version_d
 *(.gnu.version_d)

.gnu.version_r
 *(.gnu.version_r)

.rel.init
 *(.rel.init)

.rela.init
 *(.rela.init)

.rel.text
 *(.rel.text)
 *(.rel.text.*)
 *(.rel.gnu.linkonce.t*)

.rela.text
 *(.rela.text)
 *(.rela.text.*)
 *(.rela.gnu.linkonce.t*)

.rel.fini
 *(.rel.fini)

.rela.fini
 *(.rela.fini)

.rel.rodata
 *(.rel.rodata)
 *(.rel.rodata.*)
 *(.rel.gnu.linkonce.r*)

.rela.rodata
 *(.rela.rodata)
 *(.rela.rodata.*)
 *(.rela.gnu.linkonce.r*)

.rel.data
 *(.rel.data)
 *(.rel.data.*)
 *(.rel.gnu.linkonce.d*)

.rela.data
 *(.rela.data)
 *(.rela.data.*)
 *(.rela.gnu.linkonce.d*)

.rel.ctors
 *(.rel.ctors)

.rela.ctors
 *(.rela.ctors)

.rel.dtors
 *(.rel.dtors)

.rela.dtors
 *(.rela.dtors)

.rel.got
 *(.rel.got)

.rela.got
 *(.rela.got)

.rel.bss
 *(.rel.bss)

.rela.bss
 *(.rela.bss)

.rel.plt
 *(.rel.plt)

.rela.plt
 *(.rela.plt)

.text           0x00000200     0xa722
 *(.vectors)
 .vectors       0x00000200       0xa0 c:/users/stefa/appdata/local/arduino15/packages/arduino/tools/avr-gcc/7.3.0-atmel3.6.1-arduino5/bin/../lib/gcc/avr/7.3.0/../../../../avr/lib/avrxmega3/crtatmega4809.o
                0x00000200                __vector_default
                0x00000200                __vectors
 *(.vectors)
 *(.progmem.gcc*)
                0x000002a0                . = ALIGN (0x2)
                0x000002a0                __trampolines_start = .
 *(.trampolines)
 .trampolines   0x000002a0        0x0 linker stubs
 *(.trampolines*)
                0x000002a0                __trampolines_end = .
 *libprintf_flt.a:*(.progmem.data)
 *libc.a:*(.progmem.data)
 .progmem.data  0x000002a0       0xfa c:/users/stefa/appdata/local/arduino15/packages/arduino/tools/avr-gcc/7.3.0-atmel3.6.1-arduino5/bin/../lib/gcc/avr/7.3.0/../../../../avr/lib/avrxmega3\libc.a(ftoa_engine.o)
 *(.progmem*)
                0x0000039a                . = ALIGN (0x2)
 *(.jumptables)
 *(.jumptables*)
 *(.lowtext)
 *(.lowtext*)
                0x0000039a                __ctors_start = .
 *(.ctors)
 .ctors         0x0000039a        0x2 C:\Users\stefa\AppData\Local\Temp\cchmiy3R.ltrans0.ltrans.o
                0x0000039c                __ctors_end = .
                0x0000039c                __dtors_start = .
 *(.dtors)
 .dtors         0x0000039c        0x2 C:\Users\stefa\AppData\Local\Temp\cchmiy3R.ltrans0.ltrans.o
                0x0000039e                __dtors_end = .
 SORT(*)(.ctors)
 SORT(*)(.dtors)
 *(.init0)
 .init0         0x0000039e        0x0 c:/users/stefa/appdata/local/arduino15/packages/arduino/tools/avr-gcc/7.3.0-atmel3.6.1-arduino5/bin/../lib/gcc/avr/7.3.0/../../../../avr/lib/avrxmega3/crtatmega4809.o
                0x0000039e                __init
 *(.init0)
 *(.init1)
 *(.init1)
 *(.init2)
 .init2         0x0000039e        0xc c:/users/stefa/appdata/local/arduino15/packages/arduino/tools/avr-gcc/7.3.0-atmel3.6.1-arduino5/bin/../lib/gcc/avr/7.3.0/../../../../avr/lib/avrxmega3/crtatmega4809.o
 *(.init2)
 *(.init3)
 *(.init3)
 *(.init4)
 .init4         0x000003aa       0x16 c:/users/stefa/appdata/local/arduino15/packages/arduino/tools/avr-gcc/7.3.0-atmel3.6.1-arduino5/bin/../lib/gcc/avr/7.3.0/avrxmega3\libgcc.a(_copy_data.o)
                0x000003aa                __do_copy_data
 .init4         0x000003c0       0x10 c:/users/stefa/appdata/local/arduino15/packages/arduino/tools/avr-gcc/7.3.0-atmel3.6.1-arduino5/bin/../lib/gcc/avr/7.3.0/avrxmega3\libgcc.a(_clear_bss.o)
                0x000003c0                __do_clear_bss
 *(.init4)
 *(.init5)
 *(.init5)
 *(.init6)
 .init6         0x000003d0       0x16 c:/users/stefa/appdata/local/arduino15/packages/arduino/tools/avr-gcc/7.3.0-atmel3.6.1-arduino5/bin/../lib/gcc/avr/7.3.0/avrxmega3\libgcc.a(_ctors.o)
                0x000003d0                __do_global_ctors
 *(.init6)
 *(.init7)
 *(.init7)
 *(.init8)
 *(.init8)
 *(.init9)
 .init9         0x000003e6        0x8 c:/users/stefa/appdata/local/arduino15/packages/arduino/tools/avr-gcc/7.3.0-atmel3.6.1-arduino5/bin/../lib/gcc/avr/7.3.0/../../../../avr/lib/avrxmega3/crtatmega4809.o
 *(.init9)
 *(.text)
 .text          0x000003ee        0x4 c:/users/stefa/appdata/local/arduino15/packages/arduino/tools/avr-gcc/7.3.0-atmel3.6.1-arduino5/bin/../lib/gcc/avr/7.3.0/../../../../avr/lib/avrxmega3/crtatmega4809.o
                0x000003ee                __vector_22
                0x000003ee                __vector_28
                0x000003ee                __vector_1
                0x000003ee                __vector_32
                0x000003ee                __vector_34
                0x000003ee                __vector_24
                0x000003ee                __vector_12
                0x000003ee                __bad_interrupt
                0x000003ee                __vector_6
                0x000003ee                __vector_31
                0x000003ee                __vector_35
                0x000003ee                __vector_39
                0x000003ee                __vector_3
                0x000003ee                __vector_23
                0x000003ee                __vector_30
                0x000003ee                __vector_25
                0x000003ee                __vector_11
                0x000003ee                __vector_13
                0x000003ee                __vector_17
                0x000003ee                __vector_19
                0x000003ee                __vector_7
                0x000003ee                __vector_5
                0x000003ee                __vector_33
                0x000003ee                __vector_4
                0x000003ee                __vector_9
                0x000003ee                __vector_2
                0x000003ee                __vector_21
                0x000003ee                __vector_15
                0x000003ee                __vector_29
                0x000003ee                __vector_8
                0x000003ee                __vector_14
                0x000003ee                __vector_10
                0x000003ee                __vector_16
                0x000003ee                __vector_18
                0x000003ee                __vector_20
 .text          0x000003f2     0x58fe C:\Users\stefa\AppData\Local\Temp\cchmiy3R.ltrans0.ltrans.o
                0x00005af8                __vector_36
                0x00005bc0                __vector_27
                0x00005c0c                __vector_26
                0x00005c58                __vector_38
                0x00005ca4                __vector_37
                0x00005cf0                . = ALIGN (0x2)
 *(.text.*)
 .text.exit     0x00005cf0       0x18 C:\Users\stefa\AppData\Local\Temp\cchmiy3R.ltrans0.ltrans.o
 .text.startup  0x00005d08     0x3764 C:\Users\stefa\AppData\Local\Temp\cchmiy3R.ltrans0.ltrans.o
                0x00006058                main
 .text.avr-libc
                0x0000946c       0x3c c:/users/stefa/appdata/local/arduino15/packages/arduino/tools/avr-gcc/7.3.0-atmel3.6.1-arduino5/bin/../lib/gcc/avr/7.3.0/../../../../avr/lib/avrxmega3\libc.a(dtostrf.o)
                0x0000946c                dtostrf
 .text.avr-libc
                0x000094a8      0x2be c:/users/stefa/appdata/local/arduino15/packages/arduino/tools/avr-gcc/7.3.0-atmel3.6.1-arduino5/bin/../lib/gcc/avr/7.3.0/../../../../avr/lib/avrxmega3\libc.a(dtoa_prf.o)
                0x000094a8                dtoa_prf
 .text.avr-libc
                0x00009766      0x1b0 c:/users/stefa/appdata/local/arduino15/packages/arduino/tools/avr-gcc/7.3.0-atmel3.6.1-arduino5/bin/../lib/gcc/avr/7.3.0/../../../../avr/lib/avrxmega3\libc.a(ftoa_engine.o)
                0x00009766                __ftoa_engine
 .text.avr-libc.fplib
                0x00009916        0xa c:/users/stefa/appdata/local/arduino15/packages/arduino/tools/avr-gcc/7.3.0-atmel3.6.1-arduino5/bin/../lib/gcc/avr/7.3.0/../../../../avr/lib/avrxmega3\libc.a(cmpsf2.o)
                0x00009916                __nesf2
                0x00009916                __eqsf2
                0x00009916                __cmpsf2
                0x00009916                __ltsf2
                0x00009916                __lesf2
 .text.avr-libc.fplib
                0x00009920       0x7a c:/users/stefa/appdata/local/arduino15/packages/arduino/tools/avr-gcc/7.3.0-atmel3.6.1-arduino5/bin/../lib/gcc/avr/7.3.0/../../../../avr/lib/avrxmega3\libc.a(floatsisf.o)
                0x00009920                __floatunsisf
                0x00009924                __floatsisf
 .text.avr-libc.fplib
                0x0000999a       0x48 c:/users/stefa/appdata/local/arduino15/packages/arduino/tools/avr-gcc/7.3.0-atmel3.6.1-arduino5/bin/../lib/gcc/avr/7.3.0/../../../../avr/lib/avrxmega3\libc.a(fp_cmp.o)
                0x0000999a                __fp_cmp
 .text.avr-libc.fplib
                0x000099e2        0x8 c:/users/stefa/appdata/local/arduino15/packages/arduino/tools/avr-gcc/7.3.0-atmel3.6.1-arduino5/bin/../lib/gcc/avr/7.3.0/../../../../avr/lib/avrxmega3\libc.a(mulsf3.o)
                0x000099e2                __mulsf3
 .text.avr-libc.fplib
                0x000099ea       0xd2 c:/users/stefa/appdata/local/arduino15/packages/arduino/tools/avr-gcc/7.3.0-atmel3.6.1-arduino5/bin/../lib/gcc/avr/7.3.0/../../../../avr/lib/avrxmega3\libc.a(mulsf3x.o)
                0x00009a08                __mulsf3x
                0x00009a0e                __mulsf3_pse
 .text.avr-libc.fplib
                0x00009abc        0xc c:/users/stefa/appdata/local/arduino15/packages/arduino/tools/avr-gcc/7.3.0-atmel3.6.1-arduino5/bin/../lib/gcc/avr/7.3.0/../../../../avr/lib/avrxmega3\libc.a(fp_inf.o)
                0x00009abc                __fp_inf
 .text.avr-libc.fplib
                0x00009ac8        0x6 c:/users/stefa/appdata/local/arduino15/packages/arduino/tools/avr-gcc/7.3.0-atmel3.6.1-arduino5/bin/../lib/gcc/avr/7.3.0/../../../../avr/lib/avrxmega3\libc.a(fp_nan.o)
                0x00009ac8                __fp_nan
 .text.avr-libc.fplib
                0x00009ace        0xe c:/users/stefa/appdata/local/arduino15/packages/arduino/tools/avr-gcc/7.3.0-atmel3.6.1-arduino5/bin/../lib/gcc/avr/7.3.0/../../../../avr/lib/avrxmega3\libc.a(fp_pscA.o)
                0x00009ace                __fp_pscA
 .text.avr-libc.fplib
                0x00009adc        0xe c:/users/stefa/appdata/local/arduino15/packages/arduino/tools/avr-gcc/7.3.0-atmel3.6.1-arduino5/bin/../lib/gcc/avr/7.3.0/../../../../avr/lib/avrxmega3\libc.a(fp_pscB.o)
                0x00009adc                __fp_pscB
 .text.avr-libc.fplib
                0x00009aea       0x22 c:/users/stefa/appdata/local/arduino15/packages/arduino/tools/avr-gcc/7.3.0-atmel3.6.1-arduino5/bin/../lib/gcc/avr/7.3.0/../../../../avr/lib/avrxmega3\libc.a(fp_round.o)
                0x00009aea                __fp_round
 .text.avr-libc.fplib
                0x00009b0c       0x44 c:/users/stefa/appdata/local/arduino15/packages/arduino/tools/avr-gcc/7.3.0-atmel3.6.1-arduino5/bin/../lib/gcc/avr/7.3.0/../../../../avr/lib/avrxmega3\libc.a(fp_split3.o)
                0x00009b0c                __fp_split3
                0x00009b1c                __fp_splitA
 .text.avr-libc.fplib
                0x00009b50        0xe c:/users/stefa/appdata/local/arduino15/packages/arduino/tools/avr-gcc/7.3.0-atmel3.6.1-arduino5/bin/../lib/gcc/avr/7.3.0/../../../../avr/lib/avrxmega3\libc.a(fp_zero.o)
                0x00009b50                __fp_zero
                0x00009b52                __fp_szero
 .text.libgcc.div
                0x00009b5e       0x2e c:/users/stefa/appdata/local/arduino15/packages/arduino/tools/avr-gcc/7.3.0-atmel3.6.1-arduino5/bin/../lib/gcc/avr/7.3.0/avrxmega3\libgcc.a(_divmodsi4.o)
                0x00009b5e                __divmodsi4
 .text.libgcc.div
                0x00009b8c       0x10 c:/users/stefa/appdata/local/arduino15/packages/arduino/tools/avr-gcc/7.3.0-atmel3.6.1-arduino5/bin/../lib/gcc/avr/7.3.0/avrxmega3\libgcc.a(_negsi2.o)
                0x00009b8c                __negsi2
 .text.libgcc.mul
                0x00009b9c       0x16 c:/users/stefa/appdata/local/arduino15/packages/arduino/tools/avr-gcc/7.3.0-atmel3.6.1-arduino5/bin/../lib/gcc/avr/7.3.0/avrxmega3\libgcc.a(_muluhisi3.o)
                0x00009b9c                __muluhisi3
 .text.libgcc.mul
                0x00009bb2       0x10 c:/users/stefa/appdata/local/arduino15/packages/arduino/tools/avr-gcc/7.3.0-atmel3.6.1-arduino5/bin/../lib/gcc/avr/7.3.0/avrxmega3\libgcc.a(_mulshisi3.o)
                0x00009bb2                __mulshisi3
                0x00009bb8                __mulohisi3
 .text.libgcc.prologue
                0x00009bc2       0x32 c:/users/stefa/appdata/local/arduino15/packages/arduino/tools/avr-gcc/7.3.0-atmel3.6.1-arduino5/bin/../lib/gcc/avr/7.3.0/avrxmega3\libgcc.a(_prologue.o)
                0x00009bc2                __prologue_saves__
 .text.libgcc.prologue
                0x00009bf4       0x30 c:/users/stefa/appdata/local/arduino15/packages/arduino/tools/avr-gcc/7.3.0-atmel3.6.1-arduino5/bin/../lib/gcc/avr/7.3.0/avrxmega3\libgcc.a(_epilogue.o)
                0x00009bf4                __epilogue_restores__
 .text.libgcc.div
                0x00009c24       0x44 c:/users/stefa/appdata/local/arduino15/packages/arduino/tools/avr-gcc/7.3.0-atmel3.6.1-arduino5/bin/../lib/gcc/avr/7.3.0/avrxmega3\libgcc.a(_udivmodsi4.o)
                0x00009c24                __udivmodsi4
 .text.libgcc.mul
                0x00009c68       0x1e c:/users/stefa/appdata/local/arduino15/packages/arduino/tools/avr-gcc/7.3.0-atmel3.6.1-arduino5/bin/../lib/gcc/avr/7.3.0/avrxmega3\libgcc.a(_umulhisi3.o)
                0x00009c68                __umulhisi3
 .text.avr-libc.fplib
                0x00009c86        0xe c:/users/stefa/appdata/local/arduino15/packages/arduino/tools/avr-gcc/7.3.0-atmel3.6.1-arduino5/bin/../lib/gcc/avr/7.3.0/../../../../avr/lib/avrxmega3\libm.a(addsf3.o)
                0x00009c86                __subsf3
                0x00009c88                __addsf3
 .text.avr-libc.fplib
                0x00009c94       0xcc c:/users/stefa/appdata/local/arduino15/packages/arduino/tools/avr-gcc/7.3.0-atmel3.6.1-arduino5/bin/../lib/gcc/avr/7.3.0/../../../../avr/lib/avrxmega3\libm.a(addsf3x.o)
                0x00009cb6                __addsf3x
 .text.avr-libc.fplib
                0x00009d60        0x8 c:/users/stefa/appdata/local/arduino15/packages/arduino/tools/avr-gcc/7.3.0-atmel3.6.1-arduino5/bin/../lib/gcc/avr/7.3.0/../../../../avr/lib/avrxmega3\libm.a(divsf3.o)
                0x00009d60                __divsf3
 .text.avr-libc.fplib
                0x00009d68       0xdc c:/users/stefa/appdata/local/arduino15/packages/arduino/tools/avr-gcc/7.3.0-atmel3.6.1-arduino5/bin/../lib/gcc/avr/7.3.0/../../../../avr/lib/avrxmega3\libm.a(divsf3x.o)
                0x00009d88                __divsf3x
                0x00009d8e                __divsf3_pse
 .text.avr-libc.fplib
                0x00009e44        0xe c:/users/stefa/appdata/local/arduino15/packages/arduino/tools/avr-gcc/7.3.0-atmel3.6.1-arduino5/bin/../lib/gcc/avr/7.3.0/../../../../avr/lib/avrxmega3\libm.a(fixsfsi.o)
                0x00009e44                __fixsfsi
 .text.avr-libc.fplib
                0x00009e52       0x5e c:/users/stefa/appdata/local/arduino15/packages/arduino/tools/avr-gcc/7.3.0-atmel3.6.1-arduino5/bin/../lib/gcc/avr/7.3.0/../../../../avr/lib/avrxmega3\libm.a(fixunssfsi.o)
                0x00009e52                __fixunssfsi
 .text.avr-libc.fplib
                0x00009eb0        0xa c:/users/stefa/appdata/local/arduino15/packages/arduino/tools/avr-gcc/7.3.0-atmel3.6.1-arduino5/bin/../lib/gcc/avr/7.3.0/../../../../avr/lib/avrxmega3\libm.a(gesf2.o)
                0x00009eb0                __gesf2
                0x00009eb0                __gtsf2
 .text.avr-libc.fplib
                0x00009eba       0x8c c:/users/stefa/appdata/local/arduino15/packages/arduino/tools/avr-gcc/7.3.0-atmel3.6.1-arduino5/bin/../lib/gcc/avr/7.3.0/../../../../avr/lib/avrxmega3\libm.a(sqrt.o)
                0x00009ec6                sqrtf
                0x00009ec6                sqrt
 .text.avr-libc.fplib
                0x00009f46        0xa c:/users/stefa/appdata/local/arduino15/packages/arduino/tools/avr-gcc/7.3.0-atmel3.6.1-arduino5/bin/../lib/gcc/avr/7.3.0/../../../../avr/lib/avrxmega3\libm.a(unordsf2.o)
                0x00009f46                __unordsf2
 .text.avr-libc.fplib
                0x00009f50       0x1c c:/users/stefa/appdata/local/arduino15/packages/arduino/tools/avr-gcc/7.3.0-atmel3.6.1-arduino5/bin/../lib/gcc/avr/7.3.0/../../../../avr/lib/avrxmega3\libm.a(fp_mpack.o)
                0x00009f50                __fp_mpack
                0x00009f54                __fp_mpack_finite
 .text.avr-libc.fplib
                0x00009f6c        0xe c:/users/stefa/appdata/local/arduino15/packages/arduino/tools/avr-gcc/7.3.0-atmel3.6.1-arduino5/bin/../lib/gcc/avr/7.3.0/../../../../avr/lib/avrxmega3\libm.a(fp_norm2.o)
                0x00009f6c                __fp_norm2
 .text.libgcc.div
                0x00009f7a       0x28 c:/users/stefa/appdata/local/arduino15/packages/arduino/tools/avr-gcc/7.3.0-atmel3.6.1-arduino5/bin/../lib/gcc/avr/7.3.0/avrxmega3\libgcc.a(_udivmodhi4.o)
                0x00009f7a                __udivmodhi4
 .text.libgcc   0x00009fa2        0xc c:/users/stefa/appdata/local/arduino15/packages/arduino/tools/avr-gcc/7.3.0-atmel3.6.1-arduino5/bin/../lib/gcc/avr/7.3.0/avrxmega3\libgcc.a(_tablejump2.o)
                0x00009fa2                __tablejump2__
 .text.libgcc.builtins
                0x00009fae       0x3a c:/users/stefa/appdata/local/arduino15/packages/arduino/tools/avr-gcc/7.3.0-atmel3.6.1-arduino5/bin/../lib/gcc/avr/7.3.0/avrxmega3\libgcc.a(_ashrdi3.o)
                0x00009fae                __ashrdi3
                0x00009fb2                __lshrdi3
 .text.libgcc   0x00009fe8       0x18 c:/users/stefa/appdata/local/arduino15/packages/arduino/tools/avr-gcc/7.3.0-atmel3.6.1-arduino5/bin/../lib/gcc/avr/7.3.0/avrxmega3\libgcc.a(_cmpdi2_s8.o)
                0x00009fe8                __cmpdi2_s8
 .text.avr-libc
                0x0000a000      0x24a c:/users/stefa/appdata/local/arduino15/packages/arduino/tools/avr-gcc/7.3.0-atmel3.6.1-arduino5/bin/../lib/gcc/avr/7.3.0/../../../../avr/lib/avrxmega3\libc.a(malloc.o)
                0x0000a000                malloc
                0x0000a138                free
 .text.avr-libc
                0x0000a24a      0x17a c:/users/stefa/appdata/local/arduino15/packages/arduino/tools/avr-gcc/7.3.0-atmel3.6.1-arduino5/bin/../lib/gcc/avr/7.3.0/../../../../avr/lib/avrxmega3\libc.a(realloc.o)
                0x0000a24a                realloc
 .text.avr-libc
                0x0000a3c4        0xa c:/users/stefa/appdata/local/arduino15/packages/arduino/tools/avr-gcc/7.3.0-atmel3.6.1-arduino5/bin/../lib/gcc/avr/7.3.0/../../../../avr/lib/avrxmega3\libc.a(abort.o)
                0x0000a3c4                abort
 .text.avr-libc
                0x0000a3ce       0x1a c:/users/stefa/appdata/local/arduino15/packages/arduino/tools/avr-gcc/7.3.0-atmel3.6.1-arduino5/bin/../lib/gcc/avr/7.3.0/../../../../avr/lib/avrxmega3\libc.a(memcmp.o)
                0x0000a3ce                memcmp
 .text.avr-libc
                0x0000a3e8       0x12 c:/users/stefa/appdata/local/arduino15/packages/arduino/tools/avr-gcc/7.3.0-atmel3.6.1-arduino5/bin/../lib/gcc/avr/7.3.0/../../../../avr/lib/avrxmega3\libc.a(memcpy.o)
                0x0000a3e8                memcpy
 .text.avr-libc
                0x0000a3fa       0x12 c:/users/stefa/appdata/local/arduino15/packages/arduino/tools/avr-gcc/7.3.0-atmel3.6.1-arduino5/bin/../lib/gcc/avr/7.3.0/../../../../avr/lib/avrxmega3\libc.a(strcmp.o)
                0x0000a3fa                strcmp
 .text.avr-libc
                0x0000a40c      0x3b4 c:/users/stefa/appdata/local/arduino15/packages/arduino/tools/avr-gcc/7.3.0-atmel3.6.1-arduino5/bin/../lib/gcc/avr/7.3.0/../../../../avr/lib/avrxmega3\libc.a(vfprintf_std.o)
                0x0000a40c                vfprintf
 .text.avr-libc
                0x0000a7c0       0x16 c:/users/stefa/appdata/local/arduino15/packages/arduino/tools/avr-gcc/7.3.0-atmel3.6.1-arduino5/bin/../lib/gcc/avr/7.3.0/../../../../avr/lib/avrxmega3\libc.a(strnlen_P.o)
                0x0000a7c0                strnlen_P
 .text.avr-libc
                0x0000a7d6       0x16 c:/users/stefa/appdata/local/arduino15/packages/arduino/tools/avr-gcc/7.3.0-atmel3.6.1-arduino5/bin/../lib/gcc/avr/7.3.0/../../../../avr/lib/avrxmega3\libc.a(strnlen.o)
                0x0000a7d6                strnlen
 .text.avr-libc
                0x0000a7ec       0x60 c:/users/stefa/appdata/local/arduino15/packages/arduino/tools/avr-gcc/7.3.0-atmel3.6.1-arduino5/bin/../lib/gcc/avr/7.3.0/../../../../avr/lib/avrxmega3\libc.a(fputc.o)
                0x0000a7ec                fputc
 .text.avr-libc
                0x0000a84c       0xbc c:/users/stefa/appdata/local/arduino15/packages/arduino/tools/avr-gcc/7.3.0-atmel3.6.1-arduino5/bin/../lib/gcc/avr/7.3.0/../../../../avr/lib/avrxmega3\libc.a(ultoa_invert.o)
                0x0000a84c                __ultoa_invert
                0x0000a908                . = ALIGN (0x2)
 *(.fini9)
 .fini9         0x0000a908        0x0 c:/users/stefa/appdata/local/arduino15/packages/arduino/tools/avr-gcc/7.3.0-atmel3.6.1-arduino5/bin/../lib/gcc/avr/7.3.0/avrxmega3\libgcc.a(_exit.o)
                0x0000a908                _exit
                0x0000a908                exit
 *(.fini9)
 *(.fini8)
 *(.fini8)
 *(.fini7)
 *(.fini7)
 *(.fini6)
 .fini6         0x0000a908       0x16 c:/users/stefa/appdata/local/arduino15/packages/arduino/tools/avr-gcc/7.3.0-atmel3.6.1-arduino5/bin/../lib/gcc/avr/7.3.0/avrxmega3\libgcc.a(_dtors.o)
                0x0000a908                __do_global_dtors
 *(.fini6)
 *(.fini5)
 *(.fini5)
 *(.fini4)
 *(.fini4)
 *(.fini3)
 *(.fini3)
 *(.fini2)
 *(.fini2)
 *(.fini1)
 *(.fini1)
 *(.fini0)
 .fini0         0x0000a91e        0x4 c:/users/stefa/appdata/local/arduino15/packages/arduino/tools/avr-gcc/7.3.0-atmel3.6.1-arduino5/bin/../lib/gcc/avr/7.3.0/avrxmega3\libgcc.a(_exit.o)
 *(.fini0)
                0x0000a922                _etext = .

.rodata         0x0000e922      0x802 load address 0x0000a922
 *(.rodata)
 .rodata        0x0000e922      0x1ca C:\Users\stefa\AppData\Local\Temp\cchmiy3R.ltrans0.ltrans.o
 *(.rodata*)
 .rodata.str1.1
                0x0000eaec      0x638 C:\Users\stefa\AppData\Local\Temp\cchmiy3R.ltrans0.ltrans.o
                                0x650 (size before relaxing)
 *(.gnu.linkonce.r*)

.data           0x00802800       0x1a load address 0x0000b124
                0x00802800                PROVIDE (__data_start, .)
 *(.data)
 .data          0x00802800       0x13 C:\Users\stefa\AppData\Local\Temp\cchmiy3R.ltrans0.ltrans.o
 .data          0x00802813        0x6 c:/users/stefa/appdata/local/arduino15/packages/arduino/tools/avr-gcc/7.3.0-atmel3.6.1-arduino5/bin/../lib/gcc/avr/7.3.0/../../../../avr/lib/avrxmega3\libc.a(malloc.o)
                0x00802813                __malloc_heap_end
                0x00802815                __malloc_heap_start
                0x00802817                __malloc_margin
 *(.data*)
 *(.gnu.linkonce.d*)
                0x0080281a                . = ALIGN (0x2)
 *fill*         0x00802819        0x1 
                0x0080281a                _edata = .
                0x0080281a                PROVIDE (__data_end, .)

.bss            0x0080281a      0x30b
                0x0080281a                PROVIDE (__bss_start, .)
 *(.bss)
 .bss           0x0080281a      0x2ff C:\Users\stefa\AppData\Local\Temp\cchmiy3R.ltrans0.ltrans.o
 *(.bss*)
 *(COMMON)
 COMMON         0x00802b19        0x2 c:/users/stefa/appdata/local/arduino15/packages/arduino/tools/avr-gcc/7.3.0-atmel3.6.1-arduino5/bin/../lib/gcc/avr/7.3.0/../../../../avr/lib/avrxmega3\libc.a(errno.o)
                0x00802b19                errno
 COMMON         0x00802b1b        0x6 c:/users/stefa/appdata/local/arduino15/packages/arduino/tools/avr-gcc/7.3.0-atmel3.6.1-arduino5/bin/../lib/gcc/avr/7.3.0/../../../../avr/lib/avrxmega3\libc.a(iob.o)
                0x00802b1b                __iob
 COMMON         0x00802b21        0x4 c:/users/stefa/appdata/local/arduino15/packages/arduino/tools/avr-gcc/7.3.0-atmel3.6.1-arduino5/bin/../lib/gcc/avr/7.3.0/../../../../avr/lib/avrxmega3\libc.a(malloc.o)
                0x00802b21                __brkval
                0x00802b23                __flp
                0x00802b25                PROVIDE (__bss_end, .)
                0x0000b124                __data_load_start = LOADADDR (.data)
                0x0000b13e                __data_load_end = (__data_load_start + SIZEOF (.data))

.noinit         0x00802b25        0x0
                [!provide]                PROVIDE (__noinit_start, .)
 *(.noinit*)
                [!provide]                PROVIDE (__noinit_end, .)
                0x00802b25                _end = .
                0x00802b25                PROVIDE (__heap_start, .)

.eeprom         0x00810000        0x0
 *(.eeprom*)
                0x00810000                __eeprom_end = .

.fuse
 *(.fuse)
 *(.lfuse)
 *(.hfuse)
 *(.efuse)

.lock
 *(.lock*)

.signature
 *(.signature*)

.user_signatures
 *(.user_signatures*)

.stab
 *(.stab)

.stabstr
 *(.stabstr)

.stab.excl
 *(.stab.excl)

.stab.exclstr
 *(.stab.exclstr)

.stab.index
 *(.stab.index)

.stab.indexstr
 *(.stab.indexstr)

.comment        0x00000000       0x11
 *(.comment)
 .comment       0x00000000       0x12 C:\Users\stefa\AppData\Local\Temp\cchmiy3R.ltrans0.ltrans.o
 .comment       0x00000000       0x11 c:/users/stefa/appdata/local/arduino15/packages/arduino/tools/avr-gcc/7.3.0-atmel3.6.1-arduino5/bin/../lib/gcc/avr/7.3.0/../../../../avr/lib/avrxmega3\libc.a(errno.o)
                                 0x12 (size before relaxing)
 .comment       0x00000011       0x12 c:/users/stefa/appdata/local/arduino15/packages/arduino/tools/avr-gcc/7.3.0-atmel3.6.1-arduino5/bin/../lib/gcc/avr/7.3.0/../../../../avr/lib/avrxmega3\libc.a(dtostrf.o)
 .comment       0x00000011       0x12 c:/users/stefa/appdata/local/arduino15/packages/arduino/tools/avr-gcc/7.3.0-atmel3.6.1-arduino5/bin/../lib/gcc/avr/7.3.0/../../../../avr/lib/avrxmega3\libc.a(iob.o)
 .comment       0x00000011       0x12 c:/users/stefa/appdata/local/arduino15/packages/arduino/tools/avr-gcc/7.3.0-atmel3.6.1-arduino5/bin/../lib/gcc/avr/7.3.0/../../../../avr/lib/avrxmega3\libc.a(dtoa_prf.o)
 .comment       0x00000011       0x12 c:/users/stefa/appdata/local/arduino15/packages/arduino/tools/avr-gcc/7.3.0-atmel3.6.1-arduino5/bin/../lib/gcc/avr/7.3.0/../../../../avr/lib/avrxmega3\libc.a(malloc.o)
 .comment       0x00000011       0x12 c:/users/stefa/appdata/local/arduino15/packages/arduino/tools/avr-gcc/7.3.0-atmel3.6.1-arduino5/bin/../lib/gcc/avr/7.3.0/../../../../avr/lib/avrxmega3\libc.a(realloc.o)
 .comment       0x00000011       0x12 c:/users/stefa/appdata/local/arduino15/packages/arduino/tools/avr-gcc/7.3.0-atmel3.6.1-arduino5/bin/../lib/gcc/avr/7.3.0/../../../../avr/lib/avrxmega3\libc.a(vfprintf_std.o)
 .comment       0x00000011       0x12 c:/users/stefa/appdata/local/arduino15/packages/arduino/tools/avr-gcc/7.3.0-atmel3.6.1-arduino5/bin/../lib/gcc/avr/7.3.0/../../../../avr/lib/avrxmega3\libc.a(fputc.o)

.note.gnu.avr.deviceinfo
                0x00000000       0x40
 .note.gnu.avr.deviceinfo
                0x00000000       0x40 c:/users/stefa/appdata/local/arduino15/packages/arduino/tools/avr-gcc/7.3.0-atmel3.6.1-arduino5/bin/../lib/gcc/avr/7.3.0/../../../../avr/lib/avrxmega3/crtatmega4809.o

.note.gnu.build-id
 *(.note.gnu.build-id)

.debug
 *(.debug)

.line
 *(.line)

.debug_srcinfo
 *(.debug_srcinfo)

.debug_sfnames
 *(.debug_sfnames)

.debug_aranges  0x00000000      0x248
 *(.debug_aranges)
 .debug_aranges
                0x00000000       0x28 C:\Users\stefa\AppData\Local\Temp\cchmiy3R.ltrans0.ltrans.o
 .debug_aranges
                0x00000028       0x20 c:/users/stefa/appdata/local/arduino15/packages/arduino/tools/avr-gcc/7.3.0-atmel3.6.1-arduino5/bin/../lib/gcc/avr/7.3.0/avrxmega3\libgcc.a(_exit.o)
 .debug_aranges
                0x00000048       0x20 c:/users/stefa/appdata/local/arduino15/packages/arduino/tools/avr-gcc/7.3.0-atmel3.6.1-arduino5/bin/../lib/gcc/avr/7.3.0/avrxmega3\libgcc.a(_divmodsi4.o)
 .debug_aranges
                0x00000068       0x20 c:/users/stefa/appdata/local/arduino15/packages/arduino/tools/avr-gcc/7.3.0-atmel3.6.1-arduino5/bin/../lib/gcc/avr/7.3.0/avrxmega3\libgcc.a(_negsi2.o)
 .debug_aranges
                0x00000088       0x20 c:/users/stefa/appdata/local/arduino15/packages/arduino/tools/avr-gcc/7.3.0-atmel3.6.1-arduino5/bin/../lib/gcc/avr/7.3.0/avrxmega3\libgcc.a(_copy_data.o)
 .debug_aranges
                0x000000a8       0x20 c:/users/stefa/appdata/local/arduino15/packages/arduino/tools/avr-gcc/7.3.0-atmel3.6.1-arduino5/bin/../lib/gcc/avr/7.3.0/avrxmega3\libgcc.a(_clear_bss.o)
 .debug_aranges
                0x000000c8       0x20 c:/users/stefa/appdata/local/arduino15/packages/arduino/tools/avr-gcc/7.3.0-atmel3.6.1-arduino5/bin/../lib/gcc/avr/7.3.0/avrxmega3\libgcc.a(_muluhisi3.o)
 .debug_aranges
                0x000000e8       0x20 c:/users/stefa/appdata/local/arduino15/packages/arduino/tools/avr-gcc/7.3.0-atmel3.6.1-arduino5/bin/../lib/gcc/avr/7.3.0/avrxmega3\libgcc.a(_mulshisi3.o)
 .debug_aranges
                0x00000108       0x20 c:/users/stefa/appdata/local/arduino15/packages/arduino/tools/avr-gcc/7.3.0-atmel3.6.1-arduino5/bin/../lib/gcc/avr/7.3.0/avrxmega3\libgcc.a(_prologue.o)
 .debug_aranges
                0x00000128       0x20 c:/users/stefa/appdata/local/arduino15/packages/arduino/tools/avr-gcc/7.3.0-atmel3.6.1-arduino5/bin/../lib/gcc/avr/7.3.0/avrxmega3\libgcc.a(_epilogue.o)
 .debug_aranges
                0x00000148       0x20 c:/users/stefa/appdata/local/arduino15/packages/arduino/tools/avr-gcc/7.3.0-atmel3.6.1-arduino5/bin/../lib/gcc/avr/7.3.0/avrxmega3\libgcc.a(_udivmodsi4.o)
 .debug_aranges
                0x00000168       0x20 c:/users/stefa/appdata/local/arduino15/packages/arduino/tools/avr-gcc/7.3.0-atmel3.6.1-arduino5/bin/../lib/gcc/avr/7.3.0/avrxmega3\libgcc.a(_umulhisi3.o)
 .debug_aranges
                0x00000188       0x20 c:/users/stefa/appdata/local/arduino15/packages/arduino/tools/avr-gcc/7.3.0-atmel3.6.1-arduino5/bin/../lib/gcc/avr/7.3.0/avrxmega3\libgcc.a(_udivmodhi4.o)
 .debug_aranges
                0x000001a8       0x20 c:/users/stefa/appdata/local/arduino15/packages/arduino/tools/avr-gcc/7.3.0-atmel3.6.1-arduino5/bin/../lib/gcc/avr/7.3.0/avrxmega3\libgcc.a(_tablejump2.o)
 .debug_aranges
                0x000001c8       0x20 c:/users/stefa/appdata/local/arduino15/packages/arduino/tools/avr-gcc/7.3.0-atmel3.6.1-arduino5/bin/../lib/gcc/avr/7.3.0/avrxmega3\libgcc.a(_ctors.o)
 .debug_aranges
                0x000001e8       0x20 c:/users/stefa/appdata/local/arduino15/packages/arduino/tools/avr-gcc/7.3.0-atmel3.6.1-arduino5/bin/../lib/gcc/avr/7.3.0/avrxmega3\libgcc.a(_dtors.o)
 .debug_aranges
                0x00000208       0x20 c:/users/stefa/appdata/local/arduino15/packages/arduino/tools/avr-gcc/7.3.0-atmel3.6.1-arduino5/bin/../lib/gcc/avr/7.3.0/avrxmega3\libgcc.a(_ashrdi3.o)
 .debug_aranges
                0x00000228       0x20 c:/users/stefa/appdata/local/arduino15/packages/arduino/tools/avr-gcc/7.3.0-atmel3.6.1-arduino5/bin/../lib/gcc/avr/7.3.0/avrxmega3\libgcc.a(_cmpdi2_s8.o)

.debug_pubnames
 *(.debug_pubnames)

.debug_info     0x00000000    0x18cbe
 *(.debug_info .gnu.linkonce.wi.*)
 .debug_info    0x00000000     0x249d c:/users/stefa/appdata/local/arduino15/packages/arduino/tools/avr-gcc/7.3.0-atmel3.6.1-arduino5/bin/../lib/gcc/avr/7.3.0/../../../../avr/lib/avrxmega3/crtatmega4809.o
 .debug_info    0x0000249d    0x15b61 C:\Users\stefa\AppData\Local\Temp\cchmiy3R.ltrans0.ltrans.o
 .debug_info    0x00017ffe       0xc0 c:/users/stefa/appdata/local/arduino15/packages/arduino/tools/avr-gcc/7.3.0-atmel3.6.1-arduino5/bin/../lib/gcc/avr/7.3.0/avrxmega3\libgcc.a(_exit.o)
 .debug_info    0x000180be       0xc0 c:/users/stefa/appdata/local/arduino15/packages/arduino/tools/avr-gcc/7.3.0-atmel3.6.1-arduino5/bin/../lib/gcc/avr/7.3.0/avrxmega3\libgcc.a(_divmodsi4.o)
 .debug_info    0x0001817e       0xc0 c:/users/stefa/appdata/local/arduino15/packages/arduino/tools/avr-gcc/7.3.0-atmel3.6.1-arduino5/bin/../lib/gcc/avr/7.3.0/avrxmega3\libgcc.a(_negsi2.o)
 .debug_info    0x0001823e       0xc0 c:/users/stefa/appdata/local/arduino15/packages/arduino/tools/avr-gcc/7.3.0-atmel3.6.1-arduino5/bin/../lib/gcc/avr/7.3.0/avrxmega3\libgcc.a(_copy_data.o)
 .debug_info    0x000182fe       0xc0 c:/users/stefa/appdata/local/arduino15/packages/arduino/tools/avr-gcc/7.3.0-atmel3.6.1-arduino5/bin/../lib/gcc/avr/7.3.0/avrxmega3\libgcc.a(_clear_bss.o)
 .debug_info    0x000183be       0xc0 c:/users/stefa/appdata/local/arduino15/packages/arduino/tools/avr-gcc/7.3.0-atmel3.6.1-arduino5/bin/../lib/gcc/avr/7.3.0/avrxmega3\libgcc.a(_muluhisi3.o)
 .debug_info    0x0001847e       0xc0 c:/users/stefa/appdata/local/arduino15/packages/arduino/tools/avr-gcc/7.3.0-atmel3.6.1-arduino5/bin/../lib/gcc/avr/7.3.0/avrxmega3\libgcc.a(_mulshisi3.o)
 .debug_info    0x0001853e       0xc0 c:/users/stefa/appdata/local/arduino15/packages/arduino/tools/avr-gcc/7.3.0-atmel3.6.1-arduino5/bin/../lib/gcc/avr/7.3.0/avrxmega3\libgcc.a(_prologue.o)
 .debug_info    0x000185fe       0xc0 c:/users/stefa/appdata/local/arduino15/packages/arduino/tools/avr-gcc/7.3.0-atmel3.6.1-arduino5/bin/../lib/gcc/avr/7.3.0/avrxmega3\libgcc.a(_epilogue.o)
 .debug_info    0x000186be       0xc0 c:/users/stefa/appdata/local/arduino15/packages/arduino/tools/avr-gcc/7.3.0-atmel3.6.1-arduino5/bin/../lib/gcc/avr/7.3.0/avrxmega3\libgcc.a(_udivmodsi4.o)
 .debug_info    0x0001877e       0xc0 c:/users/stefa/appdata/local/arduino15/packages/arduino/tools/avr-gcc/7.3.0-atmel3.6.1-arduino5/bin/../lib/gcc/avr/7.3.0/avrxmega3\libgcc.a(_umulhisi3.o)
 .debug_info    0x0001883e       0xc0 c:/users/stefa/appdata/local/arduino15/packages/arduino/tools/avr-gcc/7.3.0-atmel3.6.1-arduino5/bin/../lib/gcc/avr/7.3.0/avrxmega3\libgcc.a(_udivmodhi4.o)
 .debug_info    0x000188fe       0xc0 c:/users/stefa/appdata/local/arduino15/packages/arduino/tools/avr-gcc/7.3.0-atmel3.6.1-arduino5/bin/../lib/gcc/avr/7.3.0/avrxmega3\libgcc.a(_tablejump2.o)
 .debug_info    0x000189be       0xc0 c:/users/stefa/appdata/local/arduino15/packages/arduino/tools/avr-gcc/7.3.0-atmel3.6.1-arduino5/bin/../lib/gcc/avr/7.3.0/avrxmega3\libgcc.a(_ctors.o)
 .debug_info    0x00018a7e       0xc0 c:/users/stefa/appdata/local/arduino15/packages/arduino/tools/avr-gcc/7.3.0-atmel3.6.1-arduino5/bin/../lib/gcc/avr/7.3.0/avrxmega3\libgcc.a(_dtors.o)
 .debug_info    0x00018b3e       0xc0 c:/users/stefa/appdata/local/arduino15/packages/arduino/tools/avr-gcc/7.3.0-atmel3.6.1-arduino5/bin/../lib/gcc/avr/7.3.0/avrxmega3\libgcc.a(_ashrdi3.o)
 .debug_info    0x00018bfe       0xc0 c:/users/stefa/appdata/local/arduino15/packages/arduino/tools/avr-gcc/7.3.0-atmel3.6.1-arduino5/bin/../lib/gcc/avr/7.3.0/avrxmega3\libgcc.a(_cmpdi2_s8.o)

.debug_abbrev   0x00000000     0x32d6
 *(.debug_abbrev)
 .debug_abbrev  0x00000000     0x22a8 c:/users/stefa/appdata/local/arduino15/packages/arduino/tools/avr-gcc/7.3.0-atmel3.6.1-arduino5/bin/../lib/gcc/avr/7.3.0/../../../../avr/lib/avrxmega3/crtatmega4809.o
 .debug_abbrev  0x000022a8      0xeda C:\Users\stefa\AppData\Local\Temp\cchmiy3R.ltrans0.ltrans.o
 .debug_abbrev  0x00003182       0x14 c:/users/stefa/appdata/local/arduino15/packages/arduino/tools/avr-gcc/7.3.0-atmel3.6.1-arduino5/bin/../lib/gcc/avr/7.3.0/avrxmega3\libgcc.a(_exit.o)
 .debug_abbrev  0x00003196       0x14 c:/users/stefa/appdata/local/arduino15/packages/arduino/tools/avr-gcc/7.3.0-atmel3.6.1-arduino5/bin/../lib/gcc/avr/7.3.0/avrxmega3\libgcc.a(_divmodsi4.o)
 .debug_abbrev  0x000031aa       0x14 c:/users/stefa/appdata/local/arduino15/packages/arduino/tools/avr-gcc/7.3.0-atmel3.6.1-arduino5/bin/../lib/gcc/avr/7.3.0/avrxmega3\libgcc.a(_negsi2.o)
 .debug_abbrev  0x000031be       0x14 c:/users/stefa/appdata/local/arduino15/packages/arduino/tools/avr-gcc/7.3.0-atmel3.6.1-arduino5/bin/../lib/gcc/avr/7.3.0/avrxmega3\libgcc.a(_copy_data.o)
 .debug_abbrev  0x000031d2       0x14 c:/users/stefa/appdata/local/arduino15/packages/arduino/tools/avr-gcc/7.3.0-atmel3.6.1-arduino5/bin/../lib/gcc/avr/7.3.0/avrxmega3\libgcc.a(_clear_bss.o)
 .debug_abbrev  0x000031e6       0x14 c:/users/stefa/appdata/local/arduino15/packages/arduino/tools/avr-gcc/7.3.0-atmel3.6.1-arduino5/bin/../lib/gcc/avr/7.3.0/avrxmega3\libgcc.a(_muluhisi3.o)
 .debug_abbrev  0x000031fa       0x14 c:/users/stefa/appdata/local/arduino15/packages/arduino/tools/avr-gcc/7.3.0-atmel3.6.1-arduino5/bin/../lib/gcc/avr/7.3.0/avrxmega3\libgcc.a(_mulshisi3.o)
 .debug_abbrev  0x0000320e       0x14 c:/users/stefa/appdata/local/arduino15/packages/arduino/tools/avr-gcc/7.3.0-atmel3.6.1-arduino5/bin/../lib/gcc/avr/7.3.0/avrxmega3\libgcc.a(_prologue.o)
 .debug_abbrev  0x00003222       0x14 c:/users/stefa/appdata/local/arduino15/packages/arduino/tools/avr-gcc/7.3.0-atmel3.6.1-arduino5/bin/../lib/gcc/avr/7.3.0/avrxmega3\libgcc.a(_epilogue.o)
 .debug_abbrev  0x00003236       0x14 c:/users/stefa/appdata/local/arduino15/packages/arduino/tools/avr-gcc/7.3.0-atmel3.6.1-arduino5/bin/../lib/gcc/avr/7.3.0/avrxmega3\libgcc.a(_udivmodsi4.o)
 .debug_abbrev  0x0000324a       0x14 c:/users/stefa/appdata/local/arduino15/packages/arduino/tools/avr-gcc/7.3.0-atmel3.6.1-arduino5/bin/../lib/gcc/avr/7.3.0/avrxmega3\libgcc.a(_umulhisi3.o)
 .debug_abbrev  0x0000325e       0x14 c:/users/stefa/appdata/local/arduino15/packages/arduino/tools/avr-gcc/7.3.0-atmel3.6.1-arduino5/bin/../lib/gcc/avr/7.3.0/avrxmega3\libgcc.a(_udivmodhi4.o)
 .debug_abbrev  0x00003272       0x14 c:/users/stefa/appdata/local/arduino15/packages/arduino/tools/avr-gcc/7.3.0-atmel3.6.1-arduino5/bin/../lib/gcc/avr/7.3.0/avrxmega3\libgcc.a(_tablejump2.o)
 .debug_abbrev  0x00003286       0x14 c:/users/stefa/appdata/local/arduino15/packages/arduino/tools/avr-gcc/7.3.0-atmel3.6.1-arduino5/bin/../lib/gcc/avr/7.3.0/avrxmega3\libgcc.a(_ctors.o)
 .debug_abbrev  0x0000329a       0x14 c:/users/stefa/appdata/local/arduino15/packages/arduino/tools/avr-gcc/7.3.0-atmel3.6.1-arduino5/bin/../lib/gcc/avr/7.3.0/avrxmega3\libgcc.a(_dtors.o)
 .debug_abbrev  0x000032ae       0x14 c:/users/stefa/appdata/local/arduino15/packages/arduino/tools/avr-gcc/7.3.0-atmel3.6.1-arduino5/bin/../lib/gcc/avr/7.3.0/avrxmega3\libgcc.a(_ashrdi3.o)
 .debug_abbrev  0x000032c2       0x14 c:/users/stefa/appdata/local/arduino15/packages/arduino/tools/avr-gcc/7.3.0-atmel3.6.1-arduino5/bin/../lib/gcc/avr/7.3.0/avrxmega3\libgcc.a(_cmpdi2_s8.o)

.debug_line     0x00000000     0x59de
 *(.debug_line .debug_line.* .debug_line_end)
 .debug_line    0x00000000      0x187 c:/users/stefa/appdata/local/arduino15/packages/arduino/tools/avr-gcc/7.3.0-atmel3.6.1-arduino5/bin/../lib/gcc/avr/7.3.0/../../../../avr/lib/avrxmega3/crtatmega4809.o
 .debug_line    0x00000187     0x4d0d C:\Users\stefa\AppData\Local\Temp\cchmiy3R.ltrans0.ltrans.o
 .debug_line    0x00004e94       0x62 c:/users/stefa/appdata/local/arduino15/packages/arduino/tools/avr-gcc/7.3.0-atmel3.6.1-arduino5/bin/../lib/gcc/avr/7.3.0/avrxmega3\libgcc.a(_exit.o)
 .debug_line    0x00004ef6       0xce c:/users/stefa/appdata/local/arduino15/packages/arduino/tools/avr-gcc/7.3.0-atmel3.6.1-arduino5/bin/../lib/gcc/avr/7.3.0/avrxmega3\libgcc.a(_divmodsi4.o)
 .debug_line    0x00004fc4       0x62 c:/users/stefa/appdata/local/arduino15/packages/arduino/tools/avr-gcc/7.3.0-atmel3.6.1-arduino5/bin/../lib/gcc/avr/7.3.0/avrxmega3\libgcc.a(_negsi2.o)
 .debug_line    0x00005026       0x98 c:/users/stefa/appdata/local/arduino15/packages/arduino/tools/avr-gcc/7.3.0-atmel3.6.1-arduino5/bin/../lib/gcc/avr/7.3.0/avrxmega3\libgcc.a(_copy_data.o)
 .debug_line    0x000050be       0x86 c:/users/stefa/appdata/local/arduino15/packages/arduino/tools/avr-gcc/7.3.0-atmel3.6.1-arduino5/bin/../lib/gcc/avr/7.3.0/avrxmega3\libgcc.a(_clear_bss.o)
 .debug_line    0x00005144       0x92 c:/users/stefa/appdata/local/arduino15/packages/arduino/tools/avr-gcc/7.3.0-atmel3.6.1-arduino5/bin/../lib/gcc/avr/7.3.0/avrxmega3\libgcc.a(_muluhisi3.o)
 .debug_line    0x000051d6       0x7a c:/users/stefa/appdata/local/arduino15/packages/arduino/tools/avr-gcc/7.3.0-atmel3.6.1-arduino5/bin/../lib/gcc/avr/7.3.0/avrxmega3\libgcc.a(_mulshisi3.o)
 .debug_line    0x00005250       0xec c:/users/stefa/appdata/local/arduino15/packages/arduino/tools/avr-gcc/7.3.0-atmel3.6.1-arduino5/bin/../lib/gcc/avr/7.3.0/avrxmega3\libgcc.a(_prologue.o)
 .debug_line    0x0000533c       0xe6 c:/users/stefa/appdata/local/arduino15/packages/arduino/tools/avr-gcc/7.3.0-atmel3.6.1-arduino5/bin/../lib/gcc/avr/7.3.0/avrxmega3\libgcc.a(_epilogue.o)
 .debug_line    0x00005422      0x122 c:/users/stefa/appdata/local/arduino15/packages/arduino/tools/avr-gcc/7.3.0-atmel3.6.1-arduino5/bin/../lib/gcc/avr/7.3.0/avrxmega3\libgcc.a(_udivmodsi4.o)
 .debug_line    0x00005544       0xb0 c:/users/stefa/appdata/local/arduino15/packages/arduino/tools/avr-gcc/7.3.0-atmel3.6.1-arduino5/bin/../lib/gcc/avr/7.3.0/avrxmega3\libgcc.a(_umulhisi3.o)
 .debug_line    0x000055f4       0xce c:/users/stefa/appdata/local/arduino15/packages/arduino/tools/avr-gcc/7.3.0-atmel3.6.1-arduino5/bin/../lib/gcc/avr/7.3.0/avrxmega3\libgcc.a(_udivmodhi4.o)
 .debug_line    0x000056c2       0x7a c:/users/stefa/appdata/local/arduino15/packages/arduino/tools/avr-gcc/7.3.0-atmel3.6.1-arduino5/bin/../lib/gcc/avr/7.3.0/avrxmega3\libgcc.a(_tablejump2.o)
 .debug_line    0x0000573c       0x92 c:/users/stefa/appdata/local/arduino15/packages/arduino/tools/avr-gcc/7.3.0-atmel3.6.1-arduino5/bin/../lib/gcc/avr/7.3.0/avrxmega3\libgcc.a(_ctors.o)
 .debug_line    0x000057ce       0x92 c:/users/stefa/appdata/local/arduino15/packages/arduino/tools/avr-gcc/7.3.0-atmel3.6.1-arduino5/bin/../lib/gcc/avr/7.3.0/avrxmega3\libgcc.a(_dtors.o)
 .debug_line    0x00005860      0x104 c:/users/stefa/appdata/local/arduino15/packages/arduino/tools/avr-gcc/7.3.0-atmel3.6.1-arduino5/bin/../lib/gcc/avr/7.3.0/avrxmega3\libgcc.a(_ashrdi3.o)
 .debug_line    0x00005964       0x7a c:/users/stefa/appdata/local/arduino15/packages/arduino/tools/avr-gcc/7.3.0-atmel3.6.1-arduino5/bin/../lib/gcc/avr/7.3.0/avrxmega3\libgcc.a(_cmpdi2_s8.o)

.debug_frame    0x00000000     0x1c30
 *(.debug_frame)
 .debug_frame   0x00000000     0x1c30 C:\Users\stefa\AppData\Local\Temp\cchmiy3R.ltrans0.ltrans.o

.debug_str      0x00000000     0x43d8
 *(.debug_str)
 .debug_str     0x00000000      0xf8b c:/users/stefa/appdata/local/arduino15/packages/arduino/tools/avr-gcc/7.3.0-atmel3.6.1-arduino5/bin/../lib/gcc/avr/7.3.0/../../../../avr/lib/avrxmega3/crtatmega4809.o
 .debug_str     0x00000f8b     0x344d C:\Users\stefa\AppData\Local\Temp\cchmiy3R.ltrans0.ltrans.o
                               0x38a3 (size before relaxing)

.debug_loc      0x00000000     0xf068
 *(.debug_loc)
 .debug_loc     0x00000000     0xf068 C:\Users\stefa\AppData\Local\Temp\cchmiy3R.ltrans0.ltrans.o

.debug_macinfo
 *(.debug_macinfo)

.debug_weaknames
 *(.debug_weaknames)

.debug_funcnames
 *(.debug_funcnames)

.debug_typenames
 *(.debug_typenames)

.debug_varnames
 *(.debug_varnames)

.debug_pubtypes
 *(.debug_pubtypes)

.debug_ranges   0x00000000     0x1190
 *(.debug_ranges)
 .debug_ranges  0x00000000     0x1190 C:\Users\stefa\AppData\Local\Temp\cchmiy3R.ltrans0.ltrans.o

.debug_macro
 *(.debug_macro)
OUTPUT(C:\Users\stefa\Documents\Arduino\ArduinoModbusThesis\ArduinoOutput/SMD1204_noLoop.ino.elf elf32-avr)
LOAD linker stubs
