Archive member included to satisfy reference by file (symbol)

c:\Users\stefa\Documents\Arduino\ArduinoModbusThesis\ArduinoOutput/..\..\..\..\AppData\Local\Temp\arduino\cores\arduino_megaavr_uno2018_mode_on_562feb5d840ade9a4d13e2c6e32a1829\core.a(UART.cpp.o)
                              c:\Users\stefa\Documents\Arduino\ArduinoModbusThesis\ArduinoOutput\sketch\SMD1204_Modbus_HX711.ino.cpp.o (symbol from plugin) (_ZN9UartClass9availableEv)
c:\Users\stefa\Documents\Arduino\ArduinoModbusThesis\ArduinoOutput/..\..\..\..\AppData\Local\Temp\arduino\cores\arduino_megaavr_uno2018_mode_on_562feb5d840ade9a4d13e2c6e32a1829\core.a(UART0.cpp.o)
                              c:\Users\stefa\Documents\Arduino\ArduinoModbusThesis\ArduinoOutput\sketch\SMD1204_Modbus_HX711.ino.cpp.o (symbol from plugin) (Serial)
c:\Users\stefa\Documents\Arduino\ArduinoModbusThesis\ArduinoOutput/..\..\..\..\AppData\Local\Temp\arduino\cores\arduino_megaavr_uno2018_mode_on_562feb5d840ade9a4d13e2c6e32a1829\core.a(UART1.cpp.o)
                              c:\Users\stefa\Documents\Arduino\ArduinoModbusThesis\ArduinoOutput\libraries\ArduinoRS485\RS485.cpp.o (symbol from plugin) (Serial1)
c:\Users\stefa\Documents\Arduino\ArduinoModbusThesis\ArduinoOutput/..\..\..\..\AppData\Local\Temp\arduino\cores\arduino_megaavr_uno2018_mode_on_562feb5d840ade9a4d13e2c6e32a1829\core.a(WMath.cpp.o)
                              c:\Users\stefa\Documents\Arduino\ArduinoModbusThesis\ArduinoOutput\libraries\Ethernet3\Dhcp.cpp.o (symbol from plugin) (_Z6randomll)
c:\Users\stefa\Documents\Arduino\ArduinoModbusThesis\ArduinoOutput/..\..\..\..\AppData\Local\Temp\arduino\cores\arduino_megaavr_uno2018_mode_on_562feb5d840ade9a4d13e2c6e32a1829\core.a(abi.cpp.o)
                              c:\Users\stefa\Documents\Arduino\ArduinoModbusThesis\ArduinoOutput\libraries\Ethernet3\EthernetServer.cpp.o (symbol from plugin) (__cxa_pure_virtual)
c:\Users\stefa\Documents\Arduino\ArduinoModbusThesis\ArduinoOutput/..\..\..\..\AppData\Local\Temp\arduino\cores\arduino_megaavr_uno2018_mode_on_562feb5d840ade9a4d13e2c6e32a1829\core.a(IPAddress.cpp.o)
                              c:\Users\stefa\Documents\Arduino\ArduinoModbusThesis\ArduinoOutput\sketch\SMD1204_Modbus_HX711.ino.cpp.o (symbol from plugin) (_ZTVN7arduino9IPAddressE)
c:\Users\stefa\Documents\Arduino\ArduinoModbusThesis\ArduinoOutput/..\..\..\..\AppData\Local\Temp\arduino\cores\arduino_megaavr_uno2018_mode_on_562feb5d840ade9a4d13e2c6e32a1829\core.a(Print.cpp.o)
                              c:\Users\stefa\Documents\Arduino\ArduinoModbusThesis\ArduinoOutput\libraries\Ethernet3\EthernetServer.cpp.o (symbol from plugin) (_ZN7arduino5Print5writeEPKhj)
c:\Users\stefa\Documents\Arduino\ArduinoModbusThesis\ArduinoOutput/..\..\..\..\AppData\Local\Temp\arduino\cores\arduino_megaavr_uno2018_mode_on_562feb5d840ade9a4d13e2c6e32a1829\core.a(Stream.cpp.o)
                              c:\Users\stefa\Documents\Arduino\ArduinoModbusThesis\ArduinoOutput\sketch\SMD1204_Modbus_HX711.ino.cpp.o (symbol from plugin) (_ZN7arduino6Stream8parseIntENS_13LookaheadModeEc)
c:\Users\stefa\Documents\Arduino\ArduinoModbusThesis\ArduinoOutput/..\..\..\..\AppData\Local\Temp\arduino\cores\arduino_megaavr_uno2018_mode_on_562feb5d840ade9a4d13e2c6e32a1829\core.a(String.cpp.o)
                              Stream.cpp.o (symbol from plugin) (_ZN7arduino6StringC1EPKc)
c:\Users\stefa\Documents\Arduino\ArduinoModbusThesis\ArduinoOutput/..\..\..\..\AppData\Local\Temp\arduino\cores\arduino_megaavr_uno2018_mode_on_562feb5d840ade9a4d13e2c6e32a1829\core.a(hooks.c.o)
                              c:\Users\stefa\Documents\Arduino\ArduinoModbusThesis\ArduinoOutput\libraries\HX711\HX711.cpp.o (symbol from plugin) (yield)
c:\Users\stefa\Documents\Arduino\ArduinoModbusThesis\ArduinoOutput/..\..\..\..\AppData\Local\Temp\arduino\cores\arduino_megaavr_uno2018_mode_on_562feb5d840ade9a4d13e2c6e32a1829\core.a(main.cpp.o)
                              c:/users/stefa/appdata/local/arduino15/packages/arduino/tools/avr-gcc/7.3.0-atmel3.6.1-arduino5/bin/../lib/gcc/avr/7.3.0/../../../../avr/lib/avrxmega3/crtatmega4809.o (main)
c:\Users\stefa\Documents\Arduino\ArduinoModbusThesis\ArduinoOutput/..\..\..\..\AppData\Local\Temp\arduino\cores\arduino_megaavr_uno2018_mode_on_562feb5d840ade9a4d13e2c6e32a1829\core.a(new.cpp.o)
                              c:\Users\stefa\Documents\Arduino\ArduinoModbusThesis\ArduinoOutput\libraries\Ethernet3\Ethernet3.cpp.o (symbol from plugin) (_Znwj)
c:\Users\stefa\Documents\Arduino\ArduinoModbusThesis\ArduinoOutput/..\..\..\..\AppData\Local\Temp\arduino\cores\arduino_megaavr_uno2018_mode_on_562feb5d840ade9a4d13e2c6e32a1829\core.a(wiring.c.o)
                              c:\Users\stefa\Documents\Arduino\ArduinoModbusThesis\ArduinoOutput\libraries\SPI\SPI.cpp.o (symbol from plugin) (F_CPU_CORRECTED)
[...]
Memory Configuration

Name             Origin             Length             Attributes
text             0x00000000         0x00100000         xr
data             0x00802000         0x0000ffa0         rw !x
eeprom           0x00810000         0x00010000         rw !x
fuse             0x00820000         0x00000009         rw !x
lock             0x00830000         0x00000400         rw !x
signature        0x00840000         0x00000400         rw !x
user_signatures  0x00850000         0x00000400         rw !x
*default*        0x00000000         0xffffffff

Linker script and memory map

Address of section .data set to 0x802800
                0x00004000                __RODATA_PM_OFFSET__ = 0x4000
LOAD c:/users/stefa/appdata/local/arduino15/packages/arduino/tools/avr-gcc/7.3.0-atmel3.6.1-arduino5/bin/../lib/gcc/avr/7.3.0/../../../../avr/lib/avrxmega3/crtatmega4809.o
Address of section .text set to 0x200
LOAD c:\Users\stefa\Documents\Arduino\ArduinoModbusThesis\ArduinoOutput\sketch\SMD1204_Modbus_HX711.ino.cpp.o
LOAD C:\Users\stefa\AppData\Local\Temp\ccoRyE8f.ltrans0.ltrans.o
LOAD c:\Users\stefa\Documents\Arduino\ArduinoModbusThesis\ArduinoOutput\libraries\SPI\SPI.cpp.o
LOAD c:\Users\stefa\Documents\Arduino\ArduinoModbusThesis\ArduinoOutput\libraries\Ethernet3\Dhcp.cpp.o
LOAD c:\Users\stefa\Documents\Arduino\ArduinoModbusThesis\ArduinoOutput\libraries\Ethernet3\Dns.cpp.o
LOAD c:\Users\stefa\Documents\Arduino\ArduinoModbusThesis\ArduinoOutput\libraries\Ethernet3\Ethernet3.cpp.o
LOAD c:\Users\stefa\Documents\Arduino\ArduinoModbusThesis\ArduinoOutput\libraries\Ethernet3\EthernetClient.cpp.o
LOAD c:\Users\stefa\Documents\Arduino\ArduinoModbusThesis\ArduinoOutput\libraries\Ethernet3\EthernetServer.cpp.o
LOAD c:\Users\stefa\Documents\Arduino\ArduinoModbusThesis\ArduinoOutput\libraries\Ethernet3\EthernetUdp3.cpp.o
LOAD c:\Users\stefa\Documents\Arduino\ArduinoModbusThesis\ArduinoOutput\libraries\Ethernet3\utility\socket.cpp.o
LOAD c:\Users\stefa\Documents\Arduino\ArduinoModbusThesis\ArduinoOutput\libraries\Ethernet3\utility\w5500.cpp.o
LOAD c:\Users\stefa\Documents\Arduino\ArduinoModbusThesis\ArduinoOutput\libraries\ArduinoRS485\RS485.cpp.o
LOAD c:\Users\stefa\Documents\Arduino\ArduinoModbusThesis\ArduinoOutput\libraries\ArduinoModbus\ModbusClient.cpp.o
LOAD c:\Users\stefa\Documents\Arduino\ArduinoModbusThesis\ArduinoOutput\libraries\ArduinoModbus\ModbusRTUClient.cpp.o
LOAD c:\Users\stefa\Documents\Arduino\ArduinoModbusThesis\ArduinoOutput\libraries\ArduinoModbus\ModbusRTUServer.cpp.o
LOAD c:\Users\stefa\Documents\Arduino\ArduinoModbusThesis\ArduinoOutput\libraries\ArduinoModbus\ModbusServer.cpp.o
LOAD c:\Users\stefa\Documents\Arduino\ArduinoModbusThesis\ArduinoOutput\libraries\ArduinoModbus\ModbusTCPClient.cpp.o
LOAD c:\Users\stefa\Documents\Arduino\ArduinoModbusThesis\ArduinoOutput\libraries\ArduinoModbus\ModbusTCPServer.cpp.o
LOAD c:\Users\stefa\Documents\Arduino\ArduinoModbusThesis\ArduinoOutput\libraries\ArduinoModbus\libmodbus\modbus-data.c.o
LOAD c:\Users\stefa\Documents\Arduino\ArduinoModbusThesis\ArduinoOutput\libraries\ArduinoModbus\libmodbus\modbus-rtu.cpp.o
LOAD c:\Users\stefa\Documents\Arduino\ArduinoModbusThesis\ArduinoOutput\libraries\ArduinoModbus\libmodbus\modbus-tcp.cpp.o
LOAD c:\Users\stefa\Documents\Arduino\ArduinoModbusThesis\ArduinoOutput\libraries\ArduinoModbus\libmodbus\modbus.c.o
LOAD c:\Users\stefa\Documents\Arduino\ArduinoModbusThesis\ArduinoOutput\libraries\HX711\HX711.cpp.o
LOAD c:\Users\stefa\Documents\Arduino\ArduinoModbusThesis\ArduinoOutput\core\variant.c.o
LOAD c:\Users\stefa\Documents\Arduino\ArduinoModbusThesis\ArduinoOutput/..\..\..\..\AppData\Local\Temp\arduino\cores\arduino_megaavr_uno2018_mode_on_562feb5d840ade9a4d13e2c6e32a1829\core.a
LOAD c:/users/stefa/appdata/local/arduino15/packages/arduino/tools/avr-gcc/7.3.0-atmel3.6.1-arduino5/bin/../lib/gcc/avr/7.3.0/../../../../avr/lib/avrxmega3\libm.a
START GROUP
LOAD c:/users/stefa/appdata/local/arduino15/packages/arduino/tools/avr-gcc/7.3.0-atmel3.6.1-arduino5/bin/../lib/gcc/avr/7.3.0/avrxmega3\libgcc.a
LOAD c:/users/stefa/appdata/local/arduino15/packages/arduino/tools/avr-gcc/7.3.0-atmel3.6.1-arduino5/bin/../lib/gcc/avr/7.3.0/../../../../avr/lib/avrxmega3\libm.a
LOAD c:/users/stefa/appdata/local/arduino15/packages/arduino/tools/avr-gcc/7.3.0-atmel3.6.1-arduino5/bin/../lib/gcc/avr/7.3.0/../../../../avr/lib/avrxmega3\libc.a
LOAD c:/users/stefa/appdata/local/arduino15/packages/arduino/tools/avr-gcc/7.3.0-atmel3.6.1-arduino5/bin/../lib/gcc/avr/7.3.0/../../../../avr/lib/avrxmega3\libatmega4809.a
END GROUP
                0x00100000                __TEXT_REGION_LENGTH__ = DEFINED (__TEXT_REGION_LENGTH__)?__TEXT_REGION_LENGTH__:0x100000
                0x0000ffa0                __DATA_REGION_LENGTH__ = DEFINED (__DATA_REGION_LENGTH__)?__DATA_REGION_LENGTH__:0xffa0
                0x00010000                __EEPROM_REGION_LENGTH__ = DEFINED (__EEPROM_REGION_LENGTH__)?__EEPROM_REGION_LENGTH__:0x10000
                [0x00000009]                __FUSE_REGION_LENGTH__ = DEFINED (__FUSE_REGION_LENGTH__)?__FUSE_REGION_LENGTH__:0x400
                0x00000400                __LOCK_REGION_LENGTH__ = DEFINED (__LOCK_REGION_LENGTH__)?__LOCK_REGION_LENGTH__:0x400
                0x00000400                __SIGNATURE_REGION_LENGTH__ = DEFINED (__SIGNATURE_REGION_LENGTH__)?__SIGNATURE_REGION_LENGTH__:0x400
                0x00000400                __USER_SIGNATURE_REGION_LENGTH__ = DEFINED (__USER_SIGNATURE_REGION_LENGTH__)?__USER_SIGNATURE_REGION_LENGTH__:0x400
                0x00008000                __RODATA_PM_OFFSET__ = DEFINED (__RODATA_PM_OFFSET__)?__RODATA_PM_OFFSET__:0x8000

.hash
 *(.hash)

.dynsym
 *(.dynsym)

.dynstr
 *(.dynstr)

.gnu.version
 *(.gnu.version)

.gnu.version_d
 *(.gnu.version_d)

.gnu.version_r
 *(.gnu.version_r)

.rel.init
 *(.rel.init)

.rela.init
 *(.rela.init)

.rel.text
 *(.rel.text)
 *(.rel.text.*)
 *(.rel.gnu.linkonce.t*)

.rela.text
 *(.rela.text)
 *(.rela.text.*)
 *(.rela.gnu.linkonce.t*)

.rel.fini
 *(.rel.fini)

.rela.fini
 *(.rela.fini)

.rel.rodata
 *(.rel.rodata)
 *(.rel.rodata.*)
 *(.rel.gnu.linkonce.r*)

.rela.rodata
 *(.rela.rodata)
 *(.rela.rodata.*)
 *(.rela.gnu.linkonce.r*)

.rel.data
 *(.rel.data)
 *(.rel.data.*)
 *(.rel.gnu.linkonce.d*)

.rela.data
 *(.rela.data)
 *(.rela.data.*)
 *(.rela.gnu.linkonce.d*)

.rel.ctors
 *(.rel.ctors)

.rela.ctors
 *(.rela.ctors)

.rel.dtors
 *(.rel.dtors)

.rela.dtors
 *(.rela.dtors)

.rel.got
 *(.rel.got)

.rela.got
 *(.rela.got)

.rel.bss
 *(.rel.bss)

.rela.bss
 *(.rela.bss)

.rel.plt
 *(.rel.plt)

.rela.plt
 *(.rela.plt)

.text           0x00000200     0x6d46
 *(.vectors)
 .vectors       0x00000200       0xa0 c:/users/stefa/appdata/local/arduino15/packages/arduino/tools/avr-gcc/7.3.0-atmel3.6.1-arduino5/bin/../lib/gcc/avr/7.3.0/../../../../avr/lib/avrxmega3/crtatmega4809.o
                0x00000200                __vector_default
                0x00000200                __vectors
 *(.vectors)
 *(.progmem.gcc*)
                0x000002a0                . = ALIGN (0x2)
                0x000002a0                __trampolines_start = .
 *(.trampolines)
 .trampolines   0x000002a0        0x0 linker stubs
 *(.trampolines*)
                0x000002a0                __trampolines_end = .
 *libprintf_flt.a:*(.progmem.data)
 *libc.a:*(.progmem.data)
 *(.progmem*)
                0x000002a0                . = ALIGN (0x2)
 *(.jumptables)
 *(.jumptables*)
 *(.lowtext)
 *(.lowtext*)
                0x000002a0                __ctors_start = .
 *(.ctors)
 .ctors         0x000002a0        0x2 C:\Users\stefa\AppData\Local\Temp\ccoRyE8f.ltrans0.ltrans.o
                0x000002a2                __ctors_end = .
                0x000002a2                __dtors_start = .
 *(.dtors)
 .dtors         0x000002a2        0x2 C:\Users\stefa\AppData\Local\Temp\ccoRyE8f.ltrans0.ltrans.o
                0x000002a4                __dtors_end = .
 SORT(*)(.ctors)
 SORT(*)(.dtors)
 *(.init0)
 .init0         0x000002a4        0x0 c:/users/stefa/appdata/local/arduino15/packages/arduino/tools/avr-gcc/7.3.0-atmel3.6.1-arduino5/bin/../lib/gcc/avr/7.3.0/../../../../avr/lib/avrxmega3/crtatmega4809.o
                0x000002a4                __init
 *(.init0)
 *(.init1)
 *(.init1)
 *(.init2)
 .init2         0x000002a4        0xc c:/users/stefa/appdata/local/arduino15/packages/arduino/tools/avr-gcc/7.3.0-atmel3.6.1-arduino5/bin/../lib/gcc/avr/7.3.0/../../../../avr/lib/avrxmega3/crtatmega4809.o
 *(.init2)
 *(.init3)
 *(.init3)
 *(.init4)
 .init4         0x000002b0       0x16 c:/users/stefa/appdata/local/arduino15/packages/arduino/tools/avr-gcc/7.3.0-atmel3.6.1-arduino5/bin/../lib/gcc/avr/7.3.0/avrxmega3\libgcc.a(_copy_data.o)
                0x000002b0                __do_copy_data
 .init4         0x000002c6       0x10 c:/users/stefa/appdata/local/arduino15/packages/arduino/tools/avr-gcc/7.3.0-atmel3.6.1-arduino5/bin/../lib/gcc/avr/7.3.0/avrxmega3\libgcc.a(_clear_bss.o)
                0x000002c6                __do_clear_bss
 *(.init4)
 *(.init5)
 *(.init5)
 *(.init6)
 .init6         0x000002d6       0x16 c:/users/stefa/appdata/local/arduino15/packages/arduino/tools/avr-gcc/7.3.0-atmel3.6.1-arduino5/bin/../lib/gcc/avr/7.3.0/avrxmega3\libgcc.a(_ctors.o)
                0x000002d6                __do_global_ctors
 *(.init6)
 *(.init7)
 *(.init7)
 *(.init8)
 *(.init8)
 *(.init9)
 .init9         0x000002ec        0x8 c:/users/stefa/appdata/local/arduino15/packages/arduino/tools/avr-gcc/7.3.0-atmel3.6.1-arduino5/bin/../lib/gcc/avr/7.3.0/../../../../avr/lib/avrxmega3/crtatmega4809.o
 *(.init9)
 *(.text)
 .text          0x000002f4        0x4 c:/users/stefa/appdata/local/arduino15/packages/arduino/tools/avr-gcc/7.3.0-atmel3.6.1-arduino5/bin/../lib/gcc/avr/7.3.0/../../../../avr/lib/avrxmega3/crtatmega4809.o
                0x000002f4                __vector_22
                0x000002f4                __vector_28
                0x000002f4                __vector_1
                0x000002f4                __vector_32
                0x000002f4                __vector_34
                0x000002f4                __vector_24
                0x000002f4                __vector_12
                0x000002f4                __bad_interrupt
                0x000002f4                __vector_6
                0x000002f4                __vector_31
                0x000002f4                __vector_35
                0x000002f4                __vector_39
                0x000002f4                __vector_3
                0x000002f4                __vector_23
                0x000002f4                __vector_30
                0x000002f4                __vector_25
                0x000002f4                __vector_11
                0x000002f4                __vector_13
                0x000002f4                __vector_17
                0x000002f4                __vector_19
                0x000002f4                __vector_7
                0x000002f4                __vector_5
                0x000002f4                __vector_33
                0x000002f4                __vector_4
                0x000002f4                __vector_9
                0x000002f4                __vector_2
                0x000002f4                __vector_21
                0x000002f4                __vector_15
                0x000002f4                __vector_29
                0x000002f4                __vector_8
                0x000002f4                __vector_14
                0x000002f4                __vector_10
                0x000002f4                __vector_16
                0x000002f4                __vector_18
                0x000002f4                __vector_20
 .text          0x000002f8     0x5124 C:\Users\stefa\AppData\Local\Temp\ccoRyE8f.ltrans0.ltrans.o
                0x00005224                __vector_36
                0x000052ec                __vector_27
                0x00005338                __vector_26
                0x00005384                __vector_38
                0x000053d0                __vector_37
                0x0000541c                . = ALIGN (0x2)
 *(.text.*)
 .text.exit     0x0000541c       0x18 C:\Users\stefa\AppData\Local\Temp\ccoRyE8f.ltrans0.ltrans.o
 .text.startup  0x00005434      0xcf4 C:\Users\stefa\AppData\Local\Temp\ccoRyE8f.ltrans0.ltrans.o
                0x00005784                main
 .text.avr-libc.fplib
                0x00006128        0xa c:/users/stefa/appdata/local/arduino15/packages/arduino/tools/avr-gcc/7.3.0-atmel3.6.1-arduino5/bin/../lib/gcc/avr/7.3.0/../../../../avr/lib/avrxmega3\libc.a(cmpsf2.o)
                0x00006128                __nesf2
                0x00006128                __eqsf2
                0x00006128                __cmpsf2
                0x00006128                __ltsf2
                0x00006128                __lesf2
 .text.avr-libc.fplib
                0x00006132       0x7a c:/users/stefa/appdata/local/arduino15/packages/arduino/tools/avr-gcc/7.3.0-atmel3.6.1-arduino5/bin/../lib/gcc/avr/7.3.0/../../../../avr/lib/avrxmega3\libc.a(floatsisf.o)
                0x00006132                __floatunsisf
                0x00006136                __floatsisf
 .text.avr-libc.fplib
                0x000061ac       0x48 c:/users/stefa/appdata/local/arduino15/packages/arduino/tools/avr-gcc/7.3.0-atmel3.6.1-arduino5/bin/../lib/gcc/avr/7.3.0/../../../../avr/lib/avrxmega3\libc.a(fp_cmp.o)
                0x000061ac                __fp_cmp
 .text.avr-libc.fplib
                0x000061f4        0x8 c:/users/stefa/appdata/local/arduino15/packages/arduino/tools/avr-gcc/7.3.0-atmel3.6.1-arduino5/bin/../lib/gcc/avr/7.3.0/../../../../avr/lib/avrxmega3\libc.a(mulsf3.o)
                0x000061f4                __mulsf3
 .text.avr-libc.fplib
                0x000061fc       0xd2 c:/users/stefa/appdata/local/arduino15/packages/arduino/tools/avr-gcc/7.3.0-atmel3.6.1-arduino5/bin/../lib/gcc/avr/7.3.0/../../../../avr/lib/avrxmega3\libc.a(mulsf3x.o)
                0x0000621a                __mulsf3x
                0x00006220                __mulsf3_pse
 .text.avr-libc
                0x000062ce        0x6 c:/users/stefa/appdata/local/arduino15/packages/arduino/tools/avr-gcc/7.3.0-atmel3.6.1-arduino5/bin/../lib/gcc/avr/7.3.0/../../../../avr/lib/avrxmega3\libc.a(cty_isfalse.o)
                0x000062ce                __ctype_isfalse
                0x000062d2                __ctype_istrue
 .text.avr-libc.fplib
                0x000062d4        0xc c:/users/stefa/appdata/local/arduino15/packages/arduino/tools/avr-gcc/7.3.0-atmel3.6.1-arduino5/bin/../lib/gcc/avr/7.3.0/../../../../avr/lib/avrxmega3\libc.a(fp_inf.o)
                0x000062d4                __fp_inf
 .text.avr-libc.fplib
                0x000062e0        0x6 c:/users/stefa/appdata/local/arduino15/packages/arduino/tools/avr-gcc/7.3.0-atmel3.6.1-arduino5/bin/../lib/gcc/avr/7.3.0/../../../../avr/lib/avrxmega3\libc.a(fp_nan.o)
                0x000062e0                __fp_nan
 .text.avr-libc.fplib
                0x000062e6        0xe c:/users/stefa/appdata/local/arduino15/packages/arduino/tools/avr-gcc/7.3.0-atmel3.6.1-arduino5/bin/../lib/gcc/avr/7.3.0/../../../../avr/lib/avrxmega3\libc.a(fp_pscA.o)
                0x000062e6                __fp_pscA
 .text.avr-libc.fplib
                0x000062f4        0xe c:/users/stefa/appdata/local/arduino15/packages/arduino/tools/avr-gcc/7.3.0-atmel3.6.1-arduino5/bin/../lib/gcc/avr/7.3.0/../../../../avr/lib/avrxmega3\libc.a(fp_pscB.o)
                0x000062f4                __fp_pscB
 .text.avr-libc.fplib
                0x00006302       0x22 c:/users/stefa/appdata/local/arduino15/packages/arduino/tools/avr-gcc/7.3.0-atmel3.6.1-arduino5/bin/../lib/gcc/avr/7.3.0/../../../../avr/lib/avrxmega3\libc.a(fp_round.o)
                0x00006302                __fp_round
 .text.avr-libc.fplib
                0x00006324       0x44 c:/users/stefa/appdata/local/arduino15/packages/arduino/tools/avr-gcc/7.3.0-atmel3.6.1-arduino5/bin/../lib/gcc/avr/7.3.0/../../../../avr/lib/avrxmega3\libc.a(fp_split3.o)
                0x00006324                __fp_split3
                0x00006334                __fp_splitA
 .text.avr-libc.fplib
                0x00006368        0xe c:/users/stefa/appdata/local/arduino15/packages/arduino/tools/avr-gcc/7.3.0-atmel3.6.1-arduino5/bin/../lib/gcc/avr/7.3.0/../../../../avr/lib/avrxmega3\libc.a(fp_zero.o)
                0x00006368                __fp_zero
                0x0000636a                __fp_szero
 .text.libgcc.div
                0x00006376       0x2e c:/users/stefa/appdata/local/arduino15/packages/arduino/tools/avr-gcc/7.3.0-atmel3.6.1-arduino5/bin/../lib/gcc/avr/7.3.0/avrxmega3\libgcc.a(_divmodsi4.o)
                0x00006376                __divmodsi4
 .text.libgcc.div
                0x000063a4       0x10 c:/users/stefa/appdata/local/arduino15/packages/arduino/tools/avr-gcc/7.3.0-atmel3.6.1-arduino5/bin/../lib/gcc/avr/7.3.0/avrxmega3\libgcc.a(_negsi2.o)
                0x000063a4                __negsi2
 .text.libgcc.mul
                0x000063b4       0x16 c:/users/stefa/appdata/local/arduino15/packages/arduino/tools/avr-gcc/7.3.0-atmel3.6.1-arduino5/bin/../lib/gcc/avr/7.3.0/avrxmega3\libgcc.a(_muluhisi3.o)
                0x000063b4                __muluhisi3
 .text.libgcc.mul
                0x000063ca       0x10 c:/users/stefa/appdata/local/arduino15/packages/arduino/tools/avr-gcc/7.3.0-atmel3.6.1-arduino5/bin/../lib/gcc/avr/7.3.0/avrxmega3\libgcc.a(_mulshisi3.o)
                0x000063ca                __mulshisi3
                0x000063d0                __mulohisi3
 .text.libgcc.prologue
                0x000063da       0x32 c:/users/stefa/appdata/local/arduino15/packages/arduino/tools/avr-gcc/7.3.0-atmel3.6.1-arduino5/bin/../lib/gcc/avr/7.3.0/avrxmega3\libgcc.a(_prologue.o)
                0x000063da                __prologue_saves__
 .text.libgcc.prologue
                0x0000640c       0x30 c:/users/stefa/appdata/local/arduino15/packages/arduino/tools/avr-gcc/7.3.0-atmel3.6.1-arduino5/bin/../lib/gcc/avr/7.3.0/avrxmega3\libgcc.a(_epilogue.o)
                0x0000640c                __epilogue_restores__
 .text.libgcc.div
                0x0000643c       0x44 c:/users/stefa/appdata/local/arduino15/packages/arduino/tools/avr-gcc/7.3.0-atmel3.6.1-arduino5/bin/../lib/gcc/avr/7.3.0/avrxmega3\libgcc.a(_udivmodsi4.o)
                0x0000643c                __udivmodsi4
 .text.libgcc.mul
                0x00006480       0x1e c:/users/stefa/appdata/local/arduino15/packages/arduino/tools/avr-gcc/7.3.0-atmel3.6.1-arduino5/bin/../lib/gcc/avr/7.3.0/avrxmega3\libgcc.a(_umulhisi3.o)
                0x00006480                __umulhisi3
 .text.avr-libc.fplib
                0x0000649e        0xe c:/users/stefa/appdata/local/arduino15/packages/arduino/tools/avr-gcc/7.3.0-atmel3.6.1-arduino5/bin/../lib/gcc/avr/7.3.0/../../../../avr/lib/avrxmega3\libm.a(addsf3.o)
                0x0000649e                __subsf3
                0x000064a0                __addsf3
 .text.avr-libc.fplib
                0x000064ac       0xcc c:/users/stefa/appdata/local/arduino15/packages/arduino/tools/avr-gcc/7.3.0-atmel3.6.1-arduino5/bin/../lib/gcc/avr/7.3.0/../../../../avr/lib/avrxmega3\libm.a(addsf3x.o)
                0x000064ce                __addsf3x
 .text.avr-libc.fplib
                0x00006578        0x8 c:/users/stefa/appdata/local/arduino15/packages/arduino/tools/avr-gcc/7.3.0-atmel3.6.1-arduino5/bin/../lib/gcc/avr/7.3.0/../../../../avr/lib/avrxmega3\libm.a(divsf3.o)
                0x00006578                __divsf3
 .text.avr-libc.fplib
                0x00006580       0xdc c:/users/stefa/appdata/local/arduino15/packages/arduino/tools/avr-gcc/7.3.0-atmel3.6.1-arduino5/bin/../lib/gcc/avr/7.3.0/../../../../avr/lib/avrxmega3\libm.a(divsf3x.o)
                0x000065a0                __divsf3x
                0x000065a6                __divsf3_pse
 .text.avr-libc.fplib
                0x0000665c        0xe c:/users/stefa/appdata/local/arduino15/packages/arduino/tools/avr-gcc/7.3.0-atmel3.6.1-arduino5/bin/../lib/gcc/avr/7.3.0/../../../../avr/lib/avrxmega3\libm.a(fixsfsi.o)
                0x0000665c                __fixsfsi
 .text.avr-libc.fplib
                0x0000666a       0x5e c:/users/stefa/appdata/local/arduino15/packages/arduino/tools/avr-gcc/7.3.0-atmel3.6.1-arduino5/bin/../lib/gcc/avr/7.3.0/../../../../avr/lib/avrxmega3\libm.a(fixunssfsi.o)
                0x0000666a                __fixunssfsi
 .text.avr-libc.fplib
                0x000066c8        0xa c:/users/stefa/appdata/local/arduino15/packages/arduino/tools/avr-gcc/7.3.0-atmel3.6.1-arduino5/bin/../lib/gcc/avr/7.3.0/../../../../avr/lib/avrxmega3\libm.a(gesf2.o)
                0x000066c8                __gesf2
                0x000066c8                __gtsf2
 .text.avr-libc.fplib
                0x000066d2        0xa c:/users/stefa/appdata/local/arduino15/packages/arduino/tools/avr-gcc/7.3.0-atmel3.6.1-arduino5/bin/../lib/gcc/avr/7.3.0/../../../../avr/lib/avrxmega3\libm.a(unordsf2.o)
                0x000066d2                __unordsf2
 .text.libgcc.div
                0x000066dc       0x28 c:/users/stefa/appdata/local/arduino15/packages/arduino/tools/avr-gcc/7.3.0-atmel3.6.1-arduino5/bin/../lib/gcc/avr/7.3.0/avrxmega3\libgcc.a(_udivmodhi4.o)
                0x000066dc                __udivmodhi4
 .text.libgcc.div
                0x00006704       0x28 c:/users/stefa/appdata/local/arduino15/packages/arduino/tools/avr-gcc/7.3.0-atmel3.6.1-arduino5/bin/../lib/gcc/avr/7.3.0/avrxmega3\libgcc.a(_divmodhi4.o)
                0x00006704                _div
                0x00006704                __divmodhi4
 .text.libgcc   0x0000672c        0xc c:/users/stefa/appdata/local/arduino15/packages/arduino/tools/avr-gcc/7.3.0-atmel3.6.1-arduino5/bin/../lib/gcc/avr/7.3.0/avrxmega3\libgcc.a(_tablejump2.o)
                0x0000672c                __tablejump2__
 .text.libgcc.builtins
                0x00006738       0x3a c:/users/stefa/appdata/local/arduino15/packages/arduino/tools/avr-gcc/7.3.0-atmel3.6.1-arduino5/bin/../lib/gcc/avr/7.3.0/avrxmega3\libgcc.a(_ashrdi3.o)
                0x00006738                __ashrdi3
                0x0000673c                __lshrdi3
 .text.libgcc   0x00006772       0x18 c:/users/stefa/appdata/local/arduino15/packages/arduino/tools/avr-gcc/7.3.0-atmel3.6.1-arduino5/bin/../lib/gcc/avr/7.3.0/avrxmega3\libgcc.a(_cmpdi2_s8.o)
                0x00006772                __cmpdi2_s8
 .text.avr-libc
                0x0000678a      0x24a c:/users/stefa/appdata/local/arduino15/packages/arduino/tools/avr-gcc/7.3.0-atmel3.6.1-arduino5/bin/../lib/gcc/avr/7.3.0/../../../../avr/lib/avrxmega3\libc.a(malloc.o)
                0x0000678a                malloc
                0x000068c2                free
 .text.avr-libc
                0x000069d4        0xa c:/users/stefa/appdata/local/arduino15/packages/arduino/tools/avr-gcc/7.3.0-atmel3.6.1-arduino5/bin/../lib/gcc/avr/7.3.0/../../../../avr/lib/avrxmega3\libc.a(abort.o)
                0x000069d4                abort
 .text.avr-libc
                0x000069de       0x16 c:/users/stefa/appdata/local/arduino15/packages/arduino/tools/avr-gcc/7.3.0-atmel3.6.1-arduino5/bin/../lib/gcc/avr/7.3.0/../../../../avr/lib/avrxmega3\libc.a(isalpha.o)
                0x000069de                isupper
                0x000069e4                isalpha
                0x000069e6                islower
 .text.avr-libc
                0x000069f4       0x10 c:/users/stefa/appdata/local/arduino15/packages/arduino/tools/avr-gcc/7.3.0-atmel3.6.1-arduino5/bin/../lib/gcc/avr/7.3.0/../../../../avr/lib/avrxmega3\libc.a(tolower.o)
                0x000069f4                tolower
 .text.avr-libc
                0x00006a04       0x1a c:/users/stefa/appdata/local/arduino15/packages/arduino/tools/avr-gcc/7.3.0-atmel3.6.1-arduino5/bin/../lib/gcc/avr/7.3.0/../../../../avr/lib/avrxmega3\libc.a(memcmp.o)
                0x00006a04                memcmp
 .text.avr-libc
                0x00006a1e       0x12 c:/users/stefa/appdata/local/arduino15/packages/arduino/tools/avr-gcc/7.3.0-atmel3.6.1-arduino5/bin/../lib/gcc/avr/7.3.0/../../../../avr/lib/avrxmega3\libc.a(memcpy.o)
                0x00006a1e                memcpy
 .text.avr-libc
                0x00006a30      0x3b4 c:/users/stefa/appdata/local/arduino15/packages/arduino/tools/avr-gcc/7.3.0-atmel3.6.1-arduino5/bin/../lib/gcc/avr/7.3.0/../../../../avr/lib/avrxmega3\libc.a(vfprintf_std.o)
                0x00006a30                vfprintf
 .text.avr-libc
                0x00006de4       0x16 c:/users/stefa/appdata/local/arduino15/packages/arduino/tools/avr-gcc/7.3.0-atmel3.6.1-arduino5/bin/../lib/gcc/avr/7.3.0/../../../../avr/lib/avrxmega3\libc.a(strnlen_P.o)
                0x00006de4                strnlen_P
 .text.avr-libc
                0x00006dfa       0x16 c:/users/stefa/appdata/local/arduino15/packages/arduino/tools/avr-gcc/7.3.0-atmel3.6.1-arduino5/bin/../lib/gcc/avr/7.3.0/../../../../avr/lib/avrxmega3\libc.a(strnlen.o)
                0x00006dfa                strnlen
 .text.avr-libc
                0x00006e10       0x60 c:/users/stefa/appdata/local/arduino15/packages/arduino/tools/avr-gcc/7.3.0-atmel3.6.1-arduino5/bin/../lib/gcc/avr/7.3.0/../../../../avr/lib/avrxmega3\libc.a(fputc.o)
                0x00006e10                fputc
 .text.avr-libc
                0x00006e70       0xbc c:/users/stefa/appdata/local/arduino15/packages/arduino/tools/avr-gcc/7.3.0-atmel3.6.1-arduino5/bin/../lib/gcc/avr/7.3.0/../../../../avr/lib/avrxmega3\libc.a(ultoa_invert.o)
                0x00006e70                __ultoa_invert
                0x00006f2c                . = ALIGN (0x2)
 *(.fini9)
 .fini9         0x00006f2c        0x0 c:/users/stefa/appdata/local/arduino15/packages/arduino/tools/avr-gcc/7.3.0-atmel3.6.1-arduino5/bin/../lib/gcc/avr/7.3.0/avrxmega3\libgcc.a(_exit.o)
                0x00006f2c                _exit
                0x00006f2c                exit
 *(.fini9)
 *(.fini8)
 *(.fini8)
 *(.fini7)
 *(.fini7)
 *(.fini6)
 .fini6         0x00006f2c       0x16 c:/users/stefa/appdata/local/arduino15/packages/arduino/tools/avr-gcc/7.3.0-atmel3.6.1-arduino5/bin/../lib/gcc/avr/7.3.0/avrxmega3\libgcc.a(_dtors.o)
                0x00006f2c                __do_global_dtors
 *(.fini6)
 *(.fini5)
 *(.fini5)
 *(.fini4)
 *(.fini4)
 *(.fini3)
 *(.fini3)
 *(.fini2)
 *(.fini2)
 *(.fini1)
 *(.fini1)
 *(.fini0)
 .fini0         0x00006f42        0x4 c:/users/stefa/appdata/local/arduino15/packages/arduino/tools/avr-gcc/7.3.0-atmel3.6.1-arduino5/bin/../lib/gcc/avr/7.3.0/avrxmega3\libgcc.a(_exit.o)
 *(.fini0)
                0x00006f46                _etext = .

.rodata         0x0000af46      0x85a load address 0x00006f46
 *(.rodata)
 .rodata        0x0000af46      0x1be C:\Users\stefa\AppData\Local\Temp\ccoRyE8f.ltrans0.ltrans.o
 *(.rodata*)
 .rodata.str1.1
                0x0000b104      0x69c C:\Users\stefa\AppData\Local\Temp\ccoRyE8f.ltrans0.ltrans.o
                                0x6a7 (size before relaxing)
 *(.gnu.linkonce.r*)

.data           0x00802800       0x14 load address 0x000077a0
                0x00802800                PROVIDE (__data_start, .)
 *(.data)
 .data          0x00802800        0xd C:\Users\stefa\AppData\Local\Temp\ccoRyE8f.ltrans0.ltrans.o
 .data          0x0080280d        0x6 c:/users/stefa/appdata/local/arduino15/packages/arduino/tools/avr-gcc/7.3.0-atmel3.6.1-arduino5/bin/../lib/gcc/avr/7.3.0/../../../../avr/lib/avrxmega3\libc.a(malloc.o)
                0x0080280d                __malloc_heap_end
                0x0080280f                __malloc_heap_start
                0x00802811                __malloc_margin
 *(.data*)
 *(.gnu.linkonce.d*)
                0x00802814                . = ALIGN (0x2)
 *fill*         0x00802813        0x1 
                0x00802814                _edata = .
                0x00802814                PROVIDE (__data_end, .)

.bss            0x00802814      0x2e4
                0x00802814                PROVIDE (__bss_start, .)
 *(.bss)
 .bss           0x00802814      0x2d8 C:\Users\stefa\AppData\Local\Temp\ccoRyE8f.ltrans0.ltrans.o
 *(.bss*)
 *(COMMON)
 COMMON         0x00802aec        0x2 c:/users/stefa/appdata/local/arduino15/packages/arduino/tools/avr-gcc/7.3.0-atmel3.6.1-arduino5/bin/../lib/gcc/avr/7.3.0/../../../../avr/lib/avrxmega3\libc.a(errno.o)
                0x00802aec                errno
 COMMON         0x00802aee        0x6 c:/users/stefa/appdata/local/arduino15/packages/arduino/tools/avr-gcc/7.3.0-atmel3.6.1-arduino5/bin/../lib/gcc/avr/7.3.0/../../../../avr/lib/avrxmega3\libc.a(iob.o)
                0x00802aee                __iob
 COMMON         0x00802af4        0x4 c:/users/stefa/appdata/local/arduino15/packages/arduino/tools/avr-gcc/7.3.0-atmel3.6.1-arduino5/bin/../lib/gcc/avr/7.3.0/../../../../avr/lib/avrxmega3\libc.a(malloc.o)
                0x00802af4                __brkval
                0x00802af6                __flp
                0x00802af8                PROVIDE (__bss_end, .)
                0x000077a0                __data_load_start = LOADADDR (.data)
                0x000077b4                __data_load_end = (__data_load_start + SIZEOF (.data))

.noinit         0x00802af8        0x0
                [!provide]                PROVIDE (__noinit_start, .)
 *(.noinit*)
                [!provide]                PROVIDE (__noinit_end, .)
                0x00802af8                _end = .
                0x00802af8                PROVIDE (__heap_start, .)

.eeprom         0x00810000        0x0
 *(.eeprom*)
                0x00810000                __eeprom_end = .

.fuse
 *(.fuse)
 *(.lfuse)
 *(.hfuse)
 *(.efuse)

.lock
 *(.lock*)

.signature
 *(.signature*)

.user_signatures
 *(.user_signatures*)

.stab
 *(.stab)

.stabstr
 *(.stabstr)

.stab.excl
 *(.stab.excl)

.stab.exclstr
 *(.stab.exclstr)

.stab.index
 *(.stab.index)

.stab.indexstr
 *(.stab.indexstr)

.comment        0x00000000       0x11
 *(.comment)
 .comment       0x00000000       0x12 C:\Users\stefa\AppData\Local\Temp\ccoRyE8f.ltrans0.ltrans.o
 .comment       0x00000000       0x11 c:/users/stefa/appdata/local/arduino15/packages/arduino/tools/avr-gcc/7.3.0-atmel3.6.1-arduino5/bin/../lib/gcc/avr/7.3.0/../../../../avr/lib/avrxmega3\libc.a(errno.o)
                                 0x12 (size before relaxing)
 .comment       0x00000011       0x12 c:/users/stefa/appdata/local/arduino15/packages/arduino/tools/avr-gcc/7.3.0-atmel3.6.1-arduino5/bin/../lib/gcc/avr/7.3.0/../../../../avr/lib/avrxmega3\libc.a(iob.o)
 .comment       0x00000011       0x12 c:/users/stefa/appdata/local/arduino15/packages/arduino/tools/avr-gcc/7.3.0-atmel3.6.1-arduino5/bin/../lib/gcc/avr/7.3.0/../../../../avr/lib/avrxmega3\libc.a(malloc.o)
 .comment       0x00000011       0x12 c:/users/stefa/appdata/local/arduino15/packages/arduino/tools/avr-gcc/7.3.0-atmel3.6.1-arduino5/bin/../lib/gcc/avr/7.3.0/../../../../avr/lib/avrxmega3\libc.a(vfprintf_std.o)
 .comment       0x00000011       0x12 c:/users/stefa/appdata/local/arduino15/packages/arduino/tools/avr-gcc/7.3.0-atmel3.6.1-arduino5/bin/../lib/gcc/avr/7.3.0/../../../../avr/lib/avrxmega3\libc.a(fputc.o)

.note.gnu.avr.deviceinfo
                0x00000000       0x40
 .note.gnu.avr.deviceinfo
                0x00000000       0x40 c:/users/stefa/appdata/local/arduino15/packages/arduino/tools/avr-gcc/7.3.0-atmel3.6.1-arduino5/bin/../lib/gcc/avr/7.3.0/../../../../avr/lib/avrxmega3/crtatmega4809.o

.note.gnu.build-id
 *(.note.gnu.build-id)

.debug
 *(.debug)

.line
 *(.line)

.debug_srcinfo
 *(.debug_srcinfo)

.debug_sfnames
 *(.debug_sfnames)

.debug_aranges  0x00000000      0x268
 *(.debug_aranges)
 .debug_aranges
                0x00000000       0x28 C:\Users\stefa\AppData\Local\Temp\ccoRyE8f.ltrans0.ltrans.o
 .debug_aranges
                0x00000028       0x20 c:/users/stefa/appdata/local/arduino15/packages/arduino/tools/avr-gcc/7.3.0-atmel3.6.1-arduino5/bin/../lib/gcc/avr/7.3.0/avrxmega3\libgcc.a(_exit.o)
 .debug_aranges
                0x00000048       0x20 c:/users/stefa/appdata/local/arduino15/packages/arduino/tools/avr-gcc/7.3.0-atmel3.6.1-arduino5/bin/../lib/gcc/avr/7.3.0/avrxmega3\libgcc.a(_divmodsi4.o)
 .debug_aranges
                0x00000068       0x20 c:/users/stefa/appdata/local/arduino15/packages/arduino/tools/avr-gcc/7.3.0-atmel3.6.1-arduino5/bin/../lib/gcc/avr/7.3.0/avrxmega3\libgcc.a(_negsi2.o)
 .debug_aranges
                0x00000088       0x20 c:/users/stefa/appdata/local/arduino15/packages/arduino/tools/avr-gcc/7.3.0-atmel3.6.1-arduino5/bin/../lib/gcc/avr/7.3.0/avrxmega3\libgcc.a(_copy_data.o)
 .debug_aranges
                0x000000a8       0x20 c:/users/stefa/appdata/local/arduino15/packages/arduino/tools/avr-gcc/7.3.0-atmel3.6.1-arduino5/bin/../lib/gcc/avr/7.3.0/avrxmega3\libgcc.a(_clear_bss.o)
 .debug_aranges
                0x000000c8       0x20 c:/users/stefa/appdata/local/arduino15/packages/arduino/tools/avr-gcc/7.3.0-atmel3.6.1-arduino5/bin/../lib/gcc/avr/7.3.0/avrxmega3\libgcc.a(_muluhisi3.o)
 .debug_aranges
                0x000000e8       0x20 c:/users/stefa/appdata/local/arduino15/packages/arduino/tools/avr-gcc/7.3.0-atmel3.6.1-arduino5/bin/../lib/gcc/avr/7.3.0/avrxmega3\libgcc.a(_mulshisi3.o)
 .debug_aranges
                0x00000108       0x20 c:/users/stefa/appdata/local/arduino15/packages/arduino/tools/avr-gcc/7.3.0-atmel3.6.1-arduino5/bin/../lib/gcc/avr/7.3.0/avrxmega3\libgcc.a(_prologue.o)
 .debug_aranges
                0x00000128       0x20 c:/users/stefa/appdata/local/arduino15/packages/arduino/tools/avr-gcc/7.3.0-atmel3.6.1-arduino5/bin/../lib/gcc/avr/7.3.0/avrxmega3\libgcc.a(_epilogue.o)
 .debug_aranges
                0x00000148       0x20 c:/users/stefa/appdata/local/arduino15/packages/arduino/tools/avr-gcc/7.3.0-atmel3.6.1-arduino5/bin/../lib/gcc/avr/7.3.0/avrxmega3\libgcc.a(_udivmodsi4.o)
 .debug_aranges
                0x00000168       0x20 c:/users/stefa/appdata/local/arduino15/packages/arduino/tools/avr-gcc/7.3.0-atmel3.6.1-arduino5/bin/../lib/gcc/avr/7.3.0/avrxmega3\libgcc.a(_umulhisi3.o)
 .debug_aranges
                0x00000188       0x20 c:/users/stefa/appdata/local/arduino15/packages/arduino/tools/avr-gcc/7.3.0-atmel3.6.1-arduino5/bin/../lib/gcc/avr/7.3.0/avrxmega3\libgcc.a(_udivmodhi4.o)
 .debug_aranges
                0x000001a8       0x20 c:/users/stefa/appdata/local/arduino15/packages/arduino/tools/avr-gcc/7.3.0-atmel3.6.1-arduino5/bin/../lib/gcc/avr/7.3.0/avrxmega3\libgcc.a(_divmodhi4.o)
 .debug_aranges
                0x000001c8       0x20 c:/users/stefa/appdata/local/arduino15/packages/arduino/tools/avr-gcc/7.3.0-atmel3.6.1-arduino5/bin/../lib/gcc/avr/7.3.0/avrxmega3\libgcc.a(_tablejump2.o)
 .debug_aranges
                0x000001e8       0x20 c:/users/stefa/appdata/local/arduino15/packages/arduino/tools/avr-gcc/7.3.0-atmel3.6.1-arduino5/bin/../lib/gcc/avr/7.3.0/avrxmega3\libgcc.a(_ctors.o)
 .debug_aranges
                0x00000208       0x20 c:/users/stefa/appdata/local/arduino15/packages/arduino/tools/avr-gcc/7.3.0-atmel3.6.1-arduino5/bin/../lib/gcc/avr/7.3.0/avrxmega3\libgcc.a(_dtors.o)
 .debug_aranges
                0x00000228       0x20 c:/users/stefa/appdata/local/arduino15/packages/arduino/tools/avr-gcc/7.3.0-atmel3.6.1-arduino5/bin/../lib/gcc/avr/7.3.0/avrxmega3\libgcc.a(_ashrdi3.o)
 .debug_aranges
                0x00000248       0x20 c:/users/stefa/appdata/local/arduino15/packages/arduino/tools/avr-gcc/7.3.0-atmel3.6.1-arduino5/bin/../lib/gcc/avr/7.3.0/avrxmega3\libgcc.a(_cmpdi2_s8.o)

.debug_pubnames
 *(.debug_pubnames)

.debug_info     0x00000000    0x150fa
 *(.debug_info .gnu.linkonce.wi.*)
 .debug_info    0x00000000     0x249d c:/users/stefa/appdata/local/arduino15/packages/arduino/tools/avr-gcc/7.3.0-atmel3.6.1-arduino5/bin/../lib/gcc/avr/7.3.0/../../../../avr/lib/avrxmega3/crtatmega4809.o
 .debug_info    0x0000249d    0x11edd C:\Users\stefa\AppData\Local\Temp\ccoRyE8f.ltrans0.ltrans.o
 .debug_info    0x0001437a       0xc0 c:/users/stefa/appdata/local/arduino15/packages/arduino/tools/avr-gcc/7.3.0-atmel3.6.1-arduino5/bin/../lib/gcc/avr/7.3.0/avrxmega3\libgcc.a(_exit.o)
 .debug_info    0x0001443a       0xc0 c:/users/stefa/appdata/local/arduino15/packages/arduino/tools/avr-gcc/7.3.0-atmel3.6.1-arduino5/bin/../lib/gcc/avr/7.3.0/avrxmega3\libgcc.a(_divmodsi4.o)
 .debug_info    0x000144fa       0xc0 c:/users/stefa/appdata/local/arduino15/packages/arduino/tools/avr-gcc/7.3.0-atmel3.6.1-arduino5/bin/../lib/gcc/avr/7.3.0/avrxmega3\libgcc.a(_negsi2.o)
 .debug_info    0x000145ba       0xc0 c:/users/stefa/appdata/local/arduino15/packages/arduino/tools/avr-gcc/7.3.0-atmel3.6.1-arduino5/bin/../lib/gcc/avr/7.3.0/avrxmega3\libgcc.a(_copy_data.o)
 .debug_info    0x0001467a       0xc0 c:/users/stefa/appdata/local/arduino15/packages/arduino/tools/avr-gcc/7.3.0-atmel3.6.1-arduino5/bin/../lib/gcc/avr/7.3.0/avrxmega3\libgcc.a(_clear_bss.o)
 .debug_info    0x0001473a       0xc0 c:/users/stefa/appdata/local/arduino15/packages/arduino/tools/avr-gcc/7.3.0-atmel3.6.1-arduino5/bin/../lib/gcc/avr/7.3.0/avrxmega3\libgcc.a(_muluhisi3.o)
 .debug_info    0x000147fa       0xc0 c:/users/stefa/appdata/local/arduino15/packages/arduino/tools/avr-gcc/7.3.0-atmel3.6.1-arduino5/bin/../lib/gcc/avr/7.3.0/avrxmega3\libgcc.a(_mulshisi3.o)
 .debug_info    0x000148ba       0xc0 c:/users/stefa/appdata/local/arduino15/packages/arduino/tools/avr-gcc/7.3.0-atmel3.6.1-arduino5/bin/../lib/gcc/avr/7.3.0/avrxmega3\libgcc.a(_prologue.o)
 .debug_info    0x0001497a       0xc0 c:/users/stefa/appdata/local/arduino15/packages/arduino/tools/avr-gcc/7.3.0-atmel3.6.1-arduino5/bin/../lib/gcc/avr/7.3.0/avrxmega3\libgcc.a(_epilogue.o)
 .debug_info    0x00014a3a       0xc0 c:/users/stefa/appdata/local/arduino15/packages/arduino/tools/avr-gcc/7.3.0-atmel3.6.1-arduino5/bin/../lib/gcc/avr/7.3.0/avrxmega3\libgcc.a(_udivmodsi4.o)
 .debug_info    0x00014afa       0xc0 c:/users/stefa/appdata/local/arduino15/packages/arduino/tools/avr-gcc/7.3.0-atmel3.6.1-arduino5/bin/../lib/gcc/avr/7.3.0/avrxmega3\libgcc.a(_umulhisi3.o)
 .debug_info    0x00014bba       0xc0 c:/users/stefa/appdata/local/arduino15/packages/arduino/tools/avr-gcc/7.3.0-atmel3.6.1-arduino5/bin/../lib/gcc/avr/7.3.0/avrxmega3\libgcc.a(_udivmodhi4.o)
 .debug_info    0x00014c7a       0xc0 c:/users/stefa/appdata/local/arduino15/packages/arduino/tools/avr-gcc/7.3.0-atmel3.6.1-arduino5/bin/../lib/gcc/avr/7.3.0/avrxmega3\libgcc.a(_divmodhi4.o)
 .debug_info    0x00014d3a       0xc0 c:/users/stefa/appdata/local/arduino15/packages/arduino/tools/avr-gcc/7.3.0-atmel3.6.1-arduino5/bin/../lib/gcc/avr/7.3.0/avrxmega3\libgcc.a(_tablejump2.o)
 .debug_info    0x00014dfa       0xc0 c:/users/stefa/appdata/local/arduino15/packages/arduino/tools/avr-gcc/7.3.0-atmel3.6.1-arduino5/bin/../lib/gcc/avr/7.3.0/avrxmega3\libgcc.a(_ctors.o)
 .debug_info    0x00014eba       0xc0 c:/users/stefa/appdata/local/arduino15/packages/arduino/tools/avr-gcc/7.3.0-atmel3.6.1-arduino5/bin/../lib/gcc/avr/7.3.0/avrxmega3\libgcc.a(_dtors.o)
 .debug_info    0x00014f7a       0xc0 c:/users/stefa/appdata/local/arduino15/packages/arduino/tools/avr-gcc/7.3.0-atmel3.6.1-arduino5/bin/../lib/gcc/avr/7.3.0/avrxmega3\libgcc.a(_ashrdi3.o)
 .debug_info    0x0001503a       0xc0 c:/users/stefa/appdata/local/arduino15/packages/arduino/tools/avr-gcc/7.3.0-atmel3.6.1-arduino5/bin/../lib/gcc/avr/7.3.0/avrxmega3\libgcc.a(_cmpdi2_s8.o)

.debug_abbrev   0x00000000     0x31d1
 *(.debug_abbrev)
 .debug_abbrev  0x00000000     0x22a8 c:/users/stefa/appdata/local/arduino15/packages/arduino/tools/avr-gcc/7.3.0-atmel3.6.1-arduino5/bin/../lib/gcc/avr/7.3.0/../../../../avr/lib/avrxmega3/crtatmega4809.o
 .debug_abbrev  0x000022a8      0xdc1 C:\Users\stefa\AppData\Local\Temp\ccoRyE8f.ltrans0.ltrans.o
 .debug_abbrev  0x00003069       0x14 c:/users/stefa/appdata/local/arduino15/packages/arduino/tools/avr-gcc/7.3.0-atmel3.6.1-arduino5/bin/../lib/gcc/avr/7.3.0/avrxmega3\libgcc.a(_exit.o)
 .debug_abbrev  0x0000307d       0x14 c:/users/stefa/appdata/local/arduino15/packages/arduino/tools/avr-gcc/7.3.0-atmel3.6.1-arduino5/bin/../lib/gcc/avr/7.3.0/avrxmega3\libgcc.a(_divmodsi4.o)
 .debug_abbrev  0x00003091       0x14 c:/users/stefa/appdata/local/arduino15/packages/arduino/tools/avr-gcc/7.3.0-atmel3.6.1-arduino5/bin/../lib/gcc/avr/7.3.0/avrxmega3\libgcc.a(_negsi2.o)
 .debug_abbrev  0x000030a5       0x14 c:/users/stefa/appdata/local/arduino15/packages/arduino/tools/avr-gcc/7.3.0-atmel3.6.1-arduino5/bin/../lib/gcc/avr/7.3.0/avrxmega3\libgcc.a(_copy_data.o)
 .debug_abbrev  0x000030b9       0x14 c:/users/stefa/appdata/local/arduino15/packages/arduino/tools/avr-gcc/7.3.0-atmel3.6.1-arduino5/bin/../lib/gcc/avr/7.3.0/avrxmega3\libgcc.a(_clear_bss.o)
 .debug_abbrev  0x000030cd       0x14 c:/users/stefa/appdata/local/arduino15/packages/arduino/tools/avr-gcc/7.3.0-atmel3.6.1-arduino5/bin/../lib/gcc/avr/7.3.0/avrxmega3\libgcc.a(_muluhisi3.o)
 .debug_abbrev  0x000030e1       0x14 c:/users/stefa/appdata/local/arduino15/packages/arduino/tools/avr-gcc/7.3.0-atmel3.6.1-arduino5/bin/../lib/gcc/avr/7.3.0/avrxmega3\libgcc.a(_mulshisi3.o)
 .debug_abbrev  0x000030f5       0x14 c:/users/stefa/appdata/local/arduino15/packages/arduino/tools/avr-gcc/7.3.0-atmel3.6.1-arduino5/bin/../lib/gcc/avr/7.3.0/avrxmega3\libgcc.a(_prologue.o)
 .debug_abbrev  0x00003109       0x14 c:/users/stefa/appdata/local/arduino15/packages/arduino/tools/avr-gcc/7.3.0-atmel3.6.1-arduino5/bin/../lib/gcc/avr/7.3.0/avrxmega3\libgcc.a(_epilogue.o)
 .debug_abbrev  0x0000311d       0x14 c:/users/stefa/appdata/local/arduino15/packages/arduino/tools/avr-gcc/7.3.0-atmel3.6.1-arduino5/bin/../lib/gcc/avr/7.3.0/avrxmega3\libgcc.a(_udivmodsi4.o)
 .debug_abbrev  0x00003131       0x14 c:/users/stefa/appdata/local/arduino15/packages/arduino/tools/avr-gcc/7.3.0-atmel3.6.1-arduino5/bin/../lib/gcc/avr/7.3.0/avrxmega3\libgcc.a(_umulhisi3.o)
 .debug_abbrev  0x00003145       0x14 c:/users/stefa/appdata/local/arduino15/packages/arduino/tools/avr-gcc/7.3.0-atmel3.6.1-arduino5/bin/../lib/gcc/avr/7.3.0/avrxmega3\libgcc.a(_udivmodhi4.o)
 .debug_abbrev  0x00003159       0x14 c:/users/stefa/appdata/local/arduino15/packages/arduino/tools/avr-gcc/7.3.0-atmel3.6.1-arduino5/bin/../lib/gcc/avr/7.3.0/avrxmega3\libgcc.a(_divmodhi4.o)
 .debug_abbrev  0x0000316d       0x14 c:/users/stefa/appdata/local/arduino15/packages/arduino/tools/avr-gcc/7.3.0-atmel3.6.1-arduino5/bin/../lib/gcc/avr/7.3.0/avrxmega3\libgcc.a(_tablejump2.o)
 .debug_abbrev  0x00003181       0x14 c:/users/stefa/appdata/local/arduino15/packages/arduino/tools/avr-gcc/7.3.0-atmel3.6.1-arduino5/bin/../lib/gcc/avr/7.3.0/avrxmega3\libgcc.a(_ctors.o)
 .debug_abbrev  0x00003195       0x14 c:/users/stefa/appdata/local/arduino15/packages/arduino/tools/avr-gcc/7.3.0-atmel3.6.1-arduino5/bin/../lib/gcc/avr/7.3.0/avrxmega3\libgcc.a(_dtors.o)
 .debug_abbrev  0x000031a9       0x14 c:/users/stefa/appdata/local/arduino15/packages/arduino/tools/avr-gcc/7.3.0-atmel3.6.1-arduino5/bin/../lib/gcc/avr/7.3.0/avrxmega3\libgcc.a(_ashrdi3.o)
 .debug_abbrev  0x000031bd       0x14 c:/users/stefa/appdata/local/arduino15/packages/arduino/tools/avr-gcc/7.3.0-atmel3.6.1-arduino5/bin/../lib/gcc/avr/7.3.0/avrxmega3\libgcc.a(_cmpdi2_s8.o)

.debug_line     0x00000000     0x4c33
 *(.debug_line .debug_line.* .debug_line_end)
 .debug_line    0x00000000      0x187 c:/users/stefa/appdata/local/arduino15/packages/arduino/tools/avr-gcc/7.3.0-atmel3.6.1-arduino5/bin/../lib/gcc/avr/7.3.0/../../../../avr/lib/avrxmega3/crtatmega4809.o
 .debug_line    0x00000187     0x3e9a C:\Users\stefa\AppData\Local\Temp\ccoRyE8f.ltrans0.ltrans.o
 .debug_line    0x00004021       0x62 c:/users/stefa/appdata/local/arduino15/packages/arduino/tools/avr-gcc/7.3.0-atmel3.6.1-arduino5/bin/../lib/gcc/avr/7.3.0/avrxmega3\libgcc.a(_exit.o)
 .debug_line    0x00004083       0xce c:/users/stefa/appdata/local/arduino15/packages/arduino/tools/avr-gcc/7.3.0-atmel3.6.1-arduino5/bin/../lib/gcc/avr/7.3.0/avrxmega3\libgcc.a(_divmodsi4.o)
 .debug_line    0x00004151       0x62 c:/users/stefa/appdata/local/arduino15/packages/arduino/tools/avr-gcc/7.3.0-atmel3.6.1-arduino5/bin/../lib/gcc/avr/7.3.0/avrxmega3\libgcc.a(_negsi2.o)
 .debug_line    0x000041b3       0x98 c:/users/stefa/appdata/local/arduino15/packages/arduino/tools/avr-gcc/7.3.0-atmel3.6.1-arduino5/bin/../lib/gcc/avr/7.3.0/avrxmega3\libgcc.a(_copy_data.o)
 .debug_line    0x0000424b       0x86 c:/users/stefa/appdata/local/arduino15/packages/arduino/tools/avr-gcc/7.3.0-atmel3.6.1-arduino5/bin/../lib/gcc/avr/7.3.0/avrxmega3\libgcc.a(_clear_bss.o)
 .debug_line    0x000042d1       0x92 c:/users/stefa/appdata/local/arduino15/packages/arduino/tools/avr-gcc/7.3.0-atmel3.6.1-arduino5/bin/../lib/gcc/avr/7.3.0/avrxmega3\libgcc.a(_muluhisi3.o)
 .debug_line    0x00004363       0x7a c:/users/stefa/appdata/local/arduino15/packages/arduino/tools/avr-gcc/7.3.0-atmel3.6.1-arduino5/bin/../lib/gcc/avr/7.3.0/avrxmega3\libgcc.a(_mulshisi3.o)
 .debug_line    0x000043dd       0xec c:/users/stefa/appdata/local/arduino15/packages/arduino/tools/avr-gcc/7.3.0-atmel3.6.1-arduino5/bin/../lib/gcc/avr/7.3.0/avrxmega3\libgcc.a(_prologue.o)
 .debug_line    0x000044c9       0xe6 c:/users/stefa/appdata/local/arduino15/packages/arduino/tools/avr-gcc/7.3.0-atmel3.6.1-arduino5/bin/../lib/gcc/avr/7.3.0/avrxmega3\libgcc.a(_epilogue.o)
 .debug_line    0x000045af      0x122 c:/users/stefa/appdata/local/arduino15/packages/arduino/tools/avr-gcc/7.3.0-atmel3.6.1-arduino5/bin/../lib/gcc/avr/7.3.0/avrxmega3\libgcc.a(_udivmodsi4.o)
 .debug_line    0x000046d1       0xb0 c:/users/stefa/appdata/local/arduino15/packages/arduino/tools/avr-gcc/7.3.0-atmel3.6.1-arduino5/bin/../lib/gcc/avr/7.3.0/avrxmega3\libgcc.a(_umulhisi3.o)
 .debug_line    0x00004781       0xce c:/users/stefa/appdata/local/arduino15/packages/arduino/tools/avr-gcc/7.3.0-atmel3.6.1-arduino5/bin/../lib/gcc/avr/7.3.0/avrxmega3\libgcc.a(_udivmodhi4.o)
 .debug_line    0x0000484f       0xc8 c:/users/stefa/appdata/local/arduino15/packages/arduino/tools/avr-gcc/7.3.0-atmel3.6.1-arduino5/bin/../lib/gcc/avr/7.3.0/avrxmega3\libgcc.a(_divmodhi4.o)
 .debug_line    0x00004917       0x7a c:/users/stefa/appdata/local/arduino15/packages/arduino/tools/avr-gcc/7.3.0-atmel3.6.1-arduino5/bin/../lib/gcc/avr/7.3.0/avrxmega3\libgcc.a(_tablejump2.o)
 .debug_line    0x00004991       0x92 c:/users/stefa/appdata/local/arduino15/packages/arduino/tools/avr-gcc/7.3.0-atmel3.6.1-arduino5/bin/../lib/gcc/avr/7.3.0/avrxmega3\libgcc.a(_ctors.o)
 .debug_line    0x00004a23       0x92 c:/users/stefa/appdata/local/arduino15/packages/arduino/tools/avr-gcc/7.3.0-atmel3.6.1-arduino5/bin/../lib/gcc/avr/7.3.0/avrxmega3\libgcc.a(_dtors.o)
 .debug_line    0x00004ab5      0x104 c:/users/stefa/appdata/local/arduino15/packages/arduino/tools/avr-gcc/7.3.0-atmel3.6.1-arduino5/bin/../lib/gcc/avr/7.3.0/avrxmega3\libgcc.a(_ashrdi3.o)
 .debug_line    0x00004bb9       0x7a c:/users/stefa/appdata/local/arduino15/packages/arduino/tools/avr-gcc/7.3.0-atmel3.6.1-arduino5/bin/../lib/gcc/avr/7.3.0/avrxmega3\libgcc.a(_cmpdi2_s8.o)

.debug_frame    0x00000000     0x19c4
 *(.debug_frame)
 .debug_frame   0x00000000     0x19c4 C:\Users\stefa\AppData\Local\Temp\ccoRyE8f.ltrans0.ltrans.o

.debug_str      0x00000000     0x3f70
 *(.debug_str)
 .debug_str     0x00000000      0xf8b c:/users/stefa/appdata/local/arduino15/packages/arduino/tools/avr-gcc/7.3.0-atmel3.6.1-arduino5/bin/../lib/gcc/avr/7.3.0/../../../../avr/lib/avrxmega3/crtatmega4809.o
 .debug_str     0x00000f8b     0x2fe5 C:\Users\stefa\AppData\Local\Temp\ccoRyE8f.ltrans0.ltrans.o
                               0x3423 (size before relaxing)

.debug_loc      0x00000000     0xc488
 *(.debug_loc)
 .debug_loc     0x00000000     0xc488 C:\Users\stefa\AppData\Local\Temp\ccoRyE8f.ltrans0.ltrans.o

.debug_macinfo
 *(.debug_macinfo)

.debug_weaknames
 *(.debug_weaknames)

.debug_funcnames
 *(.debug_funcnames)

.debug_typenames
 *(.debug_typenames)

.debug_varnames
 *(.debug_varnames)

.debug_pubtypes
 *(.debug_pubtypes)

.debug_ranges   0x00000000      0xfa8
 *(.debug_ranges)
 .debug_ranges  0x00000000      0xfa8 C:\Users\stefa\AppData\Local\Temp\ccoRyE8f.ltrans0.ltrans.o

.debug_macro
 *(.debug_macro)
OUTPUT(c:\Users\stefa\Documents\Arduino\ArduinoModbusThesis\ArduinoOutput/SMD1204_Modbus_HX711.ino.elf elf32-avr)
LOAD linker stubs
